{"cycle": 0, "pivot": "bearing_base_header_base_post_outer_right_12", "violations": 21, "max_violation_mm": 0.006371959, "equilibrium": true, "member_eq": true}
{"cycle": 1, "pivot": "bearing_base_header_base_post_center_left_22", "violations": 19, "max_violation_mm": 0.005714608, "equilibrium": true, "member_eq": true}
{"cycle": 2, "pivot": "floor_base_post_outer_right_1", "violations": 17, "max_violation_mm": 0.0033499000000000168, "equilibrium": true, "member_eq": true}
{"cycle": 3, "pivot": "seating_304", "violations": 13, "max_violation_mm": 0.0011941999999999786, "equilibrium": true, "member_eq": true}
{"cycle": 4, "pivot": "seating_322", "violations": 12, "max_violation_mm": 0.001141333, "equilibrium": true, "member_eq": true}
{"cycle": 5, "pivot": "seating_488", "violations": 10, "max_violation_mm": 0.0007327619, "equilibrium": true, "member_eq": true}
{"cycle": 6, "pivot": "floor_base_post_outer_right_3", "violations": 11, "max_violation_mm": 0.000712196, "equilibrium": true, "member_eq": true}
{"cycle": 7, "pivot": "seating_490", "violations": 9, "max_violation_mm": 0.00020032000000000036, "equilibrium": true, "member_eq": true}
{"cycle": 8, "pivot": "seating_491", "violations": 10, "max_violation_mm": 0.00011200000000011201, "equilibrium": true, "member_eq": true}
{"cycle": 9, "pivot": "seating_233", "violations": 9, "max_violation_mm": 9.144000000000166e-05, "equilibrium": true, "member_eq": true}
{"cycle": 10, "pivot": "seating_485", "violations": 8, "max_violation_mm": 0.00012796999999999982, "equilibrium": true, "member_eq": true}
{"cycle": 11, "pivot": "seating_486", "violations": 8, "max_violation_mm": 0.00016524599999999975, "equilibrium": true, "member_eq": true}
{"cycle": 12, "pivot": "seating_487", "violations": 7, "max_violation_mm": 9.017000000000053e-05, "equilibrium": true, "member_eq": true}
{"cycle": 13, "pivot": "seating_489", "violations": 8, "max_violation_mm": 0.00020474000000000186, "equilibrium": true, "member_eq": true}
{"cycle": 14, "pivot": "seating_495", "violations": 7, "max_violation_mm": 0.00016896000000000098, "equilibrium": true, "member_eq": true}
{"cycle": 15, "pivot": "seating_492", "violations": 5, "max_violation_mm": 4.496293e-05, "equilibrium": true, "member_eq": true}
{"cycle": 16, "pivot": "floor_base_post_outer_right_1", "violations": 18, "max_violation_mm": 0.02351268, "equilibrium": true, "member_eq": true}
{"cycle": 17, "pivot": "floor_base_post_outer_right_3", "violations": 6, "max_violation_mm": 0.005762317, "equilibrium": true, "member_eq": true}
{"cycle": 18, "pivot": "floor_base_post_outer_right_1", "violations": 4, "max_violation_mm": 0.0007400888, "equilibrium": true, "member_eq": true}
{"cycle": 19, "pivot": "seating_490", "violations": 4, "max_violation_mm": 0.0007399724, "equilibrium": true, "member_eq": true}
{"cycle": 20, "pivot": "floor_base_post_outer_right_3", "violations": 4, "max_violation_mm": 4.493936e-05, "equilibrium": true, "member_eq": true}
{"cycle": 21, "pivot": "floor_base_post_outer_right_1", "violations": 15, "max_violation_mm": 0.02354718, "equilibrium": true, "member_eq": true}
{"cycle": 22, "pivot": "floor_base_post_outer_right_3", "violations": 5, "max_violation_mm": 0.005761562, "equilibrium": true, "member_eq": true}
{"cycle": 23, "pivot": "seating_497", "violations": 4, "max_violation_mm": 0.005769788, "equilibrium": true, "member_eq": true}
{"cycle": 24, "pivot": "floor_base_post_outer_right_1", "violations": 4, "max_violation_mm": 0.0007400165, "equilibrium": true, "member_eq": true}
{"cycle": 25, "pivot": "floor_base_post_outer_right_3", "violations": 3, "max_violation_mm": 4.484009e-05, "equilibrium": true, "member_eq": true}
{"cycle": 26, "pivot": "floor_base_post_outer_right_1", "violations": 19, "max_violation_mm": 0.02211349, "equilibrium": true, "member_eq": true}
{"cycle": 27, "pivot": "floor_base_post_outer_right_2", "violations": 12, "max_violation_mm": 0.5778402, "equilibrium": true, "member_eq": true}
{"cycle": 28, "pivot": "floor_base_post_outer_right_1", "violations": 39, "max_violation_mm": 0.02628876, "equilibrium": true, "member_eq": true}
{"cycle": 29, "pivot": "bearing_base_header_base_post_outer_right_13", "violations": 35, "max_violation_mm": 0.01718289, "equilibrium": true, "member_eq": true}
{"cycle": 30, "pivot": "floor_base_post_outer_right_3", "violations": 37, "max_violation_mm": 0.01670303, "equilibrium": true, "member_eq": true}
{"cycle": 31, "pivot": "floor_lumber_leg_right_5", "violations": 34, "max_violation_mm": 0.016613251, "equilibrium": true, "member_eq": true}
{"cycle": 32, "pivot": "seating_319", "violations": 48, "max_violation_mm": 0.013658198, "equilibrium": true, "member_eq": true}
{"cycle": 33, "pivot": "seating_324", "violations": 44, "max_violation_mm": 0.007364370000000002, "equilibrium": true, "member_eq": true}
{"cycle": 34, "pivot": "seating_327", "violations": 43, "max_violation_mm": 0.004444650000000001, "equilibrium": true, "member_eq": true}
{"cycle": 35, "pivot": "seating_497", "violations": 32, "max_violation_mm": 0.004145937, "equilibrium": true, "member_eq": true}
{"cycle": 36, "pivot": "bearing_base_header_base_post_center_left_20", "violations": 30, "max_violation_mm": 0.003846111, "equilibrium": true, "member_eq": true}
{"cycle": 37, "pivot": "floor_base_post_outer_right_2", "violations": 15, "max_violation_mm": 0.004678172, "equilibrium": true, "member_eq": true}
{"cycle": 38, "pivot": "floor_lumber_leg_right_5", "violations": 14, "max_violation_mm": 0.0015029999999999766, "equilibrium": true, "member_eq": true}
{"cycle": 39, "pivot": "seating_320", "violations": 13, "max_violation_mm": 0.0005990000000000162, "equilibrium": true, "member_eq": true}
{"cycle": 40, "pivot": "seating_328", "violations": 12, "max_violation_mm": 0.0005825000000000136, "equilibrium": true, "member_eq": true}
{"cycle": 41, "pivot": "seating_319", "violations": 12, "max_violation_mm": 0.001123099999999988, "equilibrium": true, "member_eq": true}
{"cycle": 42, "pivot": "seating_321", "violations": 11, "max_violation_mm": 0.0005113999999999397, "equilibrium": true, "member_eq": true}
{"cycle": 43, "pivot": "seating_331", "violations": 9, "max_violation_mm": 0.0005212999999999746, "equilibrium": true, "member_eq": true}
{"cycle": 44, "pivot": "seating_320", "violations": 9, "max_violation_mm": 0.0004567000000000043, "equilibrium": true, "member_eq": true}
{"cycle": 45, "pivot": "seating_321", "violations": 8, "max_violation_mm": 0.0005444000000000004, "equilibrium": true, "member_eq": true}
{"cycle": 46, "pivot": "seating_327", "violations": 8, "max_violation_mm": 0.00019879999999994347, "equilibrium": true, "member_eq": true}
{"cycle": 47, "pivot": "seating_332", "violations": 7, "max_violation_mm": 0.0001433137, "equilibrium": true, "member_eq": true}
{"cycle": 48, "pivot": "floor_base_post_outer_right_1", "violations": 7, "max_violation_mm": 9.562747e-05, "equilibrium": true, "member_eq": true}
{"cycle": 49, "pivot": "floor_base_post_outer_right_3", "violations": 29, "max_violation_mm": 0.02311118, "equilibrium": true, "member_eq": true}
{"cycle": 50, "pivot": "floor_base_post_outer_right_2", "violations": 18, "max_violation_mm": 0.5173084, "equilibrium": true, "member_eq": true}
{"cycle": 51, "pivot": "floor_base_post_outer_right_3", "violations": 28, "max_violation_mm": 0.01605295, "equilibrium": true, "member_eq": true}
{"cycle": 52, "pivot": "floor_lumber_leg_right_5", "violations": 25, "max_violation_mm": 0.007999899999999999, "equilibrium": true, "member_eq": true}
{"cycle": 53, "pivot": "seating_319", "violations": 39, "max_violation_mm": 0.00704436, "equilibrium": true, "member_eq": true}
{"cycle": 54, "pivot": "floor_base_post_outer_right_1", "violations": 30, "max_violation_mm": 0.003788034, "equilibrium": true, "member_eq": true}
{"cycle": 55, "pivot": "floor_base_post_outer_right_2", "violations": 11, "max_violation_mm": 0.004684614, "equilibrium": true, "member_eq": true}
{"cycle": 56, "pivot": "floor_lumber_leg_right_5", "violations": 10, "max_violation_mm": 0.0016182999999999892, "equilibrium": true, "member_eq": true}
{"cycle": 57, "pivot": "seating_320", "violations": 9, "max_violation_mm": 0.000627699999999981, "equilibrium": true, "member_eq": true}
{"cycle": 58, "pivot": "seating_319", "violations": 8, "max_violation_mm": 0.0012387999999999844, "equilibrium": true, "member_eq": true}
{"cycle": 59, "pivot": "seating_321", "violations": 7, "max_violation_mm": 0.0005224000000000062, "equilibrium": true, "member_eq": true}
{"cycle": 60, "pivot": "seating_320", "violations": 7, "max_violation_mm": 0.0004632999999999998, "equilibrium": true, "member_eq": true}
{"cycle": 61, "pivot": "floor_base_post_outer_right_1", "violations": 7, "max_violation_mm": 0.0004645999999999817, "equilibrium": true, "member_eq": true}
{"cycle": 62, "pivot": "floor_base_post_outer_right_3", "violations": 29, "max_violation_mm": 0.02315799, "equilibrium": true, "member_eq": true}
{"cycle": 63, "pivot": "floor_base_post_outer_right_2", "violations": 16, "max_violation_mm": 0.5160948, "equilibrium": true, "member_eq": true}
{"cycle": 64, "pivot": "floor_base_post_outer_right_3", "violations": 31, "max_violation_mm": 0.01605923, "equilibrium": true, "member_eq": true}
{"cycle": 65, "pivot": "floor_lumber_leg_right_5", "violations": 28, "max_violation_mm": 0.007056582, "equilibrium": true, "member_eq": true}
{"cycle": 66, "pivot": "floor_base_post_outer_right_1", "violations": 26, "max_violation_mm": 0.003785495, "equilibrium": true, "member_eq": true}
{"cycle": 67, "pivot": "floor_base_post_outer_right_2", "violations": 8, "max_violation_mm": 0.004699597, "equilibrium": true, "member_eq": true}
{"cycle": 68, "pivot": "seating_321", "violations": 8, "max_violation_mm": 0.004706523, "equilibrium": true, "member_eq": true}
{"cycle": 69, "pivot": "floor_base_post_outer_right_1", "violations": 7, "max_violation_mm": 0.00470486, "equilibrium": true, "member_eq": true}
{"cycle": 70, "pivot": "floor_base_post_outer_right_3", "violations": 25, "max_violation_mm": 0.009256629, "equilibrium": true, "member_eq": true}
{"cycle": 71, "pivot": "seating_485", "violations": 25, "max_violation_mm": 0.009260013, "equilibrium": true, "member_eq": true}
{"cycle": 72, "pivot": "floor_lumber_leg_right_5", "violations": 28, "max_violation_mm": 0.02376096, "equilibrium": true, "member_eq": true}
{"cycle": 73, "pivot": "floor_base_post_outer_right_2", "violations": 23, "max_violation_mm": 0.5163021, "equilibrium": true, "member_eq": true}
{"cycle": 74, "pivot": "floor_base_post_outer_right_3", "violations": 27, "max_violation_mm": 0.01605256, "equilibrium": true, "member_eq": true}
{"cycle": 75, "pivot": "floor_lumber_leg_right_5", "violations": 24, "max_violation_mm": 0.00802698, "equilibrium": true, "member_eq": true}
{"cycle": 76, "pivot": "seating_319", "violations": 34, "max_violation_mm": 0.007059826, "equilibrium": true, "member_eq": true}
{"cycle": 77, "pivot": "floor_base_post_outer_right_1", "violations": 27, "max_violation_mm": 0.003788518, "equilibrium": true, "member_eq": true}
{"cycle": 78, "pivot": "floor_base_post_outer_right_2", "violations": 12, "max_violation_mm": 0.004680757, "equilibrium": true, "member_eq": true}
{"cycle": 79, "pivot": "floor_lumber_leg_right_5", "violations": 11, "max_violation_mm": 0.0016287000000000107, "equilibrium": true, "member_eq": true}
{"cycle": 80, "pivot": "seating_320", "violations": 10, "max_violation_mm": 0.0006320999999999966, "equilibrium": true, "member_eq": true}
{"cycle": 81, "pivot": "seating_319", "violations": 9, "max_violation_mm": 0.0012469999999999981, "equilibrium": true, "member_eq": true}
{"cycle": 82, "pivot": "seating_321", "violations": 8, "max_violation_mm": 0.0005261000000000016, "equilibrium": true, "member_eq": true}
{"cycle": 83, "pivot": "seating_320", "violations": 8, "max_violation_mm": 0.00046660000000001145, "equilibrium": true, "member_eq": true}
{"cycle": 84, "pivot": "seating_321", "violations": 8, "max_violation_mm": 0.0001537401, "equilibrium": true, "member_eq": true}
{"cycle": 85, "pivot": "floor_base_post_outer_right_1", "violations": 8, "max_violation_mm": 0.00013093000000000132, "equilibrium": true, "member_eq": true}
{"cycle": 86, "pivot": "bearing_base_header_base_post_outer_right_13", "violations": 13, "max_violation_mm": 0.00566295, "equilibrium": true, "member_eq": true}
{"cycle": 87, "pivot": "floor_base_post_outer_right_1", "violations": 11, "max_violation_mm": 0.0013368000000000269, "equilibrium": true, "member_eq": true}
{"cycle": 88, "pivot": "seating_332", "violations": 9, "max_violation_mm": 0.000731266, "equilibrium": true, "member_eq": true}
{"cycle": 89, "pivot": "floor_base_post_outer_right_3", "violations": 9, "max_violation_mm": 0.0007989999999999942, "equilibrium": true, "member_eq": true}
{"cycle": 90, "pivot": "seating_331", "violations": 7, "max_violation_mm": 0.0001198500000000012, "equilibrium": true, "member_eq": true}
{"cycle": 91, "pivot": "seating_485", "violations": 6, "max_violation_mm": 4.559653e-05, "equilibrium": true, "member_eq": true}
{"cycle": 92, "pivot": "floor_base_post_outer_right_1", "violations": 15, "max_violation_mm": 0.02069541, "equilibrium": true, "member_eq": true}
{"cycle": 93, "pivot": "floor_base_post_outer_right_3", "violations": 7, "max_violation_mm": 0.005729704, "equilibrium": true, "member_eq": true}
{"cycle": 94, "pivot": "floor_base_post_outer_right_1", "violations": 7, "max_violation_mm": 0.0007369687, "equilibrium": true, "member_eq": true}
{"cycle": 95, "pivot": "seating_324", "violations": 7, "max_violation_mm": 0.0007371651, "equilibrium": true, "member_eq": true}
{"cycle": 96, "pivot": "floor_base_post_outer_right_3", "violations": 6, "max_violation_mm": 4.556957e-05, "equilibrium": true, "member_eq": true}
{"cycle": 97, "pivot": "floor_base_post_outer_right_1", "violations": 14, "max_violation_mm": 0.02070748, "equilibrium": true, "member_eq": true}
{"cycle": 98, "pivot": "floor_base_post_outer_right_3", "violations": 7, "max_violation_mm": 0.005731695, "equilibrium": true, "member_eq": true}
{"cycle": 99, "pivot": "seating_497", "violations": 6, "max_violation_mm": 0.005739758, "equilibrium": true, "member_eq": true}
BOUNDED_SEARCH_EXHAUSTED
