    1C
    1UUSER                                                              
    1UDATE              06.september.2026                               
    1UTIME              17:54:52                                        
    1UHOST                                                              
    1UPGM               CalculiX                                        
    1UVERSION           Version 2.21                             
    1UCOMPILETIME       Sat Jul 29 10:52:01 CEST 2023                    
    1UDIR                                                               
    1UDBN                                                               
    1UMAT    1WOOD                                                      
    1UMAT    2FLOOR                                                     
    2C                            35                                     1
 -1         1 0.00000E+00 0.00000E+00 0.00000E+00
 -1         2 1.00000E+02 0.00000E+00 0.00000E+00
 -1         3 1.00000E+02 1.00000E+02 0.00000E+00
 -1         4 0.00000E+00 1.00000E+02 0.00000E+00
 -1         5 0.00000E+00 0.00000E+00 1.00000E+02
 -1         6 1.00000E+02 0.00000E+00 1.00000E+02
 -1         7 1.00000E+02 1.00000E+02 1.00000E+02
 -1         8 0.00000E+00 1.00000E+02 1.00000E+02
 -1         9-1.00000E+01-1.00000E+01-1.00000E+02
 -1        10 1.10000E+02-1.00000E+01-1.00000E+02
 -1        11 1.10000E+02 1.10000E+02-1.00000E+02
 -1        12-1.00000E+01 1.10000E+02-1.00000E+02
 -1        13-1.00000E+01-1.00000E+01 0.00000E+00
 -1        14 1.10000E+02-1.00000E+01 0.00000E+00
 -1        15 1.10000E+02 1.10000E+02 0.00000E+00
 -1        16-1.00000E+01 1.10000E+02 0.00000E+00
 -1        17 5.00000E+01 0.00000E+00 0.00000E+00
 -1        18 1.00000E+02 5.00000E+01 0.00000E+00
 -1        19 5.00000E+01 5.00000E+01 0.00000E+00
 -1        20 5.00000E+01 5.00000E+01 5.00000E+01
 -1        21 1.00000E+02 5.00000E+01 5.00000E+01
 -1        22 1.00000E+02 1.00000E+02 5.00000E+01
 -1        23 5.00000E+01 1.00000E+02 0.00000E+00
 -1        24 0.00000E+00 5.00000E+01 0.00000E+00
 -1        25 5.00000E+01 1.00000E+02 5.00000E+01
 -1        26 0.00000E+00 1.00000E+02 5.00000E+01
 -1        27 0.00000E+00 5.00000E+01 5.00000E+01
 -1        28 5.00000E+01 1.00000E+02 1.00000E+02
 -1        29 0.00000E+00 5.00000E+01 1.00000E+02
 -1        30 0.00000E+00 0.00000E+00 5.00000E+01
 -1        31 5.00000E+01 5.00000E+01 1.00000E+02
 -1        32 5.00000E+01 0.00000E+00 1.00000E+02
 -1        33 5.00000E+01 0.00000E+00 5.00000E+01
 -1        34 1.00000E+02 5.00000E+01 1.00000E+02
 -1        35 1.00000E+02 0.00000E+00 5.00000E+01
 -3
    3C                             7                                     1
 -1         1    6    0    1
 -2         1         2         3         7        17        18        19        20        21        22
 -1         2    6    0    1
 -2         1         3         4         7        19        23        24        20        22        25
 -1         3    6    0    1
 -2         1         4         8         7        24        26        27        20        25        28
 -1         4    6    0    1
 -2         1         8         5         7        27        29        30        20        28        31
 -1         5    6    0    1
 -2         1         5         6         7        30        32        33        20        31        34
 -1         6    6    0    1
 -2         1         6         2         7        33        35        17        20        34        21
 -1        99    1    0    1
 -2         9        10        11        12        13        14        15        16
 -3
    1PSTEP                         1           1           1          
  100CL  101 2.50000E-01          35                     0    1           1
 -4  DISP        4    1
 -5  D1          1    2    1    0
 -5  D2          1    2    2    0
 -5  D3          1    2    3    0
 -5  ALL         1    2    0    0    1ALL
 -1         1-4.66262E-06-4.66262E-06-2.83332E-05
 -1         2 4.85262E-06-5.31870E-06-2.65225E-05
 -1         3 5.81675E-06 5.81675E-06-2.76098E-05
 -1         4-5.31870E-06 4.85262E-06-2.65225E-05
 -1         5 0.00000E+00 0.00000E+00-8.49672E-05
 -1         6 0.00000E+00 0.00000E+00-9.28010E-05
 -1         7 0.00000E+00 0.00000E+00-8.28825E-05
 -1         8 0.00000E+00 0.00000E+00-9.28010E-05
 -1         9 0.00000E+00 0.00000E+00 0.00000E+00
 -1        10 0.00000E+00 0.00000E+00 0.00000E+00
 -1        11 0.00000E+00 0.00000E+00 0.00000E+00
 -1        12 0.00000E+00 0.00000E+00 0.00000E+00
 -1        13-7.01687E-06-7.01687E-06-2.83926E-05
 -1        14 6.05034E-06-7.13387E-06-2.58848E-05
 -1        15 6.77669E-06 6.77669E-06-2.75430E-05
 -1        16-7.13387E-06 6.05034E-06-2.58848E-05
 -1        17-1.34189E-06-5.71254E-06-2.74026E-05
 -1        18 5.78274E-06-5.20297E-07-2.70507E-05
 -1        19-2.75820E-07-2.75820E-07-2.72256E-05
 -1        20-4.52085E-07-4.52085E-07-4.75426E-05
 -1        21 5.23683E-06-7.12862E-07-4.95055E-05
 -1        22 5.10777E-06 5.10777E-06-5.37211E-05
 -1        23-5.20297E-07 5.78274E-06-2.70507E-05
 -1        24-5.71254E-06-1.34189E-06-2.74026E-05
 -1        25-7.12862E-07 5.23683E-06-4.95055E-05
 -1        26-4.29315E-06 6.84581E-06-5.48153E-05
 -1        27-5.20065E-06-1.44199E-06-4.83778E-05
 -1        28 0.00000E+00 0.00000E+00-7.32964E-05
 -1        29 0.00000E+00 0.00000E+00-6.77074E-05
 -1        30-5.14993E-06-5.14993E-06-5.75401E-05
 -1        31 0.00000E+00 0.00000E+00-5.92283E-05
 -1        32 0.00000E+00 0.00000E+00-6.77074E-05
 -1        33-1.44199E-06-5.20065E-06-4.83778E-05
 -1        34 0.00000E+00 0.00000E+00-7.32964E-05
 -1        35 6.84581E-06-4.29315E-06-5.48153E-05
 -3
    1PSTEP                         2           1           1          
  100CL  101 2.50000E-01          35                     0    1           1
 -4  FORC        4    1
 -5  F1          1    2    1    0
 -5  F2          1    2    2    0
 -5  F3          1    2    3    0
 -5  ALL         1    2    0    0    1ALL
 -1         1-1.66533E-16 6.66134E-16 1.09912E-14
 -1         2-5.72459E-16-8.32667E-17 0.00000E+00
 -1         3 6.80012E-16 1.94289E-16-2.49800E-15
 -1         4 2.63678E-16-2.15106E-16-2.38698E-15
 -1         5 1.56978E+00 1.56978E+00-3.33333E+00
 -1         6-3.97359E-01 1.38510E+00-3.33333E+00
 -1         7-1.46810E-01-1.46810E-01-3.33333E+00
 -1         8 1.38510E+00-3.97359E-01-3.33333E+00
 -1         9 1.96557E+00 1.96557E+00 7.61576E+00
 -1        10-2.00932E+00 1.99816E+00 7.48370E+00
 -1        11-1.89474E+00-1.89474E+00 7.41684E+00
 -1        12 1.99816E+00-2.00932E+00 7.48370E+00
 -1        13 2.91434E-16 6.24500E-17-1.42109E-14
 -1        14-3.19189E-16 7.70217E-16 5.32907E-15
 -1        15-4.09395E-16-3.67761E-16-8.88178E-16
 -1        16 0.00000E+00 4.16334E-16 6.21725E-15
 -1        17-6.66134E-16 1.88738E-15 8.88178E-16
 -1        18-1.36002E-15-7.21645E-16 1.77636E-15
 -1        19-1.94289E-16-8.32667E-16 1.77636E-15
 -1        20 1.58207E-15-1.66533E-15-8.88178E-15
 -1        21-5.55112E-16 2.05391E-15-2.66454E-15
 -1        22-1.53276E-15-1.26463E-15 2.37816E-15
 -1        23-1.11022E-15-2.77556E-16 7.10543E-15
 -1        24 9.71445E-16 2.22045E-16-7.10543E-15
 -1        25 2.25873E-15-3.14815E-17-8.16393E-15
 -1        26-1.11205E-15-1.18856E-15 2.06438E-16
 -1        27 2.22045E-15-8.04912E-16 4.88498E-15
 -1        28-1.19299E+00-1.49770E+00-3.33333E+00
 -1        29 2.88153E+00-1.39843E+00-3.33333E+00
 -1        30 2.78412E-15-1.61253E-16-9.82090E-15
 -1        31-1.26280E+00-1.26280E+00-3.33333E+00
 -1        32-1.39843E+00 2.88153E+00-3.33333E+00
 -1        33-2.66829E-15 4.96383E-16 5.35070E-15
 -1        34-1.49770E+00-1.19299E+00-3.33333E+00
 -1        35 2.22125E-15-1.84840E-16-2.11115E-15
 -3
    1PSTEP                         3           1           1          
  100CL  101 2.50000E-01           9                     0    1           1
 -4  CONTACT     6    1
 -5  COPEN       1    1    0    0
 -5  CSLIP1      1    1    0    0
 -5  CSLIP2      1    1    0    0
 -5  CPRESS      1    1    0    0
 -5  CSHEAR1     1    1    0    0
 -5  CSHEAR2     1    1    0    0
 -1        24-2.82508E-04-2.42493E-04-1.84195E-03 2.99326E-03 2.38758E-05-8.84019E-05
 -1        23-2.91159E-04-8.29196E-04 7.92012E-04 3.01428E-03-3.16315E-05 4.93305E-05
 -1        19-5.68228E-04-8.31745E-04-8.31745E-04 2.99246E-03 5.51079E-06 5.51079E-06
 -1        18-2.91159E-04 7.92012E-04-8.29196E-04 3.01428E-03 4.93305E-05-3.16315E-05
 -1        17-2.82508E-04-1.84195E-03-2.42493E-04 2.99326E-03-8.84019E-05 2.38758E-05
 -1         4-2.12960E-04 4.34709E-04-1.08976E-04 3.19441E-03 6.52063E-05-1.63463E-05
 -1         3-4.18966E-04 3.38599E-04 3.38599E-04 3.14224E-03 2.53949E-05 2.53949E-05
 -1         2-2.12960E-04-1.08976E-04 4.34709E-04 3.19441E-03-1.63463E-05 6.52063E-05
 -1         1-4.39552E-04 1.69228E-03 1.69228E-03 3.29664E-03 1.26921E-04 1.26921E-04
 -3
    1PSTEP                         4           2           1          
  100CL  102 5.00000E-01          35                     0    2           1
 -4  DISP        4    1
 -5  D1          1    2    1    0
 -5  D2          1    2    2    0
 -5  D3          1    2    3    0
 -5  ALL         1    2    0    0    1ALL
 -1         1-9.32424E-06-9.32424E-06-5.69926E-05
 -1         2 9.70204E-06-1.06371E-05-5.33655E-05
 -1         3 1.16313E-05 1.16313E-05-5.55329E-05
 -1         4-1.06371E-05 9.70204E-06-5.33655E-05
 -1         5 0.00000E+00 0.00000E+00-1.70242E-04
 -1         6 0.00000E+00 0.00000E+00-1.85903E-04
 -1         7 0.00000E+00 0.00000E+00-1.66068E-04
 -1         8 0.00000E+00 0.00000E+00-1.85903E-04
 -1         9 0.00000E+00 0.00000E+00 0.00000E+00
 -1        10 0.00000E+00 0.00000E+00 0.00000E+00
 -1        11 0.00000E+00 0.00000E+00 0.00000E+00
 -1        12 0.00000E+00 0.00000E+00 0.00000E+00
 -1        13-1.40316E-05-1.40316E-05-5.67809E-05
 -1        14 1.21016E-05-1.42668E-05-5.17717E-05
 -1        15 1.35533E-05 1.35533E-05-5.50846E-05
 -1        16-1.42668E-05 1.21016E-05-5.17717E-05
 -1        17-2.68297E-06-1.14243E-05-5.51037E-05
 -1        18 1.15631E-05-1.03943E-06-5.44031E-05
 -1        19-5.51083E-07-5.51083E-07-5.47499E-05
 -1        20-9.04316E-07-9.04316E-07-9.53859E-05
 -1        21 1.04746E-05-1.42658E-06-9.93125E-05
 -1        22 1.02160E-05 1.02160E-05-1.07747E-04
 -1        23-1.03943E-06 1.15631E-05-5.44031E-05
 -1        24-1.14243E-05-2.68297E-06-5.51037E-05
 -1        25-1.42658E-06 1.04746E-05-9.93125E-05
 -1        26-8.58615E-06 1.36923E-05-1.09936E-04
 -1        27-1.04014E-05-2.88469E-06-9.70569E-05
 -1        28 0.00000E+00 0.00000E+00-1.46893E-04
 -1        29 0.00000E+00 0.00000E+00-1.35715E-04
 -1        30-1.02989E-05-1.02989E-05-1.15393E-04
 -1        31 0.00000E+00 0.00000E+00-1.18755E-04
 -1        32 0.00000E+00 0.00000E+00-1.35715E-04
 -1        33-2.88469E-06-1.04014E-05-9.70569E-05
 -1        34 0.00000E+00 0.00000E+00-1.46893E-04
 -1        35 1.36923E-05-8.58615E-06-1.09936E-04
 -3
    1PSTEP                         5           2           1          
  100CL  102 5.00000E-01          35                     0    2           1
 -4  FORC        4    1
 -5  F1          1    2    1    0
 -5  F2          1    2    2    0
 -5  F3          1    2    3    0
 -5  ALL         1    2    0    0    1ALL
 -1         1-2.52684E-09-2.52684E-09-9.17513E-11
 -1         2-5.13866E-10-3.69201E-10 1.53536E-10
 -1         3-1.08853E-10-1.08852E-10 1.99239E-10
 -1         4-3.69202E-10-5.13865E-10 1.53537E-10
 -1         5 3.13960E+00 3.13960E+00-6.66667E+00
 -1         6-7.95119E-01 2.77026E+00-6.66667E+00
 -1         7-2.94095E-01-2.94095E-01-6.66667E+00
 -1         8 2.77026E+00-7.95119E-01-6.66667E+00
 -1         9 3.93124E+00 3.93124E+00 1.52312E+01
 -1        10-4.01861E+00 3.99626E+00 1.49674E+01
 -1        11-3.78970E+00-3.78970E+00 1.48339E+01
 -1        12 3.99626E+00-4.01861E+00 1.49674E+01
 -1        13-1.22665E-10-1.22665E-10 3.87708E-11
 -1        14 5.66116E-11-4.42916E-11 4.53770E-11
 -1        15 9.85296E-11 9.85293E-11 2.76703E-11
 -1        16-4.42921E-11 5.66113E-11 4.53841E-11
 -1        17 3.07444E-09-2.20140E-10-7.36398E-10
 -1        18 1.47518E-09 2.64790E-10-6.91584E-10
 -1        19-3.66931E-10-3.66928E-10-1.26255E-09
 -1        20-1.01435E-09-1.01436E-09 1.07573E-09
 -1        21 1.90096E-09-2.59353E-10 2.02119E-10
 -1        22 4.36319E-10 4.36320E-10 2.10138E-11
 -1        23 2.64792E-10 1.47518E-09-6.91591E-10
 -1        24-2.20138E-10 3.07444E-09-7.36394E-10
 -1        25-2.59349E-10 1.90096E-09 2.02128E-10
 -1        26-1.91479E-10 7.86037E-10-9.35592E-11
 -1        27-1.07474E-09-9.93942E-10 5.88645E-10
 -1        28-2.38572E+00-2.99591E+00-6.66667E+00
 -1        29 5.76303E+00-2.79624E+00-6.66667E+00
 -1        30-3.63497E-10-3.63501E-10 2.04876E-10
 -1        31-2.52500E+00-2.52500E+00-6.66667E+00
 -1        32-2.79624E+00 5.76303E+00-6.66667E+00
 -1        33-9.93946E-10-1.07474E-09 5.88653E-10
 -1        34-2.99591E+00-2.38572E+00-6.66667E+00
 -1        35 7.86037E-10-1.91478E-10-9.35617E-11
 -3
    1PSTEP                         6           2           1          
  100CL  102 5.00000E-01           9                     0    2           1
 -4  CONTACT     6    1
 -5  COPEN       1    1    0    0
 -5  CSLIP1      1    1    0    0
 -5  CSLIP2      1    1    0    0
 -5  CPRESS      1    1    0    0
 -5  CSHEAR1     1    1    0    0
 -5  CSHEAR2     1    1    0    0
 -1        24-5.65293E-04-4.85566E-04-3.68326E-03 5.98714E-03 4.77835E-05-1.76648E-04
 -1        23-5.82406E-04-1.65637E-03 1.58124E-03 6.02839E-03-6.31774E-05 9.83730E-05
 -1        19-1.13652E-03-1.66278E-03-1.66278E-03 5.98446E-03 1.10753E-05 1.10753E-05
 -1        18-5.82406E-04 1.58124E-03-1.65637E-03 6.02839E-03 9.83730E-05-6.31774E-05
 -1        17-5.65293E-04-3.68326E-03-4.85566E-04 5.98714E-03-1.76648E-04 4.77835E-05
 -1         4-4.25741E-04 8.68960E-04-2.20724E-04 6.38611E-03 1.30532E-04-3.31559E-05
 -1         3-8.37823E-04 6.74054E-04 6.74054E-04 6.28367E-03 5.05714E-05 5.05714E-05
 -1         2-4.25741E-04-2.20724E-04 8.68960E-04 6.38611E-03-3.31559E-05 1.30532E-04
 -1         1-8.78776E-04 3.38332E-03 3.38332E-03 6.59081E-03 2.53929E-04 2.53929E-04
 -3
    1PSTEP                         7           3           1          
  100CL  103 7.50000E-01          35                     0    3           1
 -4  DISP        4    1
 -5  D1          1    2    1    0
 -5  D2          1    2    2    0
 -5  D3          1    2    3    0
 -5  ALL         1    2    0    0    1ALL
 -1         1-1.39865E-05-1.39865E-05-8.54074E-05
 -1         2 1.45539E-05-1.59557E-05-7.99680E-05
 -1         3 1.74475E-05 1.74475E-05-8.32210E-05
 -1         4-1.59557E-05 1.45539E-05-7.99680E-05
 -1         5 0.00000E+00 0.00000E+00-2.55286E-04
 -1         6 0.00000E+00 0.00000E+00-2.78779E-04
 -1         7 0.00000E+00 0.00000E+00-2.49026E-04
 -1         8 0.00000E+00 0.00000E+00-2.78779E-04
 -1         9 0.00000E+00 0.00000E+00 0.00000E+00
 -1        10 0.00000E+00 0.00000E+00 0.00000E+00
 -1        11 0.00000E+00 0.00000E+00 0.00000E+00
 -1        12 0.00000E+00 0.00000E+00 0.00000E+00
 -1        13-2.10480E-05-2.10480E-05-8.51726E-05
 -1        14 1.81522E-05-2.14004E-05-7.76571E-05
 -1        15 2.03300E-05 2.03300E-05-8.26273E-05
 -1        16-2.14004E-05 1.81522E-05-7.76571E-05
 -1        17-4.02457E-06-1.71366E-05-8.25810E-05
 -1        18 1.73453E-05-1.55941E-06-8.15293E-05
 -1        19-8.26707E-07-8.26707E-07-8.20502E-05
 -1        20-1.35641E-06-1.35641E-06-1.43004E-04
 -1        21 1.57117E-05-2.13962E-06-1.48893E-04
 -1        22 1.53239E-05 1.53239E-05-1.61544E-04
 -1        23-1.55941E-06 1.73453E-05-8.15293E-05
 -1        24-1.71366E-05-4.02457E-06-8.25810E-05
 -1        25-2.13962E-06 1.57117E-05-1.48893E-04
 -1        26-1.28792E-05 2.05383E-05-1.64828E-04
 -1        27-1.56020E-05-4.32683E-06-1.45510E-04
 -1        28 0.00000E+00 0.00000E+00-2.20265E-04
 -1        29 0.00000E+00 0.00000E+00-2.03498E-04
 -1        30-1.54486E-05-1.54486E-05-1.73012E-04
 -1        31 0.00000E+00 0.00000E+00-1.78058E-04
 -1        32 0.00000E+00 0.00000E+00-2.03498E-04
 -1        33-4.32683E-06-1.56020E-05-1.45510E-04
 -1        34 0.00000E+00 0.00000E+00-2.20265E-04
 -1        35 2.05383E-05-1.28792E-05-1.64828E-04
 -3
    1PSTEP                         8           3           1          
  100CL  103 7.50000E-01          35                     0    3           1
 -4  FORC        4    1
 -5  F1          1    2    1    0
 -5  F2          1    2    2    0
 -5  F3          1    2    3    0
 -5  ALL         1    2    0    0    1ALL
 -1         1-6.31617E-10-6.31611E-10-2.29932E-11
 -1         2-1.28730E-10-9.23297E-11 3.83109E-11
 -1         3-2.75052E-11-2.75049E-11 4.99505E-11
 -1         4-9.23279E-11-1.28730E-10 3.83164E-11
 -1         5 4.70939E+00 4.70939E+00-1.00000E+01
 -1         6-1.19257E+00 4.15538E+00-1.00000E+01
 -1         7-4.41022E-01-4.41022E-01-1.00000E+01
 -1         8 4.15538E+00-1.19257E+00-1.00000E+01
 -1         9 5.89684E+00 5.89684E+00 2.28469E+01
 -1        10-6.02792E+00 5.99441E+00 2.24511E+01
 -1        11-5.68449E+00-5.68449E+00 2.22508E+01
 -1        12 5.99441E+00-6.02792E+00 2.24511E+01
 -1        13-3.06798E-11-3.06796E-11 9.66338E-12
 -1        14 1.42059E-11-1.10447E-11 1.13474E-11
 -1        15 2.45502E-11 2.45503E-11 6.84963E-12
 -1        16-1.10449E-11 1.42043E-11 1.13403E-11
 -1        17 7.68577E-10-5.44422E-11-1.83991E-10
 -1        18 3.67121E-10 6.66893E-11-1.72202E-10
 -1        19-9.14948E-11-9.14982E-11-3.15055E-10
 -1        20-2.52819E-10-2.52814E-10 2.68280E-10
 -1        21 4.74457E-10-6.40472E-11 4.99423E-11
 -1        22 1.08762E-10 1.08761E-10 4.93786E-12
 -1        23 6.66920E-11 3.67122E-10-1.72193E-10
 -1        24-5.44490E-11 7.68572E-10-1.83974E-10
 -1        25-6.40503E-11 4.74456E-10 4.99443E-11
 -1        26-4.78138E-11 1.96316E-10-2.33396E-11
 -1        27-2.68489E-10-2.48084E-10 1.46933E-10
 -1        28-3.57865E+00-4.49373E+00-1.00000E+01
 -1        29 8.64456E+00-4.19452E+00-1.00000E+01
 -1        30-9.08578E-11-9.08561E-11 5.11485E-11
 -1        31-3.78766E+00-3.78766E+00-1.00000E+01
 -1        32-4.19452E+00 8.64456E+00-1.00000E+01
 -1        33-2.48080E-10-2.68501E-10 1.46953E-10
 -1        34-4.49373E+00-3.57865E+00-1.00000E+01
 -1        35 1.96316E-10-4.78128E-11-2.33298E-11
 -3
    1PSTEP                         9           3           1          
  100CL  103 7.50000E-01           9                     0    3           1
 -4  CONTACT     6    1
 -5  COPEN       1    1    0    0
 -5  CSLIP1      1    1    0    0
 -5  CSLIP2      1    1    0    0
 -5  CPRESS      1    1    0    0
 -5  CSHEAR1     1    1    0    0
 -5  CSHEAR2     1    1    0    0
 -1        24-8.47868E-04-7.28142E-04-5.52491E-03 8.98055E-03 7.16672E-05-2.65018E-04
 -1        23-8.73586E-04-2.48504E-03 2.37261E-03 9.04263E-03-9.47859E-05 1.47636E-04
 -1        19-1.70477E-03-2.49421E-03-2.49421E-03 8.97680E-03 1.65987E-05 1.65987E-05
 -1        18-8.73586E-04 2.37261E-03-2.48504E-03 9.04263E-03 1.47636E-04-9.47859E-05
 -1        17-8.47868E-04-5.52491E-03-7.28142E-04 8.98055E-03-2.65018E-04 7.16672E-05
 -1         4-6.38658E-04 1.30362E-03-3.30335E-04 9.57986E-03 1.95762E-04-4.96055E-05
 -1         3-1.25676E-03 1.01192E-03 1.01192E-03 9.42571E-03 7.59139E-05 7.59139E-05
 -1         2-6.38658E-04-3.30335E-04 1.30362E-03 9.57986E-03-4.96055E-05 1.95762E-04
 -1         1-1.31825E-03 5.07546E-03 5.07546E-03 9.88685E-03 3.80869E-04 3.80869E-04
 -3
    1PSTEP                        10           4           1          
  100CL  104 1.000000000          35                     0    4           1
 -4  DISP        4    1
 -5  D1          1    2    1    0
 -5  D2          1    2    2    0
 -5  D3          1    2    3    0
 -5  ALL         1    2    0    0    1ALL
 -1         1-1.86518E-05-1.86518E-05-1.13333E-04
 -1         2 1.94098E-05-2.12760E-05-1.06090E-04
 -1         3 2.32667E-05 2.32667E-05-1.10439E-04
 -1         4-2.12760E-05 1.94098E-05-1.06090E-04
 -1         5 0.00000E+00 0.00000E+00-3.39869E-04
 -1         6 0.00000E+00 0.00000E+00-3.71205E-04
 -1         7 0.00000E+00 0.00000E+00-3.31531E-04
 -1         8 0.00000E+00 0.00000E+00-3.71205E-04
 -1         9 0.00000E+00 0.00000E+00 0.00000E+00
 -1        10 0.00000E+00 0.00000E+00 0.00000E+00
 -1        11 0.00000E+00 0.00000E+00 0.00000E+00
 -1        12 0.00000E+00 0.00000E+00 0.00000E+00
 -1        13-2.80669E-05-2.80669E-05-1.13570E-04
 -1        14 2.42016E-05-2.85354E-05-1.03540E-04
 -1        15 2.71068E-05 2.71068E-05-1.10172E-04
 -1        16-2.85354E-05 2.42016E-05-1.03540E-04
 -1        17-5.36900E-06-2.28510E-05-1.09610E-04
 -1        18 2.31305E-05-2.08169E-06-1.08203E-04
 -1        19-1.10411E-06-1.10411E-06-1.08902E-04
 -1        20-1.80878E-06-1.80878E-06-1.90171E-04
 -1        21 2.09470E-05-2.85201E-06-1.98023E-04
 -1        22 2.04307E-05 2.04307E-05-2.14885E-04
 -1        23-2.08169E-06 2.31305E-05-1.08203E-04
 -1        24-2.28510E-05-5.36900E-06-1.09610E-04
 -1        25-2.85201E-06 2.09470E-05-1.98023E-04
 -1        26-1.71731E-05 2.73827E-05-2.19262E-04
 -1        27-2.08031E-05-5.76853E-06-1.93511E-04
 -1        28 0.00000E+00 0.00000E+00-2.93187E-04
 -1        29 0.00000E+00 0.00000E+00-2.70830E-04
 -1        30-2.06003E-05-2.06003E-05-2.30160E-04
 -1        31 0.00000E+00 0.00000E+00-2.36914E-04
 -1        32 0.00000E+00 0.00000E+00-2.70830E-04
 -1        33-5.76853E-06-2.08031E-05-1.93511E-04
 -1        34 0.00000E+00 0.00000E+00-2.93187E-04
 -1        35 2.73827E-05-1.71731E-05-2.19262E-04
 -3
    1PSTEP                        11           4           1          
  100CL  104 1.000000000          35                     0    4           1
 -4  FORC        4    1
 -5  F1          1    2    1    0
 -5  F2          1    2    2    0
 -5  F3          1    2    3    0
 -5  ALL         1    2    0    0    1ALL
 -1         1-2.80725E-10-2.80726E-10-1.02678E-11
 -1         2-5.70705E-11-4.10838E-11 1.70256E-11
 -1         3-1.21569E-11-1.21570E-11 2.21494E-11
 -1         4-4.10801E-11-5.70684E-11 1.70218E-11
 -1         5 6.27913E+00 6.27913E+00-1.33333E+01
 -1         6-1.58943E+00 5.54040E+00-1.33333E+01
 -1         7-5.87242E-01-5.87242E-01-1.33333E+01
 -1         8 5.54040E+00-1.58943E+00-1.33333E+01
 -1         9 7.86232E+00 7.86232E+00 3.04630E+01
 -1        10-8.03727E+00 7.99262E+00 2.99348E+01
 -1        11-7.57900E+00-7.57900E+00 2.96674E+01
 -1        12 7.99262E+00-8.03727E+00 2.99348E+01
 -1        13-1.36818E-11-1.36842E-11 4.34497E-12
 -1        14 6.32194E-12-4.91276E-12 5.02354E-12
 -1        15 1.09515E-11 1.09519E-11 3.09086E-12
 -1        16-4.91171E-12 6.32333E-12 5.03420E-12
 -1        17 3.41229E-10-2.41302E-11-8.17231E-11
 -1        18 1.63435E-10 2.95851E-11-7.66427E-11
 -1        19-4.05554E-11-4.05543E-11-1.40041E-10
 -1        20-1.12383E-10-1.12382E-10 1.19286E-10
 -1        21 2.10780E-10-2.86051E-11 2.23928E-11
 -1        22 4.83866E-11 4.83903E-11 2.25359E-12
 -1        23 2.95821E-11 1.63434E-10-7.66001E-11
 -1        24-2.41305E-11 3.41225E-10-8.17231E-11
 -1        25-2.86081E-11 2.10781E-10 2.23656E-11
 -1        26-2.12282E-11 8.71713E-11-1.03528E-11
 -1        27-1.19359E-10-1.10130E-10 6.52758E-11
 -1        28-4.77192E+00-5.99080E+00-1.33333E+01
 -1        29 1.15261E+01-5.59373E+00-1.33333E+01
 -1        30-4.04184E-11-4.04231E-11 2.28539E-11
 -1        31-5.05121E+00-5.05121E+00-1.33333E+01
 -1        32-5.59373E+00 1.15261E+01-1.33333E+01
 -1        33-1.10145E-10-1.19359E-10 6.52900E-11
 -1        34-5.99080E+00-4.77192E+00-1.33333E+01
 -1        35 8.71760E-11-2.12182E-11-1.03550E-11
 -3
    1PSTEP                        12           4           1          
  100CL  104 1.000000000           9                     0    4           1
 -4  CONTACT     6    1
 -5  COPEN       1    1    0    0
 -5  CSLIP1      1    1    0    0
 -5  CSLIP2      1    1    0    0
 -5  CPRESS      1    1    0    0
 -5  CSHEAR1     1    1    0    0
 -5  CSHEAR2     1    1    0    0
 -1        24-1.13003E-03-9.70920E-04-7.36991E-03 1.19730E-02 9.55028E-05-3.53525E-04
 -1        23-1.16463E-03-3.31723E-03 3.16748E-03 1.20571E-02-1.26557E-04 1.97271E-04
 -1        19-2.27292E-03-3.32907E-03-3.32907E-03 1.19699E-02 2.20542E-05 2.20542E-05
 -1        18-1.16463E-03 3.16748E-03-3.31723E-03 1.20571E-02 1.97271E-04-1.26557E-04
 -1        17-1.13003E-03-7.36991E-03-9.70920E-04 1.19730E-02-3.53525E-04 9.55028E-05
 -1         4-8.51840E-04 1.73794E-03-4.36541E-04 1.27776E-02 2.60921E-04-6.55392E-05
 -1         3-1.67587E-03 1.35384E-03 1.35384E-03 1.25690E-02 1.01559E-04 1.01559E-04
 -1         2-8.51840E-04-4.36541E-04 1.73794E-03 1.27776E-02-6.55392E-05 2.60921E-04
 -1         1-1.75820E-03 6.76660E-03 6.76660E-03 1.31865E-02 5.07714E-04 5.07714E-04
 -3
    1PSTEP                        13           1           2          
  100CL  105 1.250000000          35                     0    5           1
 -4  DISP        4    1
 -5  D1          1    2    1    0
 -5  D2          1    2    2    0
 -5  D3          1    2    3    0
 -5  ALL         1    2    0    0    1ALL
 -1         1 2.49360E-01 3.04612E-05 3.99972E-05
 -1         2 2.49350E-01-4.64070E-05-2.69302E-04
 -1         3 2.49344E-01 7.94111E-05-2.63264E-04
 -1         4 2.49351E-01 3.68816E-06 7.89159E-05
 -1         5 2.50000E-01 0.00000E+00-5.70053E-05
 -1         6 2.50000E-01 0.00000E+00-6.85886E-04
 -1         7 2.50000E-01 0.00000E+00-6.41882E-04
 -1         8 2.50000E-01 0.00000E+00-3.65960E-05
 -1         9 0.00000E+00 0.00000E+00 0.00000E+00
 -1        10 0.00000E+00 0.00000E+00 0.00000E+00
 -1        11 0.00000E+00 0.00000E+00 0.00000E+00
 -1        12 0.00000E+00 0.00000E+00 0.00000E+00
 -1        13 1.99955E-04 2.83287E-05 7.24505E-05
 -1        14 2.88367E-04-7.31380E-05-2.96679E-04
 -1        15 2.86031E-04 7.19142E-05-2.89193E-04
 -1        16 2.00495E-04-2.77604E-05 6.57794E-05
 -1        17 2.49329E-01-1.46644E-05-1.14350E-04
 -1        18 2.49365E-01 1.50007E-05-2.66300E-04
 -1        19 2.49351E-01 1.73612E-05-1.13947E-04
 -1        20 2.49635E-01 5.39582E-06-1.82766E-04
 -1        21 2.49663E-01 2.94658E-06-4.63261E-04
 -1        22 2.49643E-01 5.41966E-05-4.56977E-04
 -1        23 2.49335E-01 4.69945E-05-1.04849E-04
 -1        24 2.49364E-01 8.61894E-06 6.62651E-05
 -1        25 2.49622E-01 2.74534E-05-1.82145E-04
 -1        26 2.49627E-01 1.46997E-05 6.26136E-05
 -1        27 2.49634E-01 3.25166E-06 8.49260E-05
 -1        28 2.50000E-01 0.00000E+00-2.89024E-04
 -1        29 2.50000E-01 0.00000E+00 4.99415E-05
 -1        30 2.49636E-01 1.35316E-06 8.89575E-06
 -1        31 2.50000E-01 0.00000E+00-2.21110E-04
 -1        32 2.50000E-01 0.00000E+00-2.61156E-04
 -1        33 2.49627E-01-1.08941E-05-1.96880E-04
 -1        34 2.50000E-01 0.00000E+00-6.10951E-04
 -1        35 2.49656E-01-3.23372E-05-4.82880E-04
 -3
    1PSTEP                        14           1           2          
  100CL  105 1.250000000          35                     0    5           1
 -4  FORC        4    1
 -5  F1          1    2    1    0
 -5  F2          1    2    2    0
 -5  F3          1    2    3    0
 -5  ALL         1    2    0    0    1ALL
 -1         1 7.80975E-12-2.52200E-12-2.76135E-12
 -1         2 1.68106E-11-3.30243E-12-2.70894E-12
 -1         3-2.51221E-12-3.48008E-13 3.56160E-12
 -1         4-1.10193E-11 5.42339E-12 6.97220E-14
 -1         5 6.50008E+00 5.90860E+00-1.33333E+01
 -1         6-2.32126E+00 6.84366E+00-1.33333E+01
 -1         7-3.45989E+00-2.40408E+00-1.33333E+01
 -1         8 4.24970E+00-6.90309E-01-1.33333E+01
 -1         9-2.27490E+00 3.50981E+00-5.40496E-02
 -1        10-1.54830E+01 1.22028E+01 6.00502E+01
 -1        11-1.57899E+01-1.24461E+01 5.99507E+01
 -1        12-2.45212E+00-3.26883E+00 5.31127E-02
 -1        13-1.59872E-14-1.55787E-14 2.13163E-14
 -1        14-3.55271E-15-2.20311E-14 1.42109E-14
 -1        15 1.42109E-14 2.31310E-14 6.39488E-14
 -1        16-8.88178E-15 1.70379E-14 2.30926E-14
 -1        17-2.60796E-11 7.07882E-12 5.53868E-12
 -1        18-1.57812E-11 5.28073E-12 5.32907E-13
 -1        19 1.94689E-12-1.80283E-12 9.83391E-12
 -1        20 4.65903E-11-1.66667E-12-1.00684E-11
 -1        21-1.55862E-11 4.28613E-12 4.86722E-12
 -1        22-1.26327E-11-5.05575E-12 9.85111E-13
 -1        23 1.34999E-11-5.58120E-12-2.95763E-12
 -1        24 3.14197E-12-4.12735E-12-3.45401E-12
 -1        25 1.15193E-11-5.67747E-12 4.16407E-12
 -1        26-1.81432E-12 1.28091E-12-2.06163E-12
 -1        27 1.25588E-12 3.47744E-12 2.09432E-12
 -1        28 5.45247E+00-7.42762E+00-1.33333E+01
 -1        29 1.66350E+01-4.84873E+00-1.33333E+01
 -1        30-6.50456E-13-3.01863E-12 6.09556E-12
 -1        31 1.14990E+01-3.44766E+00-1.33333E+01
 -1        32 3.22652E+00 1.13014E+01-1.33333E+01
 -1        33 7.34540E-12 8.18349E-12-7.84143E-12
 -1        34-5.78166E+00-5.23294E+00-1.33333E+01
 -1        35-8.59366E-12-1.92750E-12 4.10145E-12
 -3
    1PSTEP                        15           1           2          
  100CL  105 1.250000000           9                     0    5           1
 -4  CONTACT     6    1
 -5  COPEN       1    1    0    0
 -5  CSLIP1      1    1    0    0
 -5  CSLIP2      1    1    0    0
 -5  CPRESS      1    1    0    0
 -5  CSHEAR1     1    1    0    0
 -5  CSHEAR2     1    1    0    0
 -1        24 3.27039E-02 0.00000E+00 0.00000E+00 5.28798E-04 1.58639E-04 8.83060E-09
 -1        23-6.73407E-04 2.49084E+02 3.22543E-02 8.38582E-03 2.51574E-03 2.95385E-07
 -1        19-2.18302E-03 4.98215E+02 3.15106E-02 1.14232E-02 3.42696E-03 2.71545E-07
 -1        18-2.67678E-03 2.49097E+02 1.45371E-02 2.63431E-02 7.90292E-03 4.74112E-07
 -1        17-1.23834E-03 2.49068E+02-4.27503E-04 1.38958E-02 4.16874E-03 5.89580E-08
 -1         4 2.88189E-02 0.00000E+00 0.00000E+00 0.00000E+00 0.00000E+00 0.00000E+00
 -1         3-2.89692E-03 3.32087E+02 3.53253E-02 2.17269E-02 6.51806E-03 6.93355E-07
 -1         2-1.97900E-03 1.66047E+02 5.05635E-03 2.96850E-02 8.90551E-03 2.71268E-07
 -1         1-3.52532E-04 3.32204E+02 1.84872E-02 2.64399E-03 7.93197E-04 4.41485E-08
 -3
    1PSTEP                        16           2           2          
  100CL  106 1.500000000          35                     0    6           1
 -4  DISP        4    1
 -5  D1          1    2    1    0
 -5  D2          1    2    2    0
 -5  D3          1    2    3    0
 -5  ALL         1    2    0    0    1ALL
 -1         1 4.99354E-01 3.12199E-05 4.19875E-05
 -1         2 4.99344E-01-4.56813E-05-2.73389E-04
 -1         3 4.99338E-01 8.02183E-05-2.66556E-04
 -1         4 4.99345E-01 4.45078E-06 8.17471E-05
 -1         5 5.00000E-01 0.00000E+00-5.49470E-05
 -1         6 5.00000E-01 0.00000E+00-6.89969E-04
 -1         7 5.00000E-01 0.00000E+00-6.45187E-04
 -1         8 5.00000E-01 0.00000E+00-3.37632E-05
 -1         9 0.00000E+00 0.00000E+00 0.00000E+00
 -1        10 0.00000E+00 0.00000E+00 0.00000E+00
 -1        11 0.00000E+00 0.00000E+00 0.00000E+00
 -1        12 0.00000E+00 0.00000E+00 0.00000E+00
 -1        13 2.01346E-04 2.89541E-05 7.43850E-05
 -1        14 2.90310E-04-7.36294E-05-2.98771E-04
 -1        15 2.87958E-04 7.23680E-05-2.91235E-04
 -1        16 2.01892E-04-2.84090E-05 6.77098E-05
 -1        17 4.99323E-01-1.39333E-05-1.15223E-04
 -1        18 4.99359E-01 1.57440E-05-2.70083E-04
 -1        19 4.99345E-01 1.81148E-05-1.14576E-04
 -1        20 4.99632E-01 5.78317E-06-1.83395E-04
 -1        21 4.99660E-01 3.33568E-06-4.66993E-04
 -1        22 4.99640E-01 5.45819E-05-4.60279E-04
 -1        23 4.99329E-01 4.77761E-05-1.05050E-04
 -1        24 4.99358E-01 9.37554E-06 6.86856E-05
 -1        25 4.99619E-01 2.78324E-05-1.82372E-04
 -1        26 4.99624E-01 1.50748E-05 6.54440E-05
 -1        27 4.99631E-01 3.62551E-06 8.73629E-05
 -1        28 5.00000E-01 0.00000E+00-2.89256E-04
 -1        29 5.00000E-01 0.00000E+00 5.23873E-05
 -1        30 4.99632E-01 1.73785E-06 1.09331E-05
 -1        31 5.00000E-01 0.00000E+00-2.21721E-04
 -1        32 5.00000E-01 0.00000E+00-2.62141E-04
 -1        33 4.99624E-01-1.05170E-05-1.97849E-04
 -1        34 5.00000E-01 0.00000E+00-6.14651E-04
 -1        35 4.99653E-01-3.19570E-05-4.86952E-04
 -3
    1PSTEP                        17           2           2          
  100CL  106 1.500000000          35                     0    6           1
 -4  FORC        4    1
 -5  F1          1    2    1    0
 -5  F2          1    2    2    0
 -5  F3          1    2    3    0
 -5  ALL         1    2    0    0    1ALL
 -1         1-2.62976E-11-6.91052E-12 4.13092E-12
 -1         2-1.76041E-11 5.99990E-12-1.43885E-13
 -1         3-1.61071E-12 5.67369E-12-1.46017E-12
 -1         4 7.03437E-13-1.81723E-12 3.92530E-12
 -1         5 6.50057E+00 5.90806E+00-1.33333E+01
 -1         6-2.32481E+00 6.84473E+00-1.33333E+01
 -1         7-3.46212E+00-2.39965E+00-1.33333E+01
 -1         8 4.25011E+00-6.90736E-01-1.33333E+01
 -1         9-2.29406E+00 3.46167E+00-3.00943E-01
 -1        10-1.54624E+01 1.22524E+01 6.03007E+01
 -1        11-1.57701E+01-1.24957E+01 6.01970E+01
 -1        12-2.47270E+00-3.21857E+00-1.96820E-01
 -1        13-3.55271E-15 2.03444E-15-5.32907E-15
 -1        14-8.88178E-15 2.49995E-15 1.42109E-14
 -1        15-5.32907E-15-8.66750E-15 7.10543E-15
 -1        16 0.00000E+00-3.77710E-15 0.00000E+00
 -1        17 6.22373E-11-8.97911E-12-9.17666E-12
 -1        18 1.35856E-11-7.92130E-12-8.66862E-13
 -1        19-1.02336E-11 9.10413E-13-4.94538E-12
 -1        20 6.44018E-11-5.49605E-12 4.18510E-12
 -1        21-1.75358E-11-4.65161E-12 5.98988E-12
 -1        22 1.15194E-11-4.48785E-12-6.47273E-12
 -1        23 6.77280E-12-4.64271E-12-1.65912E-12
 -1        24-3.02303E-12 1.76879E-11-6.32618E-12
 -1        25-4.61486E-11-7.99495E-14 1.56135E-11
 -1        26 1.06547E-11-2.31489E-13-2.99628E-12
 -1        27-4.37375E-11 2.24537E-11 7.61879E-12
 -1        28 5.45422E+00-7.42650E+00-1.33333E+01
 -1        29 1.66353E+01-4.84762E+00-1.33333E+01
 -1        30 1.76478E-11-1.31632E-11-5.59602E-12
 -1        31 1.15025E+01-3.44779E+00-1.33333E+01
 -1        32 3.23007E+00 1.12986E+01-1.33333E+01
 -1        33-2.35521E-11 5.14973E-12 4.46763E-12
 -1        34-5.78673E+00-5.23900E+00-1.33333E+01
 -1        35-1.06517E-11 5.24607E-13 1.20381E-12
 -3
    1PSTEP                        18           2           2          
  100CL  106 1.500000000           9                     0    6           1
 -4  CONTACT     6    1
 -5  COPEN       1    1    0    0
 -5  CSLIP1      1    1    0    0
 -5  CSLIP2      1    1    0    0
 -5  CPRESS      1    1    0    0
 -5  CSHEAR1     1    1    0    0
 -5  CSHEAR2     1    1    0    0
 -1        24 2.82329E-04 0.00000E+00 0.00000E+00 5.26728E-04 1.58019E-04 1.17351E-10
 -1        23-6.73876E-04 4.99076E+02 3.27694E-02 8.38875E-03 2.51663E-03 6.85586E-09
 -1        19-2.18269E-03 9.98198E+02 3.35303E-02 1.14203E-02 3.42609E-03 9.90986E-09
 -1        18-2.67555E-03 4.99089E+02 1.52868E-02 2.63346E-02 7.90037E-03 2.43391E-08
 -1        17-1.24111E-03 4.99060E+02 5.98351E-04 1.39091E-02 4.17274E-03 1.50639E-08
 -1         4 4.17988E-04 0.00000E+00 0.00000E+00 0.00000E+00 0.00000E+00 0.00000E+00
 -1         3-2.89700E-03 6.65410E+02 3.55394E-02 2.17275E-02 6.51825E-03 1.33394E-08
 -1         2-1.97860E-03 3.32708E+02 6.00049E-03 2.96789E-02 8.90368E-03 3.79979E-08
 -1         1-3.51152E-04 6.65525E+02 1.93840E-02 2.63364E-03 7.90093E-04 1.01556E-09
 -3
    1PSTEP                        19           3           2          
  100CL  107 1.750000000          35                     0    7           1
 -4  DISP        4    1
 -5  D1          1    2    1    0
 -5  D2          1    2    2    0
 -5  D3          1    2    3    0
 -5  ALL         1    2    0    0    1ALL
 -1         1 7.49353E-01 3.11104E-05 4.15083E-05
 -1         2 7.49343E-01-4.57825E-05-2.74876E-04
 -1         3 7.49337E-01 8.01146E-05-2.68171E-04
 -1         4 7.49344E-01 4.33587E-06 8.10991E-05
 -1         5 7.50000E-01 0.00000E+00-5.54695E-05
 -1         6 7.50000E-01 0.00000E+00-6.91496E-04
 -1         7 7.50000E-01 0.00000E+00-6.46820E-04
 -1         8 7.50000E-01 0.00000E+00-3.44085E-05
 -1         9 0.00000E+00 0.00000E+00 0.00000E+00
 -1        10 0.00000E+00 0.00000E+00 0.00000E+00
 -1        11 0.00000E+00 0.00000E+00 0.00000E+00
 -1        12 0.00000E+00 0.00000E+00 0.00000E+00
 -1        13 2.02053E-04 2.92747E-05 7.53527E-05
 -1        14 2.91288E-04-7.38684E-05-2.99807E-04
 -1        15 2.88942E-04 7.26083E-05-2.92289E-04
 -1        16 2.02598E-04-2.87328E-05 6.86963E-05
 -1        17 7.49322E-01-1.40333E-05-1.16295E-04
 -1        18 7.49358E-01 1.56440E-05-2.71638E-04
 -1        19 7.49344E-01 1.80078E-05-1.15664E-04
 -1        20 7.49631E-01 5.72776E-06-1.84481E-04
 -1        21 7.49659E-01 3.28246E-06-4.68564E-04
 -1        22 7.49639E-01 5.45314E-05-4.61908E-04
 -1        23 7.49328E-01 4.76637E-05-1.06205E-04
 -1        24 7.49357E-01 9.26363E-06 6.81126E-05
 -1        25 7.49618E-01 2.77788E-05-1.83519E-04
 -1        26 7.49624E-01 1.50229E-05 6.47979E-05
 -1        27 7.49631E-01 3.57565E-06 8.67822E-05
 -1        28 7.50000E-01 0.00000E+00-2.90398E-04
 -1        29 7.50000E-01 0.00000E+00 5.18001E-05
 -1        30 7.49632E-01 1.68320E-06 1.04247E-05
 -1        31 7.50000E-01 0.00000E+00-2.22814E-04
 -1        32 7.50000E-01 0.00000E+00-2.63181E-04
 -1        33 7.49623E-01-1.05681E-05-1.98891E-04
 -1        34 7.50000E-01 0.00000E+00-6.16233E-04
 -1        35 7.49652E-01-3.20117E-05-4.88472E-04
 -3
    1PSTEP                        20           3           2          
  100CL  107 1.750000000          35                     0    7           1
 -4  FORC        4    1
 -5  F1          1    2    1    0
 -5  F2          1    2    2    0
 -5  F3          1    2    3    0
 -5  ALL         1    2    0    0    1ALL
 -1         1 2.52482E-11 1.31995E-11-7.77334E-12
 -1         2 5.92042E-11-8.00750E-12-2.63780E-11
 -1         3-2.63189E-11 1.16235E-11-2.58638E-12
 -1         4 3.79019E-12-7.76245E-12 9.84013E-12
 -1         5 6.50031E+00 5.90812E+00-1.33333E+01
 -1         6-2.32317E+00 6.84446E+00-1.33333E+01
 -1         7-3.46051E+00-2.40009E+00-1.33333E+01
 -1         8 4.24993E+00-6.90507E-01-1.33333E+01
 -1         9-2.30453E+00 3.43651E+00-4.26471E-01
 -1        10-1.54527E+01 1.22778E+01 6.04265E+01
 -1        11-1.57596E+01-1.25203E+01 6.03228E+01
 -1        12-2.48275E+00-3.19395E+00-3.22843E-01
 -1        13 1.42109E-14 2.21660E-15 0.00000E+00
 -1        14 7.10543E-15 1.19441E-15 7.10543E-15
 -1        15-1.77636E-15 1.13934E-15 1.42109E-14
 -1        16 1.77636E-15-6.51558E-16-3.55271E-15
 -1        17-8.78488E-11 8.96592E-12 3.26565E-11
 -1        18 3.53673E-12 2.59081E-12 1.23634E-11
 -1        19 2.40625E-11-3.88417E-11-3.19034E-12
 -1        20 1.79917E-10-7.08105E-11-3.15055E-11
 -1        21-1.31854E-10 5.13056E-11 4.10907E-11
 -1        22 7.81856E-11-3.92500E-11 2.23850E-12
 -1        23 1.62790E-11 7.64584E-12-1.87512E-11
 -1        24-2.00951E-11 1.05935E-11-2.62941E-12
 -1        25-8.22332E-11 3.60074E-11 1.69215E-11
 -1        26-1.32537E-11 2.11512E-11-1.78975E-11
 -1        27 9.37295E-12-8.50853E-12 1.24656E-11
 -1        28 5.45353E+00-7.42629E+00-1.33333E+01
 -1        29 1.66350E+01-4.84869E+00-1.33333E+01
 -1        30-1.77507E-12-9.94209E-12 5.96579E-12
 -1        31 1.15007E+01-3.44862E+00-1.33333E+01
 -1        32 3.22823E+00 1.12995E+01-1.33333E+01
 -1        33 3.72446E-12 6.53612E-12-2.01008E-11
 -1        34-5.78438E+00-5.23786E+00-1.33333E+01
 -1        35-2.99156E-11 1.34986E-11 1.18095E-11
 -3
    1PSTEP                        21           3           2          
  100CL  107 1.750000000           9                     0    7           1
 -4  CONTACT     6    1
 -5  COPEN       1    1    0    0
 -5  CSLIP1      1    1    0    0
 -5  CSLIP2      1    1    0    0
 -5  CPRESS      1    1    0    0
 -5  CSHEAR1     1    1    0    0
 -5  CSHEAR2     1    1    0    0
 -1        24 2.46414E-02 0.00000E+00 0.00000E+00 5.27819E-04 1.58346E-04-2.57667E-10
 -1        23-6.73647E-04 7.49074E+02 3.25116E-02 8.38762E-03 2.51629E-03-1.90026E-09
 -1        19-2.18261E-03 1.49819E+03 3.35808E-02 1.14214E-02 3.42642E-03-1.95903E-09
 -1        18-2.67575E-03 7.49087E+02 1.51898E-02 2.63374E-02 7.90121E-03-3.06282E-09
 -1        17-1.23988E-03 7.49058E+02 6.49987E-04 1.39043E-02 4.17128E-03-4.20245E-10
 -1         4 2.16936E-02 0.00000E+00 0.00000E+00 0.00000E+00 0.00000E+00 0.00000E+00
 -1         3-2.89716E-03 9.98740E+02 3.49486E-02 2.17287E-02 6.51861E-03-6.97656E-09
 -1         2-1.97906E-03 4.99373E+02 6.16117E-03 2.96858E-02 8.90574E-03 2.22065E-09
 -1         1-3.51879E-04 9.98857E+02 1.91766E-02 2.63909E-03 7.91728E-04-1.05939E-09
 -3
    1PSTEP                        22           4           2          
  100CL  108 2.000000000          35                     0    8           1
 -4  DISP        4    1
 -5  D1          1    2    1    0
 -5  D2          1    2    2    0
 -5  D3          1    2    3    0
 -5  ALL         1    2    0    0    1ALL
 -1         1 9.99353E-01 3.06002E-05 4.10330E-05
 -1         2 9.99344E-01-4.62653E-05-2.74978E-04
 -1         3 9.99337E-01 7.95865E-05-2.68822E-04
 -1         4 9.99344E-01 3.81995E-06 8.00162E-05
 -1         5 1.00000E+00 0.00000E+00-5.60208E-05
 -1         6 1.00000E+00 0.00000E+00-6.91630E-04
 -1         7 1.00000E+00 0.00000E+00-6.47469E-04
 -1         8 1.00000E+00 0.00000E+00-3.54897E-05
 -1         9 0.00000E+00 0.00000E+00 0.00000E+00
 -1        10 0.00000E+00 0.00000E+00 0.00000E+00
 -1        11 0.00000E+00 0.00000E+00 0.00000E+00
 -1        12 0.00000E+00 0.00000E+00 0.00000E+00
 -1        13 2.02756E-04 2.95937E-05 7.63115E-05
 -1        14 2.92258E-04-7.41048E-05-3.00833E-04
 -1        15 2.89920E-04 7.28487E-05-2.93343E-04
 -1        16 2.03299E-04-2.90546E-05 6.96810E-05
 -1        17 9.99322E-01-1.45204E-05-1.16744E-04
 -1        18 9.99358E-01 1.51533E-05-2.71963E-04
 -1        19 9.99345E-01 1.75038E-05-1.16269E-04
 -1        20 9.99632E-01 5.46984E-06-1.85085E-04
 -1        21 9.99660E-01 3.02576E-06-4.68928E-04
 -1        22 9.99640E-01 5.42789E-05-4.62560E-04
 -1        23 9.99329E-01 4.71400E-05-1.07104E-04
 -1        24 9.99358E-01 8.75338E-06 6.73199E-05
 -1        25 9.99618E-01 2.75265E-05-1.84397E-04
 -1        26 9.99624E-01 1.47742E-05 6.37172E-05
 -1        27 9.99631E-01 3.32913E-06 8.59734E-05
 -1        28 1.00000E+00 0.00000E+00-2.91268E-04
 -1        29 1.00000E+00 0.00000E+00 5.09803E-05
 -1        30 9.99632E-01 1.42628E-06 9.89766E-06
 -1        31 1.00000E+00 0.00000E+00-2.23434E-04
 -1        32 1.00000E+00 0.00000E+00-2.63550E-04
 -1        33 9.99623E-01-1.08178E-05-1.99270E-04
 -1        34 1.00000E+00 0.00000E+00-6.16621E-04
 -1        35 9.99652E-01-3.22647E-05-4.88606E-04
 -3
    1PSTEP                        23           4           2          
  100CL  108 2.000000000          35                     0    8           1
 -4  FORC        4    1
 -5  F1          1    2    1    0
 -5  F2          1    2    2    0
 -5  F3          1    2    3    0
 -5  ALL         1    2    0    0    1ALL
 -1         1-1.74700E-11 1.95037E-11 3.09086E-12
 -1         2-1.07172E-11 3.23778E-12-2.87148E-12
 -1         3-2.69429E-11 9.68492E-12 1.74616E-12
 -1         4-8.98837E-12 1.87171E-12-8.01137E-13
 -1         5 6.49987E+00 5.90847E+00-1.33333E+01
 -1         6-2.32003E+00 6.84368E+00-1.33333E+01
 -1         7-3.45794E+00-2.40276E+00-1.33333E+01
 -1         8 4.24956E+00-6.90082E-01-1.33333E+01
 -1         9-2.31496E+00 3.41132E+00-5.51231E-01
 -1        10-1.54432E+01 1.23031E+01 6.05513E+01
 -1        11-1.57489E+01-1.25448E+01 6.04480E+01
 -1        12-2.49252E+00-3.16965E+00-4.48092E-01
 -1        13-3.55271E-15-5.33190E-16 0.00000E+00
 -1        14-3.55271E-15-3.49306E-16-7.10543E-15
 -1        15 1.77636E-15 3.25552E-15 7.10543E-15
 -1        16-5.32907E-15 1.55351E-15 8.88178E-15
 -1        17 3.52607E-11-2.72466E-11-1.07185E-11
 -1        18 7.27400E-11-1.30875E-11-1.60654E-11
 -1        19-5.78844E-11 2.47413E-11-2.98783E-11
 -1        20-1.36804E-10-6.98330E-12 2.32774E-11
 -1        21 2.34079E-11 4.80460E-12 8.40927E-12
 -1        22 5.24974E-11 1.75649E-11-5.82097E-12
 -1        23 4.59477E-11 1.51076E-12-1.39959E-11
 -1        24-8.76289E-12-2.02166E-11 2.43429E-11
 -1        25-5.19681E-11 7.81994E-12 1.02080E-11
 -1        26 2.16342E-11-8.87928E-12 9.18182E-12
 -1        27 2.83373E-11 2.57416E-12-2.18536E-11
 -1        28 5.45189E+00-7.42673E+00-1.33333E+01
 -1        29 1.66344E+01-4.85041E+00-1.33333E+01
 -1        30-4.68903E-12 1.36312E-11 1.49146E-12
 -1        31 1.14969E+01-3.44973E+00-1.33333E+01
 -1        32 3.22470E+00 1.13015E+01-1.33333E+01
 -1        33 2.65675E-11-3.42015E-11 4.54967E-14
 -1        34-5.77980E+00-5.23396E+00-1.33333E+01
 -1        35-1.81401E-11 3.68036E-12 1.84831E-11
 -3
    1PSTEP                        24           4           2          
  100CL  108 2.000000000           9                     0    8           1
 -4  CONTACT     6    1
 -5  COPEN       1    1    0    0
 -5  CSLIP1      1    1    0    0
 -5  CSLIP2      1    1    0    0
 -5  CPRESS      1    1    0    0
 -5  CSHEAR1     1    1    0    0
 -5  CSHEAR2     1    1    0    0
 -1        24 3.27756E-02 0.00000E+00 0.00000E+00 5.29862E-04 1.58959E-04-5.09671E-10
 -1        23-6.73178E-04 9.99074E+02 3.18410E-02 8.38479E-03 2.51544E-03-6.12730E-09
 -1        19-2.18274E-03 1.99819E+03 3.28549E-02 1.14238E-02 3.42715E-03-7.49553E-09
 -1        18-2.67656E-03 9.99087E+02 1.47093E-02 2.63439E-02 7.90317E-03-1.53970E-08
 -1        17-1.23750E-03 9.99057E+02 3.17881E-04 1.38937E-02 4.16810E-03-6.84432E-09
 -1         4 2.87767E-02 0.00000E+00 0.00000E+00 0.00000E+00 0.00000E+00 0.00000E+00
 -1         3-2.89715E-03 1.33207E+03 3.37898E-02 2.17286E-02 6.51859E-03-1.80806E-08
 -1         2-1.97961E-03 6.66040E+02 6.06689E-03 2.96942E-02 8.90825E-03-1.14266E-08
 -1         1-3.53241E-04 1.33219E+03 1.84378E-02 2.64931E-03 7.94793E-04-2.33186E-09
 -3
 9999
