Warning : Volume mesh: worst distortion = -0.525958 (avg = 0.954665, 10 elements with jac. < 0)
Warning : ------------------------------
Warning : Mesh generation error summary
Warning :     1 warning
Warning :     0 errors
Warning : Check the full log for details
Warning : ------------------------------
Warning : Volume mesh: worst distortion = -0.556966 (avg = 0.954795, 15 elements with jac. < 0)
Warning : ------------------------------
Warning : Mesh generation error summary
Warning :     1 warning
Warning :     0 errors
Warning : Check the full log for details
Warning : ------------------------------
Warning : 1 ill-shaped tets are still in the mesh
Warning : Surface mesh: worst distortion = -0.196564 (avg = 0.983335, 1 elements with jac. < 0); worst gamma = 0.0579368
Warning : Volume mesh: worst distortion = -5.4042 (avg = 0.925613, 59 elements with jac. < 0)
Warning : ------------------------------
Warning : Mesh generation error summary
Warning :     3 warnings
Warning :     0 errors
Warning : Check the full log for details
Warning : ------------------------------
/runs/attempt-03
