SUMMARY OF C0NVERGENCE INFORMATION
  STEP   INC  ATT   ITER     CONT.   RESID.        CORR.      RESID.      CORR.
                              EL.    FORCE         DISP       FLUX        TEMP.
                              (#)     (%)           (%)        (%)         (%)
     1     1     1     1        0  0.2774E-03  0.1000E+03  0.0000E+00  0.0000E+00
     1     1     1     2        0  0.0000E+00  0.4011E-04  0.0000E+00  0.0000E+00
     1     2     1     1        0  0.0000E+00  0.7594E+00  0.0000E+00  0.0000E+00
     1     2     1     2        0  0.0000E+00  0.7552E+00  0.0000E+00  0.0000E+00
     1     3     1     1        0  0.0000E+00  0.3799E+00  0.0000E+00  0.0000E+00
     1     3     1     2        0  0.0000E+00  0.3759E+00  0.0000E+00  0.0000E+00
     1     4     1     1        0  0.0000E+00  0.4531E+00  0.0000E+00  0.0000E+00
     1     4     1     2        0  0.0000E+00  0.2491E+00  0.0000E+00  0.0000E+00
     1     5     1     1        0  0.0000E+00  0.7564E+00  0.0000E+00  0.0000E+00
     1     5     1     2        0  0.0000E+00  0.1873E+00  0.0000E+00  0.0000E+00
     1     6     1     1        0  0.0000E+00  0.4308E+00  0.0000E+00  0.0000E+00
     1     6     1     2        0  0.0000E+00  0.1511E+00  0.0000E+00  0.0000E+00
     1     7     1     1        0  0.0000E+00  0.1647E+00  0.0000E+00  0.0000E+00
     1     7     1     2        0  0.0000E+00  0.1266E+00  0.0000E+00  0.0000E+00
     1     8     1     1        0  0.0000E+00  0.1779E+00  0.0000E+00  0.0000E+00
     1     8     1     2        0  0.0000E+00  0.1084E+00  0.0000E+00  0.0000E+00
     2     1     1     1        0  0.6675E+03  0.1000E+03  0.0000E+00  0.0000E+00
     2     1     1     2        0  0.2128E+04  0.1000E+03  0.0000E+00  0.0000E+00
     2     1     1     3        0  0.1465E+03  0.8048E+02  0.0000E+00  0.0000E+00
     2     1     1     4        0  0.6332E+03  0.6539E+02  0.0000E+00  0.0000E+00
     2     1     1     5        0  0.1520E+04  0.2446E+02  0.0000E+00  0.0000E+00
     2     1     1     6        0  0.1315E+03  0.8679E+02  0.0000E+00  0.0000E+00
     2     1     1     7        0  0.5956E+03  0.4879E+02  0.0000E+00  0.0000E+00
     2     1     1     8        0  0.3881E+02  0.3837E+02  0.0000E+00  0.0000E+00
     2     1     1     9        0  0.4549E+01  0.1790E+00  0.0000E+00  0.0000E+00
     2     1     1    10        0  0.2474E+02  0.1228E+00  0.0000E+00  0.0000E+00
     2     1     1    11        0  0.3976E-04  0.4720E-01  0.0000E+00  0.0000E+00
     2     1     1    12        0  0.0000E+00  0.1785E-05  0.0000E+00  0.0000E+00
     2     2     1     1        0  0.1685E-01  0.5402E+00  0.0000E+00  0.0000E+00
     2     2     1     2        0  0.0000E+00  0.1288E-01  0.0000E+00  0.0000E+00
     2     2     1     3        0  0.0000E+00  0.8533E-02  0.0000E+00  0.0000E+00
     2     2     1     4        0  0.0000E+00  0.9970E-06  0.0000E+00  0.0000E+00
     2     3     1     1        0  0.4454E-04  0.2525E-01  0.0000E+00  0.0000E+00
     2     3     1     2        0  0.0000E+00  0.9202E-07  0.0000E+00  0.0000E+00
     2     4     1     1        0  0.2434E+02  0.1686E-01  0.0000E+00  0.0000E+00
     2     4     1     2        0  0.2034E-04  0.1754E-01  0.0000E+00  0.0000E+00
     2     4     1     3        0  0.0000E+00  0.6734E-06  0.0000E+00  0.0000E+00
     2     5     1     1        0  0.0000E+00  0.5909E-02  0.0000E+00  0.0000E+00
     2     5     1     2        0  0.0000E+00  0.1464E-08  0.0000E+00  0.0000E+00
     2     6     1     1        0  0.0000E+00  0.6194E-03  0.0000E+00  0.0000E+00
     2     6     1     2        0  0.0000E+00  0.7140E-10  0.0000E+00  0.0000E+00
     2     7     1     1        0  0.0000E+00  0.1589E-02  0.0000E+00  0.0000E+00
     2     7     1     2        0  0.0000E+00  0.7473E-10  0.0000E+00  0.0000E+00
     2     8     1     1        0  0.0000E+00  0.3668E-03  0.0000E+00  0.0000E+00
     2     8     1     2        0  0.0000E+00  0.4703E-11  0.0000E+00  0.0000E+00
