SUMMARY OF C0NVERGENCE INFORMATION
  STEP   INC  ATT   ITER     CONT.   RESID.        CORR.      RESID.      CORR.
                              EL.    FORCE         DISP       FLUX        TEMP.
                              (#)     (%)           (%)        (%)         (%)
     1     1     1     1        0  0.5548E-03  0.1000E+03  0.0000E+00  0.0000E+00
     1     1     1     2        0  0.0000E+00  0.8022E-04  0.0000E+00  0.0000E+00
     1     2     1     1        0  0.0000E+00  0.7571E+00  0.0000E+00  0.0000E+00
     1     2     1     2        0  0.0000E+00  0.7548E+00  0.0000E+00  0.0000E+00
     1     3     1     1        0  0.0000E+00  0.4398E+00  0.0000E+00  0.0000E+00
     1     3     1     2        0  0.0000E+00  0.3760E+00  0.0000E+00  0.0000E+00
     1     4     1     1        0  0.0000E+00  0.6189E+00  0.0000E+00  0.0000E+00
     1     4     1     2        0  0.0000E+00  0.2509E+00  0.0000E+00  0.0000E+00
     2     1     1     1        0  0.6751E+03  0.1000E+03  0.0000E+00  0.0000E+00
     2     1     1     2        0  0.2186E+04  0.1000E+03  0.0000E+00  0.0000E+00
     2     1     1     3        0  0.2208E+03  0.4951E+02  0.0000E+00  0.0000E+00
     2     1     1     4        0  0.6347E+03  0.3919E+02  0.0000E+00  0.0000E+00
     2     1     1     5        0  0.1505E+04  0.1827E+02  0.0000E+00  0.0000E+00
     2     1     1     6        0  0.3602E+03  0.8131E+02  0.0000E+00  0.0000E+00
     2     1     1     7        0  0.8164E+03  0.5673E+02  0.0000E+00  0.0000E+00
     2     1     1     8        0  0.2285E+03  0.4810E+02  0.0000E+00  0.0000E+00
     2     1     1     9        0  0.2084E+03  0.8510E+00  0.0000E+00  0.0000E+00
     2     1     1    10        0  0.2032E+03  0.7085E+00  0.0000E+00  0.0000E+00
     2     1     1    11        0  0.7328E-02  0.3255E+00  0.0000E+00  0.0000E+00
     2     1     1    12        0  0.3690E-03  0.9296E-01  0.0000E+00  0.0000E+00
     2     1     1    13        0  0.4127E-03  0.7908E-01  0.0000E+00  0.0000E+00
     2     1     1    14        0  0.0000E+00  0.6800E-05  0.0000E+00  0.0000E+00
     2     2     1     1        0  0.1684E-01  0.2696E+00  0.0000E+00  0.0000E+00
     2     2     1     2        0  0.0000E+00  0.1397E-05  0.0000E+00  0.0000E+00
     2     3     1     1        0  0.0000E+00  0.2090E-02  0.0000E+00  0.0000E+00
     2     3     1     2        0  0.0000E+00  0.1476E-09  0.0000E+00  0.0000E+00
     2     4     1     1        0  0.0000E+00  0.5815E-03  0.0000E+00  0.0000E+00
     2     4     1     2        0  0.0000E+00  0.3352E-10  0.0000E+00  0.0000E+00
