    1C
    1UUSER                                                              
    1UDATE              06.september.2026                               
    1UTIME              18:17:23                                        
    1UHOST                                                              
    1UPGM               CalculiX                                        
    1UVERSION           Version 2.21                             
    1UCOMPILETIME       Sat Jul 29 10:52:01 CEST 2023                    
    1UDIR                                                               
    1UDBN                                                               
    1UMAT    1WOOD                                                      
    1UMAT    2FLOOR                                                     
    2C                            35                                     1
 -1         1 0.00000E+00 0.00000E+00 0.00000E+00
 -1         2 1.00000E+02 0.00000E+00 0.00000E+00
 -1         3 1.00000E+02 1.00000E+02 0.00000E+00
 -1         4 0.00000E+00 1.00000E+02 0.00000E+00
 -1         5 0.00000E+00 0.00000E+00 1.00000E+02
 -1         6 1.00000E+02 0.00000E+00 1.00000E+02
 -1         7 1.00000E+02 1.00000E+02 1.00000E+02
 -1         8 0.00000E+00 1.00000E+02 1.00000E+02
 -1         9-1.00000E+01-1.00000E+01-1.00000E+02
 -1        10 1.10000E+02-1.00000E+01-1.00000E+02
 -1        11 1.10000E+02 1.10000E+02-1.00000E+02
 -1        12-1.00000E+01 1.10000E+02-1.00000E+02
 -1        13-1.00000E+01-1.00000E+01 0.00000E+00
 -1        14 1.10000E+02-1.00000E+01 0.00000E+00
 -1        15 1.10000E+02 1.10000E+02 0.00000E+00
 -1        16-1.00000E+01 1.10000E+02 0.00000E+00
 -1        17 5.00000E+01 0.00000E+00 0.00000E+00
 -1        18 1.00000E+02 5.00000E+01 0.00000E+00
 -1        19 5.00000E+01 5.00000E+01 0.00000E+00
 -1        20 5.00000E+01 5.00000E+01 5.00000E+01
 -1        21 1.00000E+02 5.00000E+01 5.00000E+01
 -1        22 1.00000E+02 1.00000E+02 5.00000E+01
 -1        23 5.00000E+01 1.00000E+02 0.00000E+00
 -1        24 0.00000E+00 5.00000E+01 0.00000E+00
 -1        25 5.00000E+01 1.00000E+02 5.00000E+01
 -1        26 0.00000E+00 1.00000E+02 5.00000E+01
 -1        27 0.00000E+00 5.00000E+01 5.00000E+01
 -1        28 5.00000E+01 1.00000E+02 1.00000E+02
 -1        29 0.00000E+00 5.00000E+01 1.00000E+02
 -1        30 0.00000E+00 0.00000E+00 5.00000E+01
 -1        31 5.00000E+01 5.00000E+01 1.00000E+02
 -1        32 5.00000E+01 0.00000E+00 1.00000E+02
 -1        33 5.00000E+01 0.00000E+00 5.00000E+01
 -1        34 1.00000E+02 5.00000E+01 1.00000E+02
 -1        35 1.00000E+02 0.00000E+00 5.00000E+01
 -3
    3C                             7                                     1
 -1         1    6    0    1
 -2         1         2         3         7        17        18        19        20        21        22
 -1         2    6    0    1
 -2         1         3         4         7        19        23        24        20        22        25
 -1         3    6    0    1
 -2         1         4         8         7        24        26        27        20        25        28
 -1         4    6    0    1
 -2         1         8         5         7        27        29        30        20        28        31
 -1         5    6    0    1
 -2         1         5         6         7        30        32        33        20        31        34
 -1         6    6    0    1
 -2         1         6         2         7        33        35        17        20        34        21
 -1        99    1    0    1
 -2         9        10        11        12        13        14        15        16
 -3
    1PSTEP                         1           1           1          
  100CL  101 1.25000E-01          35                     0    1           1
 -4  DISP        4    1
 -5  D1          1    2    1    0
 -5  D2          1    2    2    0
 -5  D3          1    2    3    0
 -5  ALL         1    2    0    0    1ALL
 -1         1-2.33131E-06-2.33131E-06-1.41666E-05
 -1         2 2.42631E-06-2.65935E-06-1.32612E-05
 -1         3 2.90837E-06 2.90837E-06-1.38049E-05
 -1         4-2.65935E-06 2.42631E-06-1.32612E-05
 -1         5 0.00000E+00 0.00000E+00-4.24836E-05
 -1         6 0.00000E+00 0.00000E+00-4.64005E-05
 -1         7 0.00000E+00 0.00000E+00-4.14412E-05
 -1         8 0.00000E+00 0.00000E+00-4.64005E-05
 -1         9 0.00000E+00 0.00000E+00 0.00000E+00
 -1        10 0.00000E+00 0.00000E+00 0.00000E+00
 -1        11 0.00000E+00 0.00000E+00 0.00000E+00
 -1        12 0.00000E+00 0.00000E+00 0.00000E+00
 -1        13-3.50844E-06-3.50844E-06-1.41963E-05
 -1        14 3.02517E-06-3.56693E-06-1.29424E-05
 -1        15 3.38834E-06 3.38834E-06-1.37715E-05
 -1        16-3.56693E-06 3.02517E-06-1.29424E-05
 -1        17-6.70946E-07-2.85627E-06-1.37013E-05
 -1        18 2.89137E-06-2.60148E-07-1.35254E-05
 -1        19-1.37910E-07-1.37910E-07-1.36128E-05
 -1        20-2.26042E-07-2.26042E-07-2.37713E-05
 -1        21 2.61842E-06-3.56431E-07-2.47527E-05
 -1        22 2.55388E-06 2.55388E-06-2.68605E-05
 -1        23-2.60148E-07 2.89137E-06-1.35254E-05
 -1        24-2.85627E-06-6.70946E-07-1.37013E-05
 -1        25-3.56431E-07 2.61842E-06-2.47527E-05
 -1        26-2.14657E-06 3.42290E-06-2.74076E-05
 -1        27-2.60033E-06-7.20995E-07-2.41889E-05
 -1        28 0.00000E+00 0.00000E+00-3.66482E-05
 -1        29 0.00000E+00 0.00000E+00-3.38537E-05
 -1        30-2.57496E-06-2.57496E-06-2.87700E-05
 -1        31 0.00000E+00 0.00000E+00-2.96142E-05
 -1        32 0.00000E+00 0.00000E+00-3.38537E-05
 -1        33-7.20995E-07-2.60033E-06-2.41889E-05
 -1        34 0.00000E+00 0.00000E+00-3.66482E-05
 -1        35 3.42290E-06-2.14657E-06-2.74076E-05
 -3
    1PSTEP                         2           1           1          
  100CL  101 1.25000E-01          35                     0    1           1
 -4  FORC        4    1
 -5  F1          1    2    1    0
 -5  F2          1    2    2    0
 -5  F3          1    2    3    0
 -5  ALL         1    2    0    0    1ALL
 -1         1 4.99600E-16 4.16334E-16 1.83187E-15
 -1         2 1.73472E-18 9.71445E-17-8.18789E-16
 -1         3 4.16334E-16 2.22045E-16 1.11022E-15
 -1         4 3.46945E-17-3.81639E-17-2.94209E-15
 -1         5 7.84891E-01 7.84891E-01-1.66667E+00
 -1         6-1.98680E-01 6.92550E-01-1.66667E+00
 -1         7-7.34050E-02-7.34050E-02-1.66667E+00
 -1         8 6.92550E-01-1.98680E-01-1.66667E+00
 -1         9 9.82787E-01 9.82787E-01 3.80788E+00
 -1        10-1.00466E+00 9.99079E-01 3.74185E+00
 -1        11-9.47370E-01-9.47370E-01 3.70842E+00
 -1        12 9.99079E-01-1.00466E+00 3.74185E+00
 -1        13 2.28983E-16 1.35308E-16 1.77636E-15
 -1        14-1.04083E-16 1.24900E-16-8.88178E-16
 -1        15 1.75207E-16-3.46945E-17 1.77636E-15
 -1        16-7.63278E-17 4.85723E-17 8.88178E-16
 -1        17-8.88178E-16 4.71845E-16 1.77636E-15
 -1        18-2.91434E-16-1.52656E-16 8.88178E-16
 -1        19-4.44089E-16-1.20737E-15 0.00000E+00
 -1        20 0.00000E+00-2.22045E-16-8.43769E-15
 -1        21 3.33067E-16-1.05471E-15-8.88178E-16
 -1        22 4.31520E-17 3.76824E-16-1.14391E-15
 -1        23-3.60822E-16 5.13478E-16 2.22045E-15
 -1        24 5.13478E-16-5.27356E-16-4.44089E-16
 -1        25-3.40862E-16 5.59532E-16 7.11047E-17
 -1        26 7.01126E-17-5.65245E-16 4.35579E-16
 -1        27-1.66533E-16 9.71445E-16-1.11022E-15
 -1        28-5.96494E-01-7.48849E-01-1.66667E+00
 -1        29 1.44076E+00-6.99213E-01-1.66667E+00
 -1        30 4.50283E-16-2.78063E-16-2.16266E-15
 -1        31-6.31402E-01-6.31402E-01-1.66667E+00
 -1        32-6.99213E-01 1.44076E+00-1.66667E+00
 -1        33-1.14783E-16-1.92615E-16-2.09604E-15
 -1        34-7.48849E-01-5.96494E-01-1.66667E+00
 -1        35-5.63209E-17-3.57388E-16 1.01151E-15
 -3
    1PSTEP                         3           1           1          
  100CL  101 1.25000E-01           9                     0    1           1
 -4  CONTACT     6    1
 -5  COPEN       1    1    0    0
 -5  CSLIP1      1    1    0    0
 -5  CSLIP2      1    1    0    0
 -5  CPRESS      1    1    0    0
 -5  CSHEAR1     1    1    0    0
 -5  CSHEAR2     1    1    0    0
 -1        24-1.41254E-04-1.21246E-04-9.20973E-04 1.49663E-03 1.19379E-05-4.42009E-05
 -1        23-1.45579E-04-4.14598E-04 3.96006E-04 1.50714E-03-1.58158E-05 2.46652E-05
 -1        19-2.84114E-04-4.15872E-04-4.15872E-04 1.49623E-03 2.75539E-06 2.75539E-06
 -1        18-1.45579E-04 3.96006E-04-4.14598E-04 1.50714E-03 2.46652E-05-1.58158E-05
 -1        17-1.41254E-04-9.20973E-04-1.21246E-04 1.49663E-03-4.42009E-05 1.19379E-05
 -1         4-1.06480E-04 2.17354E-04-5.44878E-05 1.59720E-03 3.26031E-05-8.17317E-06
 -1         3-2.09483E-04 1.69299E-04 1.69299E-04 1.57112E-03 1.26975E-05 1.26975E-05
 -1         2-1.06480E-04-5.44878E-05 2.17354E-04 1.59720E-03-8.17317E-06 3.26031E-05
 -1         1-2.19776E-04 8.46138E-04 8.46138E-04 1.64832E-03 6.34603E-05 6.34603E-05
 -3
    1PSTEP                         4           2           1          
  100CL  102 2.50000E-01          35                     0    2           1
 -4  DISP        4    1
 -5  D1          1    2    1    0
 -5  D2          1    2    2    0
 -5  D3          1    2    3    0
 -5  ALL         1    2    0    0    1ALL
 -1         1-4.66160E-06-4.66160E-06-2.85779E-05
 -1         2 4.85036E-06-5.31824E-06-2.67628E-05
 -1         3 5.81515E-06 5.81515E-06-2.78447E-05
 -1         4-5.31824E-06 4.85036E-06-2.67628E-05
 -1         5 0.00000E+00 0.00000E+00-8.51977E-05
 -1         6 0.00000E+00 0.00000E+00-9.30266E-05
 -1         7 0.00000E+00 0.00000E+00-8.31094E-05
 -1         8 0.00000E+00 0.00000E+00-9.30266E-05
 -1         9 0.00000E+00 0.00000E+00 0.00000E+00
 -1        10 0.00000E+00 0.00000E+00 0.00000E+00
 -1        11 0.00000E+00 0.00000E+00 0.00000E+00
 -1        12 0.00000E+00 0.00000E+00 0.00000E+00
 -1        13-7.01540E-06-7.01540E-06-2.83895E-05
 -1        14 6.05100E-06-7.13317E-06-2.58863E-05
 -1        15 6.77665E-06 6.77665E-06-2.75419E-05
 -1        16-7.13317E-06 6.05100E-06-2.58863E-05
 -1        17-1.34099E-06-5.71177E-06-2.76265E-05
 -1        18 5.78102E-06-5.19323E-07-2.72769E-05
 -1        19-2.75233E-07-2.75233E-07-2.74497E-05
 -1        20-4.52105E-07-4.52105E-07-4.77681E-05
 -1        21 5.23759E-06-7.13393E-07-4.97315E-05
 -1        22 5.10818E-06 5.10818E-06-5.39493E-05
 -1        23-5.19323E-07 5.78102E-06-2.72769E-05
 -1        24-5.71177E-06-1.34099E-06-2.76265E-05
 -1        25-7.13393E-07 5.23759E-06-4.97315E-05
 -1        26-4.29295E-06 6.84642E-06-5.50445E-05
 -1        27-5.20060E-06-1.44241E-06-4.86038E-05
 -1        28 0.00000E+00 0.00000E+00-7.35215E-05
 -1        29 0.00000E+00 0.00000E+00-6.79325E-05
 -1        30-5.14911E-06-5.14911E-06-5.77751E-05
 -1        31 0.00000E+00 0.00000E+00-5.94519E-05
 -1        32 0.00000E+00 0.00000E+00-6.79325E-05
 -1        33-1.44241E-06-5.20060E-06-4.86038E-05
 -1        34 0.00000E+00 0.00000E+00-7.35215E-05
 -1        35 6.84642E-06-4.29295E-06-5.50445E-05
 -3
    1PSTEP                         5           2           1          
  100CL  102 2.50000E-01          35                     0    2           1
 -4  FORC        4    1
 -5  F1          1    2    1    0
 -5  F2          1    2    2    0
 -5  F3          1    2    3    0
 -5  ALL         1    2    0    0    1ALL
 -1         1-6.31720E-10-6.31720E-10-2.28909E-11
 -1         2-1.28511E-10-9.22482E-11 3.84031E-11
 -1         3-2.71969E-11-2.71963E-11 4.98095E-11
 -1         4-9.22486E-11-1.28510E-10 3.84046E-11
 -1         5 1.56981E+00 1.56981E+00-3.33333E+00
 -1         6-3.97661E-01 1.38515E+00-3.33333E+00
 -1         7-1.47166E-01-1.47166E-01-3.33333E+00
 -1         8 1.38515E+00-3.97661E-01-3.33333E+00
 -1         9 1.96564E+00 1.96564E+00 7.61555E+00
 -1        10-2.00929E+00 1.99812E+00 7.48373E+00
 -1        11-1.89490E+00-1.89490E+00 7.41699E+00
 -1        12 1.99812E+00-2.00929E+00 7.48373E+00
 -1        13-3.06344E-11-3.06342E-11 9.68381E-12
 -1        14 1.41363E-11-1.10781E-11 1.13367E-11
 -1        15 2.46272E-11 2.46272E-11 6.90559E-12
 -1        16-1.10781E-11 1.41362E-11 1.13332E-11
 -1        17 7.68835E-10-5.51963E-11-1.84172E-10
 -1        18 3.68985E-10 6.61349E-11-1.72974E-10
 -1        19-9.18612E-11-9.18599E-11-3.15726E-10
 -1        20-2.53765E-10-2.53763E-10 2.69081E-10
 -1        21 4.75449E-10-6.48866E-11 5.05223E-11
 -1        22 1.09113E-10 1.09113E-10 5.27844E-12
 -1        23 6.61358E-11 3.68984E-10-1.72980E-10
 -1        24-5.51958E-11 7.68835E-10-1.84171E-10
 -1        25-6.48881E-11 4.75450E-10 5.05219E-11
 -1        26-4.78955E-11 1.96604E-10-2.34177E-11
 -1        27-2.68705E-10-2.48652E-10 1.47228E-10
 -1        28-1.19280E+00-1.49808E+00-3.33333E+00
 -1        29 2.88150E+00-1.39796E+00-3.33333E+00
 -1        30-9.08523E-11-9.08533E-11 5.11429E-11
 -1        31-1.26235E+00-1.26235E+00-3.33333E+00
 -1        32-1.39796E+00 2.88150E+00-3.33333E+00
 -1        33-2.48652E-10-2.68706E-10 1.47227E-10
 -1        34-1.49808E+00-1.19280E+00-3.33333E+00
 -1        35 1.96605E-10-4.78967E-11-2.34189E-11
 -3
    1PSTEP                         6           2           1          
  100CL  102 2.50000E-01           9                     0    2           1
 -4  CONTACT     6    1
 -5  COPEN       1    1    0    0
 -5  CSLIP1      1    1    0    0
 -5  CSLIP2      1    1    0    0
 -5  CPRESS      1    1    0    0
 -5  CSHEAR1     1    1    0    0
 -5  CSHEAR2     1    1    0    0
 -1        24-2.82716E-04-2.42735E-04-1.84103E-03 2.99373E-03 2.38998E-05-8.83024E-05
 -1        23-2.91225E-04-8.27587E-04 7.90043E-04 3.01415E-03-3.15609E-05 4.91249E-05
 -1        19-5.68275E-04-8.30783E-04-8.30783E-04 2.99211E-03 5.54881E-06 5.54881E-06
 -1        18-2.91225E-04 7.90043E-04-8.27587E-04 3.01415E-03 4.91249E-05-3.15609E-05
 -1        17-2.82716E-04-1.84103E-03-2.42735E-04 2.99373E-03-8.83024E-05 2.38998E-05
 -1         4-2.12826E-04 4.34549E-04-1.10925E-04 3.19239E-03 6.52763E-05-1.66624E-05
 -1         3-4.18884E-04 3.36356E-04 3.36356E-04 3.14163E-03 2.52353E-05 2.52353E-05
 -1         2-2.12826E-04-1.10925E-04 4.34549E-04 3.19239E-03-1.66624E-05 6.52763E-05
 -1         1-4.39307E-04 1.69186E-03 1.69186E-03 3.29480E-03 1.26980E-04 1.26980E-04
 -3
    1PSTEP                         7           3           1          
  100CL  103 3.75000E-01          35                     0    3           1
 -4  DISP        4    1
 -5  D1          1    2    1    0
 -5  D2          1    2    2    0
 -5  D3          1    2    3    0
 -5  ALL         1    2    0    0    1ALL
 -1         1-6.99066E-06-6.99066E-06-4.31117E-05
 -1         2 7.27371E-06-7.97625E-06-4.03844E-05
 -1         3 8.72133E-06 8.72133E-06-4.20018E-05
 -1         4-7.97625E-06 7.27371E-06-4.03844E-05
 -1         5 0.00000E+00 0.00000E+00-1.28027E-04
 -1         6 0.00000E+00 0.00000E+00-1.39765E-04
 -1         7 0.00000E+00 0.00000E+00-1.24891E-04
 -1         8 0.00000E+00 0.00000E+00-1.39765E-04
 -1         9 0.00000E+00 0.00000E+00 0.00000E+00
 -1        10 0.00000E+00 0.00000E+00 0.00000E+00
 -1        11 0.00000E+00 0.00000E+00 0.00000E+00
 -1        12 0.00000E+00 0.00000E+00 0.00000E+00
 -1        13-1.05220E-05-1.05220E-05-4.25816E-05
 -1        14 9.07703E-06-1.06991E-05-3.88310E-05
 -1        15 1.01649E-05 1.01649E-05-4.13117E-05
 -1        16-1.06991E-05 9.07703E-06-3.88310E-05
 -1        17-2.00981E-06-8.56644E-06-4.16638E-05
 -1        18 8.67008E-06-7.77748E-07-4.11416E-05
 -1        19-4.11813E-07-4.11813E-07-4.13987E-05
 -1        20-6.77941E-07-6.77941E-07-7.18777E-05
 -1        21 7.85734E-06-1.07031E-06-7.48230E-05
 -1        22 7.66291E-06 7.66291E-06-8.11519E-05
 -1        23-7.77748E-07 8.67008E-06-4.11416E-05
 -1        24-8.56644E-06-2.00981E-06-4.16638E-05
 -1        25-1.07031E-06 7.85734E-06-7.48230E-05
 -1        26-6.43897E-06 1.02705E-05-8.27960E-05
 -1        27-7.80061E-06-2.16373E-06-7.31319E-05
 -1        28 0.00000E+00 0.00000E+00-1.10507E-04
 -1        29 0.00000E+00 0.00000E+00-1.02124E-04
 -1        30-7.72257E-06-7.72257E-06-8.68980E-05
 -1        31 0.00000E+00 0.00000E+00-8.94015E-05
 -1        32 0.00000E+00 0.00000E+00-1.02124E-04
 -1        33-2.16373E-06-7.80061E-06-7.31319E-05
 -1        34 0.00000E+00 0.00000E+00-1.10507E-04
 -1        35 1.02705E-05-6.43897E-06-8.27960E-05
 -3
    1PSTEP                         8           3           1          
  100CL  103 3.75000E-01          35                     0    3           1
 -4  FORC        4    1
 -5  F1          1    2    1    0
 -5  F2          1    2    2    0
 -5  F3          1    2    3    0
 -5  ALL         1    2    0    0    1ALL
 -1         1-1.57927E-10-1.57926E-10-5.74107E-12
 -1         2-3.22419E-11-2.30514E-11 9.58156E-12
 -1         3-6.89585E-12-6.89525E-12 1.25037E-11
 -1         4-2.30508E-11-3.22419E-11 9.58444E-12
 -1         5 2.35474E+00 2.35474E+00-5.00000E+00
 -1         6-5.96786E-01 2.07776E+00-5.00000E+00
 -1         7-2.21099E-01-2.21099E-01-5.00000E+00
 -1         8 2.07776E+00-5.96786E-01-5.00000E+00
 -1         9 2.94851E+00 2.94851E+00 1.14232E+01
 -1        10-3.01392E+00 2.99715E+00 1.12256E+01
 -1        11-2.84248E+00-2.84248E+00 1.11256E+01
 -1        12 2.99715E+00-3.01392E+00 1.12256E+01
 -1        13-7.64630E-12-7.64611E-12 2.41229E-12
 -1        14 3.54447E-12-2.76142E-12 2.81730E-12
 -1        15 6.12216E-12 6.12376E-12 1.71241E-12
 -1        16-2.76006E-12 3.54475E-12 2.80842E-12
 -1        17 1.92357E-10-1.36817E-11-4.60378E-11
 -1        18 9.17459E-11 1.66726E-11-4.30402E-11
 -1        19-2.29643E-11-2.29602E-11-7.87796E-11
 -1        20-6.32224E-11-6.32278E-11 6.71090E-11
 -1        21 1.18697E-10-1.59766E-11 1.24469E-11
 -1        22 2.71728E-11 2.71738E-11 1.22135E-12
 -1        23 1.66732E-11 9.17449E-11-4.30482E-11
 -1        24-1.36810E-11 1.92356E-10-4.60414E-11
 -1        25-1.59760E-11 1.18699E-10 1.24366E-11
 -1        26-1.19690E-11 4.91314E-11-5.84915E-12
 -1        27-6.71226E-11-6.21018E-11 3.67821E-11
 -1        28-1.78904E+00-2.24750E+00-5.00000E+00
 -1        29 4.32223E+00-2.09649E+00-5.00000E+00
 -1        30-2.26993E-11-2.26961E-11 1.27424E-11
 -1        31-1.89309E+00-1.89309E+00-5.00000E+00
 -1        32-2.09649E+00 4.32223E+00-5.00000E+00
 -1        33-6.20961E-11-6.71205E-11 3.67679E-11
 -1        34-2.24750E+00-1.78904E+00-5.00000E+00
 -1        35 4.91293E-11-1.19644E-11-5.84693E-12
 -3
    1PSTEP                         9           3           1          
  100CL  103 3.75000E-01           9                     0    3           1
 -4  CONTACT     6    1
 -5  COPEN       1    1    0    0
 -5  CSLIP1      1    1    0    0
 -5  CSLIP2      1    1    0    0
 -5  CPRESS      1    1    0    0
 -5  CSHEAR1     1    1    0    0
 -5  CSHEAR2     1    1    0    0
 -1        24-4.24278E-04-3.63831E-04-2.75950E-03 4.49107E-03 3.58738E-05-1.32400E-04
 -1        23-4.36904E-04-1.23956E-03 1.18344E-03 4.52111E-03-4.72549E-05 7.35120E-05
 -1        19-8.52457E-04-1.24408E-03-1.24408E-03 4.48782E-03 8.35510E-06 8.35510E-06
 -1        18-4.36904E-04 1.18344E-03-1.23956E-03 4.52111E-03 7.35120E-05-4.72549E-05
 -1        17-4.24278E-04-2.75950E-03-3.63831E-04 4.49107E-03-1.32400E-04 3.58738E-05
 -1         4-3.19107E-04 6.52156E-04-1.67961E-04 4.78660E-03 9.79329E-05-2.52218E-05
 -1         3-6.28243E-04 5.02612E-04 5.02612E-04 4.71182E-03 3.77059E-05 3.77059E-05
 -1         2-3.19107E-04-1.67961E-04 6.52156E-04 4.78660E-03-2.52218E-05 9.79329E-05
 -1         1-6.58721E-04 2.53875E-03 2.53875E-03 4.94041E-03 1.90511E-04 1.90511E-04
 -3
    1PSTEP                        10           4           1          
  100CL  104 5.00000E-01          35                     0    4           1
 -4  DISP        4    1
 -5  D1          1    2    1    0
 -5  D2          1    2    2    0
 -5  D3          1    2    3    0
 -5  ALL         1    2    0    0    1ALL
 -1         1-9.32070E-06-9.32070E-06-5.74820E-05
 -1         2 9.69844E-06-1.06348E-05-5.38455E-05
 -1         3 1.16285E-05 1.16285E-05-5.60024E-05
 -1         4-1.06348E-05 9.69844E-06-5.38455E-05
 -1         5 0.00000E+00 0.00000E+00-1.70703E-04
 -1         6 0.00000E+00 0.00000E+00-1.86354E-04
 -1         7 0.00000E+00 0.00000E+00-1.66521E-04
 -1         8 0.00000E+00 0.00000E+00-1.86354E-04
 -1         9 0.00000E+00 0.00000E+00 0.00000E+00
 -1        10 0.00000E+00 0.00000E+00 0.00000E+00
 -1        11 0.00000E+00 0.00000E+00 0.00000E+00
 -1        12 0.00000E+00 0.00000E+00 0.00000E+00
 -1        13-1.40294E-05-1.40294E-05-5.67755E-05
 -1        14 1.21027E-05-1.42655E-05-5.17747E-05
 -1        15 1.35532E-05 1.35532E-05-5.50823E-05
 -1        16-1.42655E-05 1.21027E-05-5.17747E-05
 -1        17-2.67955E-06-1.14218E-05-5.55518E-05
 -1        18 1.15602E-05-1.03694E-06-5.48554E-05
 -1        19-5.48972E-07-5.48972E-07-5.51982E-05
 -1        20-9.03865E-07-9.03865E-07-9.58370E-05
 -1        21 1.04765E-05-1.42699E-06-9.97640E-05
 -1        22 1.02173E-05 1.02173E-05-1.08202E-04
 -1        23-1.03694E-06 1.15602E-05-5.48554E-05
 -1        24-1.14218E-05-2.67955E-06-5.55518E-05
 -1        25-1.42699E-06 1.04765E-05-9.97640E-05
 -1        26-8.58523E-06 1.36941E-05-1.10395E-04
 -1        27-1.04007E-05-2.88489E-06-9.75093E-05
 -1        28 0.00000E+00 0.00000E+00-1.47343E-04
 -1        29 0.00000E+00 0.00000E+00-1.36166E-04
 -1        30-1.02967E-05-1.02967E-05-1.15864E-04
 -1        31 0.00000E+00 0.00000E+00-1.19202E-04
 -1        32 0.00000E+00 0.00000E+00-1.36166E-04
 -1        33-2.88489E-06-1.04007E-05-9.75093E-05
 -1        34 0.00000E+00 0.00000E+00-1.47343E-04
 -1        35 1.36941E-05-8.58523E-06-1.10395E-04
 -3
    1PSTEP                        11           4           1          
  100CL  104 5.00000E-01          35                     0    4           1
 -4  FORC        4    1
 -5  F1          1    2    1    0
 -5  F2          1    2    2    0
 -5  F3          1    2    3    0
 -5  ALL         1    2    0    0    1ALL
 -1         1-7.02104E-11-7.02139E-11-2.58726E-12
 -1         2-1.43224E-11-1.02722E-11 4.23905E-12
 -1         3-3.09434E-12-3.09400E-12 5.57976E-12
 -1         4-1.02744E-11-1.43233E-11 4.24472E-12
 -1         5 3.13965E+00 3.13965E+00-6.66667E+00
 -1         6-7.95707E-01 2.77035E+00-6.66667E+00
 -1         7-2.94795E-01-2.94795E-01-6.66667E+00
 -1         8 2.77035E+00-7.95707E-01-6.66667E+00
 -1         9 3.93135E+00 3.93135E+00 1.52309E+01
 -1        10-4.01856E+00 3.99620E+00 1.49675E+01
 -1        11-3.78997E+00-3.78997E+00 1.48341E+01
 -1        12 3.99620E+00-4.01856E+00 1.49675E+01
 -1        13-3.41614E-12-3.41591E-12 1.05693E-12
 -1        14 1.58931E-12-1.22161E-12 1.25766E-12
 -1        15 2.71710E-12 2.71749E-12 7.65610E-13
 -1        16-1.22151E-12 1.58931E-12 1.25411E-12
 -1        17 8.54230E-11-5.96977E-12-2.04086E-11
 -1        18 4.05799E-11 7.46786E-12-1.90550E-11
 -1        19-1.01413E-11-1.01449E-11-3.49658E-11
 -1        20-2.79393E-11-2.79390E-11 2.97362E-11
 -1        21 5.25986E-11-7.03371E-12 5.51381E-12
 -1        22 1.20299E-11 1.20297E-11 5.03894E-13
 -1        23 7.47041E-12 4.05783E-11-1.90497E-11
 -1        24-5.96830E-12 8.54249E-11-2.04050E-11
 -1        25-7.03531E-12 5.26020E-11 5.52091E-12
 -1        26-5.29767E-12 2.17702E-11-2.58078E-12
 -1        27-2.98093E-11-2.74833E-11 1.63061E-11
 -1        28-2.38539E+00-2.99666E+00-6.66667E+00
 -1        29 5.76298E+00-2.79532E+00-6.66667E+00
 -1        30-1.01019E-11-1.00988E-11 5.72107E-12
 -1        31-2.52413E+00-2.52413E+00-6.66667E+00
 -1        32-2.79532E+00 5.76298E+00-6.66667E+00
 -1        33-2.74850E-11-2.98040E-11 1.63038E-11
 -1        34-2.99666E+00-2.38539E+00-6.66667E+00
 -1        35 2.17715E-11-5.30276E-12-2.57562E-12
 -3
    1PSTEP                        12           4           1          
  100CL  104 5.00000E-01           9                     0    4           1
 -4  CONTACT     6    1
 -5  COPEN       1    1    0    0
 -5  CSLIP1      1    1    0    0
 -5  CSLIP2      1    1    0    0
 -5  CPRESS      1    1    0    0
 -5  CSHEAR1     1    1    0    0
 -5  CSHEAR2     1    1    0    0
 -1        24-5.65700E-04-4.84982E-04-3.67907E-03 5.98808E-03 4.78316E-05-1.76545E-04
 -1        23-5.82537E-04-1.65271E-03 1.57802E-03 6.02814E-03-6.30037E-05 9.80260E-05
 -1        19-1.13661E-03-1.65851E-03-1.65851E-03 5.98377E-03 1.11384E-05 1.11384E-05
 -1        18-5.82537E-04 1.57802E-03-1.65271E-03 6.02814E-03 9.80260E-05-6.30037E-05
 -1        17-5.65700E-04-3.67907E-03-4.84982E-04 5.98808E-03-1.76545E-04 4.78316E-05
 -1         4-4.25479E-04 8.69667E-04-2.23826E-04 6.38218E-03 1.30565E-04-3.36029E-05
 -1         3-8.37658E-04 6.70243E-04 6.70243E-04 6.28243E-03 5.02788E-05 5.02788E-05
 -1         2-4.25479E-04-2.23826E-04 8.69667E-04 6.38218E-03-3.36029E-05 1.30565E-04
 -1         1-8.78301E-04 3.38534E-03 3.38534E-03 6.58725E-03 2.54011E-04 2.54011E-04
 -3
    1PSTEP                        13           5           1          
  100CL  105 6.25000E-01          35                     0    5           1
 -4  DISP        4    1
 -5  D1          1    2    1    0
 -5  D2          1    2    2    0
 -5  D3          1    2    3    0
 -5  ALL         1    2    0    0    1ALL
 -1         1-1.16528E-05-1.16528E-05-7.15211E-05
 -1         2 1.21258E-05-1.32947E-05-6.69816E-05
 -1         3 1.45376E-05 1.45376E-05-6.96849E-05
 -1         4-1.32947E-05 1.21258E-05-6.69816E-05
 -1         5 0.00000E+00 0.00000E+00-2.13067E-04
 -1         6 0.00000E+00 0.00000E+00-2.32637E-04
 -1         7 0.00000E+00 0.00000E+00-2.07844E-04
 -1         8 0.00000E+00 0.00000E+00-2.32637E-04
 -1         9 0.00000E+00 0.00000E+00 0.00000E+00
 -1        10 0.00000E+00 0.00000E+00 0.00000E+00
 -1        11 0.00000E+00 0.00000E+00 0.00000E+00
 -1        12 0.00000E+00 0.00000E+00 0.00000E+00
 -1        13-1.75385E-05-1.75385E-05-7.09733E-05
 -1        14 1.51276E-05-1.78328E-05-6.47164E-05
 -1        15 1.69416E-05 1.69416E-05-6.88544E-05
 -1        16-1.78328E-05 1.51276E-05-6.47164E-05
 -1        17-3.35129E-06-1.42787E-05-6.91365E-05
 -1        18 1.44524E-05-1.29771E-06-6.82630E-05
 -1        19-6.87372E-07-6.87372E-07-6.86942E-05
 -1        20-1.13000E-06-1.13000E-06-1.19491E-04
 -1        21 1.30944E-05-1.78327E-06-1.24399E-04
 -1        22 1.27708E-05 1.27708E-05-1.34944E-04
 -1        23-1.29771E-06 1.44524E-05-6.82630E-05
 -1        24-1.42787E-05-3.35129E-06-6.91365E-05
 -1        25-1.78327E-06 1.30944E-05-1.24399E-04
 -1        26-1.07320E-05 1.71166E-05-1.37683E-04
 -1        27-1.30012E-05-3.60580E-06-1.21580E-04
 -1        28 0.00000E+00 0.00000E+00-1.83874E-04
 -1        29 0.00000E+00 0.00000E+00-1.69902E-04
 -1        30-1.28722E-05-1.28722E-05-1.44511E-04
 -1        31 0.00000E+00 0.00000E+00-1.48700E-04
 -1        32 0.00000E+00 0.00000E+00-1.69902E-04
 -1        33-3.60580E-06-1.30012E-05-1.21580E-04
 -1        34 0.00000E+00 0.00000E+00-1.83874E-04
 -1        35 1.71166E-05-1.07320E-05-1.37683E-04
 -3
    1PSTEP                        14           5           1          
  100CL  105 6.25000E-01          35                     0    5           1
 -4  FORC        4    1
 -5  F1          1    2    1    0
 -5  F2          1    2    2    0
 -5  F3          1    2    3    0
 -5  ALL         1    2    0    0    1ALL
 -1         1-3.94873E-11-3.94932E-11-1.46638E-12
 -1         2-8.03726E-12-5.78201E-12 2.39087E-12
 -1         3-1.72559E-12-1.72753E-12 3.13627E-12
 -1         4-5.78151E-12-8.03686E-12 2.39064E-12
 -1         5 3.92453E+00 3.92453E+00-8.33333E+00
 -1         6-9.94227E-01 3.46287E+00-8.33333E+00
 -1         7-3.68015E-01-3.68015E-01-8.33333E+00
 -1         8 3.46287E+00-9.94227E-01-8.33333E+00
 -1         9 4.91411E+00 4.91411E+00 1.90389E+01
 -1        10-5.02323E+00 4.99530E+00 1.87093E+01
 -1        11-4.73727E+00-4.73727E+00 1.85425E+01
 -1        12 4.99530E+00-5.02323E+00 1.87093E+01
 -1        13-1.92683E-12-1.92564E-12 6.00409E-13
 -1        14 8.92481E-13-6.86964E-13 7.14095E-13
 -1        15 1.53468E-12 1.53396E-12 4.15668E-13
 -1        16-6.88172E-13 8.92619E-13 7.21201E-13
 -1        17 4.79917E-11-3.35232E-12-1.14735E-11
 -1        18 2.28794E-11 4.18809E-12-1.07381E-11
 -1        19-5.68240E-12-5.68845E-12-1.97069E-11
 -1        20-1.57362E-11-1.57361E-11 1.67439E-11
 -1        21 2.95872E-11-3.97815E-12 3.11040E-12
 -1        22 6.77992E-12 6.78085E-12 3.08096E-13
 -1        23 4.18693E-12 2.28836E-11-1.07345E-11
 -1        24-3.35509E-12 4.79937E-11-1.14841E-11
 -1        25-3.98091E-12 2.95864E-11 3.12251E-12
 -1        26-2.98461E-12 1.22395E-11-1.44467E-12
 -1        27-1.67782E-11-1.54556E-11 9.19798E-12
 -1        28-2.98197E+00-3.74531E+00-8.33333E+00
 -1        29 7.20376E+00-3.49478E+00-8.33333E+00
 -1        30-5.68370E-12-5.67852E-12 3.23113E-12
 -1        31-3.15577E+00-3.15577E+00-8.33333E+00
 -1        32-3.49478E+00 7.20376E+00-8.33333E+00
 -1        33-1.54561E-11-1.67740E-11 9.16875E-12
 -1        34-3.74531E+00-2.98197E+00-8.33333E+00
 -1        35 1.22423E-11-2.98367E-12-1.44500E-12
 -3
    1PSTEP                        15           5           1          
  100CL  105 6.25000E-01           9                     0    5           1
 -4  CONTACT     6    1
 -5  COPEN       1    1    0    0
 -5  CSLIP1      1    1    0    0
 -5  CSLIP2      1    1    0    0
 -5  CPRESS      1    1    0    0
 -5  CSHEAR1     1    1    0    0
 -5  CSHEAR2     1    1    0    0
 -1        24-7.06844E-04-6.06315E-04-4.60100E-03 7.48445E-03 5.97569E-05-2.20780E-04
 -1        23-7.28082E-04-2.06825E-03 1.97493E-03 7.53535E-03-7.88634E-05 1.22788E-04
 -1        19-1.42070E-03-2.07535E-03-2.07535E-03 7.48018E-03 1.38764E-05 1.38764E-05
 -1        18-7.28082E-04 1.97493E-03-2.06825E-03 7.53535E-03 1.22788E-04-7.88634E-05
 -1        17-7.06844E-04-4.60100E-03-6.06315E-04 7.48445E-03-2.20780E-04 5.97569E-05
 -1         4-5.32029E-04 1.08690E-03-2.77435E-04 7.98043E-03 1.63153E-04-4.16450E-05
 -1         3-1.04718E-03 8.40590E-04 8.40590E-04 7.85388E-03 6.30549E-05 6.30549E-05
 -1         2-5.32029E-04-2.77435E-04 1.08690E-03 7.98043E-03-4.16450E-05 1.63153E-04
 -1         1-1.09820E-03 4.23113E-03 4.23113E-03 8.23653E-03 3.17447E-04 3.17447E-04
 -3
    1PSTEP                        16           6           1          
  100CL  106 7.50000E-01          35                     0    6           1
 -4  DISP        4    1
 -5  D1          1    2    1    0
 -5  D2          1    2    2    0
 -5  D3          1    2    3    0
 -5  ALL         1    2    0    0    1ALL
 -1         1-1.39861E-05-1.39861E-05-8.53845E-05
 -1         2 1.45545E-05-1.59552E-05-7.99453E-05
 -1         3 1.74478E-05 1.74478E-05-8.31988E-05
 -1         4-1.59552E-05 1.45545E-05-7.99453E-05
 -1         5 0.00000E+00 0.00000E+00-2.55265E-04
 -1         6 0.00000E+00 0.00000E+00-2.78758E-04
 -1         7 0.00000E+00 0.00000E+00-2.49005E-04
 -1         8 0.00000E+00 0.00000E+00-2.78758E-04
 -1         9 0.00000E+00 0.00000E+00 0.00000E+00
 -1        10 0.00000E+00 0.00000E+00 0.00000E+00
 -1        11 0.00000E+00 0.00000E+00 0.00000E+00
 -1        12 0.00000E+00 0.00000E+00 0.00000E+00
 -1        13-2.10484E-05-2.10484E-05-8.51731E-05
 -1        14 1.81520E-05-2.14005E-05-7.76569E-05
 -1        15 2.03300E-05 2.03300E-05-8.26274E-05
 -1        16-2.14005E-05 1.81520E-05-7.76569E-05
 -1        17-4.02408E-06-1.71363E-05-8.25602E-05
 -1        18 1.73456E-05-1.55931E-06-8.15080E-05
 -1        19-8.26432E-07-8.26432E-07-8.20292E-05
 -1        20-1.35624E-06-1.35624E-06-1.42983E-04
 -1        21 1.57117E-05-2.13934E-06-1.48872E-04
 -1        22 1.53240E-05 1.53240E-05-1.61522E-04
 -1        23-1.55931E-06 1.73456E-05-8.15080E-05
 -1        24-1.71363E-05-4.02408E-06-8.25602E-05
 -1        25-2.13934E-06 1.57117E-05-1.48872E-04
 -1        26-1.28791E-05 2.05385E-05-1.64807E-04
 -1        27-1.56018E-05-4.32657E-06-1.45489E-04
 -1        28 0.00000E+00 0.00000E+00-2.20243E-04
 -1        29 0.00000E+00 0.00000E+00-2.03477E-04
 -1        30-1.54485E-05-1.54485E-05-1.72990E-04
 -1        31 0.00000E+00 0.00000E+00-1.78037E-04
 -1        32 0.00000E+00 0.00000E+00-2.03477E-04
 -1        33-4.32657E-06-1.56018E-05-1.45489E-04
 -1        34 0.00000E+00 0.00000E+00-2.20243E-04
 -1        35 2.05385E-05-1.28791E-05-1.64807E-04
 -3
    1PSTEP                        17           6           1          
  100CL  106 7.50000E-01          35                     0    6           1
 -4  FORC        4    1
 -5  F1          1    2    1    0
 -5  F2          1    2    2    0
 -5  F3          1    2    3    0
 -5  ALL         1    2    0    0    1ALL
 -1         1-2.52581E-11-2.52596E-11-9.30811E-13
 -1         2-5.12509E-12-3.69851E-12 1.53588E-12
 -1         3-1.07991E-12-1.08277E-12 1.96954E-12
 -1         4-3.69607E-12-5.12616E-12 1.53655E-12
 -1         5 4.70939E+00 4.70939E+00-1.00000E+01
 -1         6-1.19254E+00 4.15537E+00-1.00000E+01
 -1         7-4.40985E-01-4.40985E-01-1.00000E+01
 -1         8 4.15537E+00-1.19254E+00-1.00000E+01
 -1         9 5.89682E+00 5.89682E+00 2.28470E+01
 -1        10-6.02792E+00 5.99442E+00 2.24511E+01
 -1        11-5.68446E+00-5.68446E+00 2.22508E+01
 -1        12 5.99442E+00-6.02792E+00 2.24511E+01
 -1        13-1.23182E-12-1.23299E-12 3.94351E-13
 -1        14 5.66602E-13-4.42618E-13 4.54747E-13
 -1        15 9.87897E-13 9.88938E-13 2.45137E-13
 -1        16-4.41827E-13 5.65659E-13 4.44089E-13
 -1        17 3.06831E-11-2.18384E-12-7.35589E-12
 -1        18 1.47650E-11 2.64788E-12-6.92246E-12
 -1        19-3.65752E-12-3.64858E-12-1.26086E-11
 -1        20-1.01437E-11-1.01439E-11 1.07185E-11
 -1        21 1.89868E-11-2.59681E-12 2.03748E-12
 -1        22 4.35875E-12 4.36644E-12 2.25819E-13
 -1        23 2.64488E-12 1.47605E-11-6.91180E-12
 -1        24-2.17724E-12 3.06889E-11-7.34879E-12
 -1        25-2.58839E-12 1.89828E-11 2.01641E-12
 -1        26-1.90440E-12 7.85149E-12-9.33275E-13
 -1        27-1.07470E-11-9.92706E-12 5.89928E-12
 -1        28-3.57868E+00-4.49370E+00-1.00000E+01
 -1        29 8.64456E+00-4.19457E+00-1.00000E+01
 -1        30-3.63392E-12-3.63472E-12 2.07385E-12
 -1        31-3.78772E+00-3.78772E+00-1.00000E+01
 -1        32-4.19457E+00 8.64456E+00-1.00000E+01
 -1        33-9.92729E-12-1.07412E-11 5.87021E-12
 -1        34-4.49370E+00-3.57868E+00-1.00000E+01
 -1        35 7.84718E-12-1.90792E-12-9.34885E-13
 -3
    1PSTEP                        18           6           1          
  100CL  106 7.50000E-01           9                     0    6           1
 -4  CONTACT     6    1
 -5  COPEN       1    1    0    0
 -5  CSLIP1      1    1    0    0
 -5  CSLIP2      1    1    0    0
 -5  CPRESS      1    1    0    0
 -5  CSHEAR1     1    1    0    0
 -5  CSHEAR2     1    1    0    0
 -1        24-8.47846E-04-7.27743E-04-5.52416E-03 8.98050E-03 7.16651E-05-2.65061E-04
 -1        23-8.73580E-04-2.48503E-03 2.37304E-03 9.04264E-03-9.47808E-05 1.47678E-04
 -1        19-1.70476E-03-2.49347E-03-2.49347E-03 8.97684E-03 1.65906E-05 1.65906E-05
 -1        18-8.73580E-04 2.37304E-03-2.48503E-03 9.04264E-03 1.47678E-04-9.47808E-05
 -1        17-8.47846E-04-5.52416E-03-7.27743E-04 8.98050E-03-2.65061E-04 7.16651E-05
 -1         4-6.38672E-04 1.30399E-03-3.29878E-04 9.58008E-03 1.95717E-04-4.95118E-05
 -1         3-1.25677E-03 1.01236E-03 1.01236E-03 9.42576E-03 7.59380E-05 7.59380E-05
 -1         2-6.38672E-04-3.29878E-04 1.30399E-03 9.58008E-03-4.95118E-05 1.95717E-04
 -1         1-1.31828E-03 5.07650E-03 5.07650E-03 9.88706E-03 3.80851E-04 3.80851E-04
 -3
    1PSTEP                        19           7           1          
  100CL  107 8.75000E-01          35                     0    7           1
 -4  DISP        4    1
 -5  D1          1    2    1    0
 -5  D2          1    2    2    0
 -5  D3          1    2    3    0
 -5  ALL         1    2    0    0    1ALL
 -1         1-1.63189E-05-1.63189E-05-9.93192E-05
 -1         2 1.69826E-05-1.86155E-05-9.29791E-05
 -1         3 2.03575E-05 2.03575E-05-9.67812E-05
 -1         4-1.86155E-05 1.69826E-05-9.29791E-05
 -1         5 0.00000E+00 0.00000E+00-2.97530E-04
 -1         6 0.00000E+00 0.00000E+00-3.24945E-04
 -1         7 0.00000E+00 0.00000E+00-2.90231E-04
 -1         8 0.00000E+00 0.00000E+00-3.24945E-04
 -1         9 0.00000E+00 0.00000E+00 0.00000E+00
 -1        10 0.00000E+00 0.00000E+00 0.00000E+00
 -1        11 0.00000E+00 0.00000E+00 0.00000E+00
 -1        12 0.00000E+00 0.00000E+00 0.00000E+00
 -1        13-2.45580E-05-2.45580E-05-9.93721E-05
 -1        14 2.11767E-05-2.49681E-05-9.05980E-05
 -1        15 2.37184E-05 2.37184E-05-9.63999E-05
 -1        16-2.49681E-05 2.11767E-05-9.05980E-05
 -1        17-4.69644E-06-1.99936E-05-9.60492E-05
 -1        18 2.02384E-05-1.82056E-06-9.48191E-05
 -1        19-9.65221E-07-9.65221E-07-9.54296E-05
 -1        20-1.58243E-06-1.58243E-06-1.66540E-04
 -1        21 1.83293E-05-2.49550E-06-1.73411E-04
 -1        22 1.78774E-05 1.78774E-05-1.88167E-04
 -1        23-1.82056E-06 2.02384E-05-9.48191E-05
 -1        24-1.99936E-05-4.69644E-06-9.60492E-05
 -1        25-2.49550E-06 1.83293E-05-1.73411E-04
 -1        26-1.50260E-05 2.39606E-05-1.91997E-04
 -1        27-1.82024E-05-5.04739E-06-1.69464E-04
 -1        28 0.00000E+00 0.00000E+00-2.56679E-04
 -1        29 0.00000E+00 0.00000E+00-2.37117E-04
 -1        30-1.80244E-05-1.80244E-05-2.01537E-04
 -1        31 0.00000E+00 0.00000E+00-2.07439E-04
 -1        32 0.00000E+00 0.00000E+00-2.37117E-04
 -1        33-5.04739E-06-1.82024E-05-1.69464E-04
 -1        34 0.00000E+00 0.00000E+00-2.56679E-04
 -1        35 2.39606E-05-1.50260E-05-1.91997E-04
 -3
    1PSTEP                        20           7           1          
  100CL  107 8.75000E-01          35                     0    7           1
 -4  FORC        4    1
 -5  F1          1    2    1    0
 -5  F2          1    2    2    0
 -5  F3          1    2    3    0
 -5  ALL         1    2    0    0    1ALL
 -1         1-1.75339E-11-1.75330E-11-6.00853E-13
 -1         2-3.55534E-12-2.56462E-12 1.07248E-12
 -1         3-7.41268E-13-7.41351E-13 1.37601E-12
 -1         4-2.56567E-12-3.55015E-12 1.06681E-12
 -1         5 5.49426E+00 5.49426E+00-1.16667E+01
 -1         6-1.39094E+00 4.84788E+00-1.16667E+01
 -1         7-5.14056E-01-5.14056E-01-1.16667E+01
 -1         8 4.84788E+00-1.39094E+00-1.16667E+01
 -1         9 6.87956E+00 6.87956E+00 2.66550E+01
 -1        10-7.03260E+00 6.99353E+00 2.61930E+01
 -1        11-6.63170E+00-6.63170E+00 2.59591E+01
 -1        12 6.99353E+00-7.03260E+00 2.61930E+01
 -1        13-8.51597E-13-8.51985E-13 2.80664E-13
 -1        14 3.92020E-13-3.09988E-13 3.37508E-13
 -1        15 6.88720E-13 6.90475E-13 2.06057E-13
 -1        16-3.10044E-13 3.92630E-13 3.37508E-13
 -1        17 2.13152E-11-1.53172E-12-5.12301E-12
 -1        18 1.03062E-11 1.82421E-12-4.81748E-12
 -1        19-2.55390E-12-2.55268E-12-8.73257E-12
 -1        20-7.07678E-12-7.07234E-12 7.38964E-12
 -1        21 1.32176E-11-1.81255E-12 1.39622E-12
 -1        22 3.03957E-12 3.03719E-12 1.76861E-13
 -1        23 1.82587E-12 1.03068E-11-4.81393E-12
 -1        24-1.52947E-12 2.13092E-11-5.11235E-12
 -1        25-1.81728E-12 1.32088E-11 1.43535E-12
 -1        26-1.32807E-12 5.46063E-12-6.49732E-13
 -1        27-7.47313E-12-6.90981E-12 4.08740E-12
 -1        28-4.17533E+00-5.24219E+00-1.16667E+01
 -1        29 1.00854E+01-4.89422E+00-1.16667E+01
 -1        30-2.52614E-12-2.52949E-12 1.40566E-12
 -1        31-4.41954E+00-4.41954E+00-1.16667E+01
 -1        32-4.89422E+00 1.00854E+01-1.16667E+01
 -1        33-6.92258E-12-7.47442E-12 4.11382E-12
 -1        34-5.24219E+00-4.17533E+00-1.16667E+01
 -1        35 5.46792E-12-1.33253E-12-6.50287E-13
 -3
    1PSTEP                        21           7           1          
  100CL  107 8.75000E-01           9                     0    7           1
 -4  CONTACT     6    1
 -5  COPEN       1    1    0    0
 -5  CSLIP1      1    1    0    0
 -5  CSLIP2      1    1    0    0
 -5  CPRESS      1    1    0    0
 -5  CSHEAR1     1    1    0    0
 -5  CSHEAR2     1    1    0    0
 -1        24-9.88907E-04-8.49127E-04-6.44680E-03 1.04767E-02 8.35802E-05-3.09323E-04
 -1        23-1.01910E-03-2.90130E-03 2.77066E-03 1.05499E-02-1.10674E-04 1.72515E-04
 -1        19-1.98883E-03-2.91106E-03-2.91106E-03 1.04734E-02 1.93145E-05 1.93145E-05
 -1        18-1.01910E-03 2.77066E-03-2.90130E-03 1.05499E-02 1.72515E-04-1.10674E-04
 -1        17-9.88907E-04-6.44680E-03-8.49127E-04 1.04767E-02-3.09323E-04 8.35802E-05
 -1         4-7.45277E-04 1.52115E-03-3.82802E-04 1.11791E-02 2.28291E-04-5.74506E-05
 -1         3-1.46633E-03 1.18355E-03 1.18355E-03 1.09975E-02 8.87774E-05 8.87774E-05
 -1         2-7.45277E-04-3.82802E-04 1.52115E-03 1.11791E-02-5.74506E-05 2.28291E-04
 -1         1-1.53828E-03 5.92206E-03 5.92206E-03 1.15371E-02 4.44268E-04 4.44268E-04
 -3
    1PSTEP                        22           8           1          
  100CL  108 1.000000000          35                     0    8           1
 -4  DISP        4    1
 -5  D1          1    2    1    0
 -5  D2          1    2    2    0
 -5  D3          1    2    3    0
 -5  ALL         1    2    0    0    1ALL
 -1         1-1.86512E-05-1.86512E-05-1.13333E-04
 -1         2 1.94101E-05-2.12754E-05-1.06090E-04
 -1         3 2.32668E-05 2.32668E-05-1.10439E-04
 -1         4-2.12754E-05 1.94101E-05-1.06090E-04
 -1         5 0.00000E+00 0.00000E+00-3.39869E-04
 -1         6 0.00000E+00 0.00000E+00-3.71205E-04
 -1         7 0.00000E+00 0.00000E+00-3.31531E-04
 -1         8 0.00000E+00 0.00000E+00-3.71205E-04
 -1         9 0.00000E+00 0.00000E+00 0.00000E+00
 -1        10 0.00000E+00 0.00000E+00 0.00000E+00
 -1        11 0.00000E+00 0.00000E+00 0.00000E+00
 -1        12 0.00000E+00 0.00000E+00 0.00000E+00
 -1        13-2.80672E-05-2.80672E-05-1.13570E-04
 -1        14 2.42015E-05-2.85354E-05-1.03539E-04
 -1        15 2.71068E-05 2.71068E-05-1.10172E-04
 -1        16-2.85354E-05 2.42015E-05-1.03539E-04
 -1        17-5.36832E-06-2.28506E-05-1.09611E-04
 -1        18 2.31308E-05-2.08145E-06-1.08203E-04
 -1        19-1.10371E-06-1.10371E-06-1.08902E-04
 -1        20-1.80857E-06-1.80857E-06-1.90171E-04
 -1        21 2.09472E-05-2.85174E-06-1.98023E-04
 -1        22 2.04309E-05 2.04309E-05-2.14885E-04
 -1        23-2.08145E-06 2.31308E-05-1.08203E-04
 -1        24-2.28506E-05-5.36832E-06-1.09611E-04
 -1        25-2.85174E-06 2.09472E-05-1.98023E-04
 -1        26-1.71728E-05 2.73830E-05-2.19262E-04
 -1        27-2.08029E-05-5.76827E-06-1.93511E-04
 -1        28 0.00000E+00 0.00000E+00-2.93187E-04
 -1        29 0.00000E+00 0.00000E+00-2.70830E-04
 -1        30-2.06000E-05-2.06000E-05-2.30160E-04
 -1        31 0.00000E+00 0.00000E+00-2.36914E-04
 -1        32 0.00000E+00 0.00000E+00-2.70830E-04
 -1        33-5.76827E-06-2.08029E-05-1.93511E-04
 -1        34 0.00000E+00 0.00000E+00-2.93187E-04
 -1        35 2.73830E-05-1.71728E-05-2.19262E-04
 -3
    1PSTEP                        23           8           1          
  100CL  108 1.000000000          35                     0    8           1
 -4  FORC        4    1
 -5  F1          1    2    1    0
 -5  F2          1    2    2    0
 -5  F3          1    2    3    0
 -5  ALL         1    2    0    0    1ALL
 -1         1-1.28897E-11-1.28886E-11-4.64961E-13
 -1         2-2.62251E-12-1.87944E-12 7.83817E-13
 -1         3-5.49560E-13-5.48284E-13 1.02696E-12
 -1         4-1.87594E-12-2.62151E-12 7.98028E-13
 -1         5 6.27913E+00 6.27913E+00-1.33333E+01
 -1         6-1.58943E+00 5.54040E+00-1.33333E+01
 -1         7-5.87239E-01-5.87239E-01-1.33333E+01
 -1         8 5.54040E+00-1.58943E+00-1.33333E+01
 -1         9 7.86231E+00 7.86231E+00 3.04630E+01
 -1        10-8.03727E+00 7.99263E+00 2.99348E+01
 -1        11-7.57899E+00-7.57899E+00 2.96674E+01
 -1        12 7.99263E+00-8.03727E+00 2.99348E+01
 -1        13-6.25833E-13-6.26610E-13 1.84741E-13
 -1        14 2.90157E-13-2.27762E-13 2.70006E-13
 -1        15 5.06664E-13 5.07344E-13 1.24345E-13
 -1        16-2.25764E-13 2.89824E-13 2.59348E-13
 -1        17 1.56790E-11-1.13379E-12-3.78009E-12
 -1        18 7.56584E-12 1.33926E-12-3.53850E-12
 -1        19-1.86928E-12-1.86651E-12-6.51568E-12
 -1        20-5.20728E-12-5.21272E-12 5.58487E-12
 -1        21 9.71490E-12-1.33116E-12 1.03739E-12
 -1        22 2.23768E-12 2.23256E-12 1.22986E-13
 -1        23 1.34048E-12 7.56295E-12-3.54561E-12
 -1        24-1.13345E-12 1.56779E-11-3.78009E-12
 -1        25-1.33884E-12 9.71974E-12 1.03959E-12
 -1        26-9.77134E-13 4.01596E-12-4.81534E-13
 -1        27-5.48983E-12-5.08682E-12 3.01448E-12
 -1        28-4.77194E+00-5.99080E+00-1.33333E+01
 -1        29 1.15261E+01-5.59373E+00-1.33333E+01
 -1        30-1.85469E-12-1.84910E-12 1.05042E-12
 -1        31-5.05122E+00-5.05122E+00-1.33333E+01
 -1        32-5.59373E+00 1.15261E+01-1.33333E+01
 -1        33-5.08499E-12-5.49863E-12 3.01193E-12
 -1        34-5.99080E+00-4.77194E+00-1.33333E+01
 -1        35 4.02675E-12-9.77773E-13-4.92859E-13
 -3
    1PSTEP                        24           8           1          
  100CL  108 1.000000000           9                     0    8           1
 -4  CONTACT     6    1
 -5  COPEN       1    1    0    0
 -5  CSLIP1      1    1    0    0
 -5  CSLIP2      1    1    0    0
 -5  CPRESS      1    1    0    0
 -5  CSHEAR1     1    1    0    0
 -5  CSHEAR2     1    1    0    0
 -1        24-1.13003E-03-9.70468E-04-7.36889E-03 1.19730E-02 9.55030E-05-3.53565E-04
 -1        23-1.16463E-03-3.31702E-03 3.16775E-03 1.20571E-02-1.26542E-04 1.97296E-04
 -1        19-2.27292E-03-3.32807E-03-3.32807E-03 1.19698E-02 2.20490E-05 2.20490E-05
 -1        18-1.16463E-03 3.16775E-03-3.31702E-03 1.20571E-02 1.97296E-04-1.26542E-04
 -1        17-1.13003E-03-7.36889E-03-9.70468E-04 1.19730E-02-3.53565E-04 9.55030E-05
 -1         4-8.51841E-04 1.73837E-03-4.36236E-04 1.27776E-02 2.60875E-04-6.54658E-05
 -1         3-1.67587E-03 1.35411E-03 1.35411E-03 1.25690E-02 1.01569E-04 1.01569E-04
 -1         2-8.51841E-04-4.36236E-04 1.73837E-03 1.27776E-02-6.54658E-05 2.60875E-04
 -1         1-1.75821E-03 6.76781E-03 6.76781E-03 1.31865E-02 5.07699E-04 5.07699E-04
 -3
    1PSTEP                        25           1           2          
  100CL  109 1.125000000          35                     0    9           1
 -4  DISP        4    1
 -5  D1          1    2    1    0
 -5  D2          1    2    2    0
 -5  D3          1    2    3    0
 -5  ALL         1    2    0    0    1ALL
 -1         1 1.24360E-01 3.04376E-05 3.98321E-05
 -1         2 1.24350E-01-4.64321E-05-2.69460E-04
 -1         3 1.24344E-01 7.93740E-05-2.63426E-04
 -1         4 1.24351E-01 3.66670E-06 7.87482E-05
 -1         5 1.25000E-01 0.00000E+00-5.71567E-05
 -1         6 1.25000E-01 0.00000E+00-6.86021E-04
 -1         7 1.25000E-01 0.00000E+00-6.42047E-04
 -1         8 1.25000E-01 0.00000E+00-3.67665E-05
 -1         9 0.00000E+00 0.00000E+00 0.00000E+00
 -1        10 0.00000E+00 0.00000E+00 0.00000E+00
 -1        11 0.00000E+00 0.00000E+00 0.00000E+00
 -1        12 0.00000E+00 0.00000E+00 0.00000E+00
 -1        13 1.99957E-04 2.83423E-05 7.24611E-05
 -1        14 2.88363E-04-7.31218E-05-2.96666E-04
 -1        15 2.86036E-04 7.19333E-05-2.89206E-04
 -1        16 2.00493E-04-2.77468E-05 6.57688E-05
 -1        17 1.24329E-01-1.46883E-05-1.14499E-04
 -1        18 1.24365E-01 1.49703E-05-2.66453E-04
 -1        19 1.24351E-01 1.73354E-05-1.14098E-04
 -1        20 1.24635E-01 5.38035E-06-1.82919E-04
 -1        21 1.24663E-01 2.92931E-06-4.63410E-04
 -1        22 1.24643E-01 5.41781E-05-4.57139E-04
 -1        23 1.24335E-01 4.69685E-05-1.05005E-04
 -1        24 1.24364E-01 8.59589E-06 6.61019E-05
 -1        25 1.24622E-01 2.74389E-05-1.82307E-04
 -1        26 1.24627E-01 1.46851E-05 6.24442E-05
 -1        27 1.24634E-01 3.23620E-06 8.47650E-05
 -1        28 1.25000E-01 0.00000E+00-2.89190E-04
 -1        29 1.25000E-01 0.00000E+00 4.97826E-05
 -1        30 1.24636E-01 1.33907E-06 8.73965E-06
 -1        31 1.25000E-01 0.00000E+00-2.21263E-04
 -1        32 1.25000E-01 0.00000E+00-2.61297E-04
 -1        33 1.24627E-01-1.09090E-05-1.97023E-04
 -1        34 1.25000E-01 0.00000E+00-6.11100E-04
 -1        35 1.24656E-01-3.23518E-05-4.83022E-04
 -3
    1PSTEP                        26           1           2          
  100CL  109 1.125000000          35                     0    9           1
 -4  FORC        4    1
 -5  F1          1    2    1    0
 -5  F2          1    2    2    0
 -5  F3          1    2    3    0
 -5  ALL         1    2    0    0    1ALL
 -1         1 4.03544E-12-4.91375E-13-1.66089E-13
 -1         2 1.82698E-12-1.77557E-13 6.70575E-13
 -1         3 2.69385E-12-1.34190E-12-7.06990E-13
 -1         4 5.11258E-12-3.00064E-12-2.48246E-13
 -1         5 6.50011E+00 5.90864E+00-1.33333E+01
 -1         6-2.32138E+00 6.84356E+00-1.33333E+01
 -1         7-3.46052E+00-2.40448E+00-1.33333E+01
 -1         8 4.24975E+00-6.90377E-01-1.33333E+01
 -1         9-2.27531E+00 3.50910E+00-5.58801E-02
 -1        10-1.54829E+01 1.22022E+01 6.00482E+01
 -1        11-1.57901E+01-1.24465E+01 5.99527E+01
 -1        12-2.45170E+00-3.26948E+00 5.49437E-02
 -1        13 4.44089E-15-8.10604E-16 7.10543E-15
 -1        14-1.77636E-15-2.51448E-15 4.97380E-14
 -1        15-1.77636E-15-2.43295E-16 1.42109E-14
 -1        16-1.77636E-15-1.97542E-16 0.00000E+00
 -1        17-7.22711E-12 3.35920E-13-7.49623E-13
 -1        18 3.23297E-13 5.18028E-13-2.55085E-12
 -1        19 7.98828E-12-2.21352E-12-1.68399E-12
 -1        20-2.71925E-11 3.01981E-13 5.49960E-12
 -1        21 7.64944E-12-1.87916E-12-2.59348E-13
 -1        22 2.76042E-12 2.90227E-12-1.48382E-12
 -1        23-6.21680E-12 4.12049E-12 1.20615E-12
 -1        24-9.96735E-12 2.24993E-12 3.12575E-12
 -1        25-8.33357E-12 1.09738E-12 2.66493E-12
 -1        26 5.44680E-12-2.60429E-12-2.07994E-12
 -1        27 9.89075E-12 3.88134E-13-3.46745E-12
 -1        28 5.45270E+00-7.42771E+00-1.33333E+01
 -1        29 1.66351E+01-4.84801E+00-1.33333E+01
 -1        30-3.62496E-13 2.96112E-12-1.82148E-12
 -1        31 1.14994E+01-3.44651E+00-1.33333E+01
 -1        32 3.22683E+00 1.13017E+01-1.33333E+01
 -1        33 6.96733E-12-1.68671E-12 1.29456E-13
 -1        34-5.78206E+00-5.23217E+00-1.33333E+01
 -1        35-2.35691E-13-1.46599E-12 1.65402E-12
 -3
    1PSTEP                        27           1           2          
  100CL  109 1.125000000           9                     0    9           1
 -4  CONTACT     6    1
 -5  COPEN       1    1    0    0
 -5  CSLIP1      1    1    0    0
 -5  CSLIP2      1    1    0    0
 -5  CPRESS      1    1    0    0
 -5  CSHEAR1     1    1    0    0
 -5  CSHEAR2     1    1    0    0
 -1        24 3.26859E-02 0.00000E+00 0.00000E+00 5.28573E-04 1.58572E-04 1.76639E-08
 -1        23-6.73556E-04 1.24084E+02 3.22143E-02 8.38676E-03 2.51603E-03 5.92319E-07
 -1        19-2.18311E-03 2.48214E+02 3.14345E-02 1.14233E-02 3.42700E-03 5.44080E-07
 -1        18-2.67678E-03 1.24097E+02 1.44898E-02 2.63425E-02 7.90276E-03 9.48687E-07
 -1        17-1.23839E-03 1.24068E+02-4.66138E-04 1.38954E-02 4.16861E-03 1.17285E-07
 -1         4 2.88162E-02 0.00000E+00 0.00000E+00 0.00000E+00 0.00000E+00 0.00000E+00
 -1         3-2.89696E-03 1.65420E+02 3.52514E-02 2.17272E-02 6.51815E-03 1.38904E-06
 -1         2-1.97882E-03 8.27131E+01 5.02888E-03 2.96823E-02 8.90469E-03 5.41483E-07
 -1         1-3.52383E-04 1.65537E+02 1.84372E-02 2.64287E-03 7.92860E-04 8.83148E-08
 -3
    1PSTEP                        28           2           2          
  100CL  110 1.250000000          35                     0   10           1
 -4  DISP        4    1
 -5  D1          1    2    1    0
 -5  D2          1    2    2    0
 -5  D3          1    2    3    0
 -5  ALL         1    2    0    0    1ALL
 -1         1 2.49344E-01 3.92722E-05 4.22264E-05
 -1         2 2.49333E-01-4.07217E-05-2.75397E-04
 -1         3 2.49328E-01 8.54662E-05-2.65440E-04
 -1         4 2.49330E-01 1.17422E-05 1.00694E-04
 -1         5 2.50000E-01 0.00000E+00-5.12320E-05
 -1         6 2.50000E-01 0.00000E+00-6.96630E-04
 -1         7 2.50000E-01 0.00000E+00-6.43842E-04
 -1         8 2.50000E-01 0.00000E+00-2.24303E-05
 -1         9 0.00000E+00 0.00000E+00 0.00000E+00
 -1        10 0.00000E+00 0.00000E+00 0.00000E+00
 -1        11 0.00000E+00 0.00000E+00 0.00000E+00
 -1        12 0.00000E+00 0.00000E+00 0.00000E+00
 -1        13 2.00507E-04 2.87826E-05 7.51009E-05
 -1        14 2.89924E-04-7.36948E-05-2.99617E-04
 -1        15 2.86397E-04 7.18256E-05-2.88309E-04
 -1        16 2.01326E-04-2.79397E-05 6.50504E-05
 -1        17 2.49312E-01-7.22516E-06-1.15976E-04
 -1        18 2.49349E-01 2.13112E-05-2.70549E-04
 -1        19 2.49334E-01 2.53615E-05-1.15063E-04
 -1        20 2.49627E-01 9.31251E-06-1.81940E-04
 -1        21 2.49654E-01 6.76082E-06-4.69765E-04
 -1        22 2.49634E-01 5.75649E-05-4.59546E-04
 -1        23 2.49317E-01 5.39877E-05-1.01126E-04
 -1        24 2.49345E-01 1.70863E-05 8.16354E-05
 -1        25 2.49614E-01 3.08956E-05-1.77888E-04
 -1        26 2.49618E-01 1.85386E-05 7.96971E-05
 -1        27 2.49626E-01 6.37336E-06 9.60887E-05
 -1        28 2.50000E-01 0.00000E+00-2.83850E-04
 -1        29 2.50000E-01 0.00000E+00 6.06612E-05
 -1        30 2.49627E-01 5.38510E-06 1.35970E-05
 -1        31 2.50000E-01 0.00000E+00-2.19114E-04
 -1        32 2.50000E-01 0.00000E+00-2.63434E-04
 -1        33 2.49617E-01-6.90496E-06-1.99287E-04
 -1        34 2.50000E-01 0.00000E+00-6.17647E-04
 -1        35 2.49647E-01-2.91447E-05-4.92142E-04
 -3
    1PSTEP                        29           2           2          
  100CL  110 1.250000000          35                     0   10           1
 -4  FORC        4    1
 -5  F1          1    2    1    0
 -5  F2          1    2    2    0
 -5  F3          1    2    3    0
 -5  ALL         1    2    0    0    1ALL
 -1         1 2.45581E-13 3.05222E-12 6.38067E-12
 -1         2 1.09703E-11-2.99671E-12-3.48699E-12
 -1         3 1.04872E-11-3.89339E-13-6.44818E-12
 -1         4 8.26650E-12-4.26162E-12-3.95683E-13
 -1         5 6.47954E+00 5.91401E+00-1.33333E+01
 -1         6-2.36396E+00 6.89168E+00-1.33333E+01
 -1         7-3.18220E+00-2.36736E+00-1.33333E+01
 -1         8 4.31943E+00-7.91921E-01-1.33333E+01
 -1         9-2.23932E+00 3.54701E+00-2.03616E-01
 -1        10-1.53949E+01 1.21660E+01 6.02002E+01
 -1        11-1.58577E+01-1.25323E+01 6.00476E+01
 -1        12-2.50723E+00-3.18272E+00-4.41511E-02
 -1        13-5.32907E-15-2.53996E-15-7.10543E-15
 -1        14-7.10543E-15 1.58966E-15 7.10543E-15
 -1        15-1.77636E-15 4.73298E-15-2.13163E-14
 -1        16-4.44089E-15-2.01114E-15 3.55271E-15
 -1        17-6.53877E-12 1.58486E-12-8.73968E-13
 -1        18-1.06049E-12 1.68180E-12-1.82609E-12
 -1        19-4.43023E-12-4.75826E-12 7.17648E-12
 -1        20 1.27773E-11-1.15996E-12-5.97566E-12
 -1        21-2.41265E-11 6.67777E-12 7.02371E-12
 -1        22 7.66453E-14-4.37959E-12 7.29648E-12
 -1        23-1.49352E-11 5.94253E-12 5.57421E-12
 -1        24 1.22674E-12 1.47558E-13-1.06937E-12
 -1        25-7.57607E-12 4.56986E-12-4.70687E-12
 -1        26 5.52199E-12-5.23472E-12 1.03158E-12
 -1        27 9.08518E-12-2.45526E-12-4.98979E-12
 -1        28 5.07026E+00-7.60872E+00-1.33333E+01
 -1        29 1.65220E+01-4.67990E+00-1.33333E+01
 -1        30-2.82359E-12-2.04023E-13-5.56139E-12
 -1        31 1.15715E+01-3.29405E+00-1.33333E+01
 -1        32 3.34064E+00 1.12693E+01-1.33333E+01
 -1        33-4.03161E-12 3.34140E-12-3.13300E-12
 -1        34-5.75807E+00-5.33100E+00-1.33333E+01
 -1        35-4.20162E-12-1.15941E-12 4.12476E-12
 -3
    1PSTEP                        30           2           2          
  100CL  110 1.250000000           9                     0   10           1
 -4  CONTACT     6    1
 -5  COPEN       1    1    0    0
 -5  CSLIP1      1    1    0    0
 -5  CSLIP2      1    1    0    0
 -5  CPRESS      1    1    0    0
 -5  CSHEAR1     1    1    0    0
 -5  CSHEAR2     1    1    0    0
 -1        24-8.27841E-05 2.49141E+02 1.11668E-02 1.05169E-03 3.15506E-04 2.11728E-08
 -1        23-6.29321E-04 2.49064E+02 3.91622E-02 8.23712E-03 2.47114E-03 1.32109E-07
 -1        19-2.08893E-03 4.98176E+02 4.87135E-02 1.10227E-02 3.30680E-03 2.02712E-07
 -1        18-2.70853E-03 2.49080E+02 2.14282E-02 2.66227E-02 7.98680E-03 4.24822E-07
 -1        17-1.26295E-03 2.49049E+02 7.37453E-03 1.40430E-02 4.21290E-03 2.38751E-07
 -1         4-4.33850E-05 1.66081E+02 1.85828E-02 6.50775E-04 1.95233E-04 1.28348E-08
 -1         3-2.88736E-03 3.32065E+02 4.33401E-02 2.16552E-02 6.49656E-03 3.24801E-07
 -1         2-2.01350E-03 1.66034E+02 9.25881E-03 3.02024E-02 9.06072E-03 4.47354E-07
 -1         1-2.83217E-04 3.32180E+02 3.00386E-02 2.12413E-03 6.37240E-04 4.34714E-08
 -3
    1PSTEP                        31           3           2          
  100CL  111 1.375000000          35                     0   11           1
 -4  DISP        4    1
 -5  D1          1    2    1    0
 -5  D2          1    2    2    0
 -5  D3          1    2    3    0
 -5  ALL         1    2    0    0    1ALL
 -1         1 3.74346E-01 3.58413E-05 4.19655E-05
 -1         2 3.74336E-01-4.24445E-05-2.77932E-04
 -1         3 3.74330E-01 8.36305E-05-2.68595E-04
 -1         4 3.74335E-01 8.69669E-06 9.10803E-05
 -1         5 3.75000E-01 0.00000E+00-5.32767E-05
 -1         6 3.75000E-01 0.00000E+00-6.96550E-04
 -1         7 3.75000E-01 0.00000E+00-6.47134E-04
 -1         8 3.75000E-01 0.00000E+00-2.76238E-05
 -1         9 0.00000E+00 0.00000E+00 0.00000E+00
 -1        10 0.00000E+00 0.00000E+00 0.00000E+00
 -1        11 0.00000E+00 0.00000E+00 0.00000E+00
 -1        12 0.00000E+00 0.00000E+00 0.00000E+00
 -1        13 2.00937E-04 2.88519E-05 7.46537E-05
 -1        14 2.90097E-04-7.36599E-05-2.99112E-04
 -1        15 2.87210E-04 7.21019E-05-2.89865E-04
 -1        16 2.01608E-04-2.81946E-05 6.64799E-05
 -1        17 3.74314E-01-9.92864E-06-1.17203E-04
 -1        18 3.74350E-01 1.92563E-05-2.73485E-04
 -1        19 3.74337E-01 2.23805E-05-1.16041E-04
 -1        20 3.74628E-01 7.88297E-06-1.84010E-04
 -1        21 3.74655E-01 5.39558E-06-4.71348E-04
 -1        22 3.74635E-01 5.64370E-05-4.62485E-04
 -1        23 3.74320E-01 5.15687E-05-1.04017E-04
 -1        24 3.74349E-01 1.38405E-05 7.50408E-05
 -1        25 3.74615E-01 2.97234E-05-1.81105E-04
 -1        26 3.74620E-01 1.71492E-05 7.28295E-05
 -1        27 3.74627E-01 5.36133E-06 9.18190E-05
 -1        28 3.75000E-01 0.00000E+00-2.87562E-04
 -1        29 3.75000E-01 0.00000E+00 5.66473E-05
 -1        30 3.74628E-01 3.89096E-06 1.20899E-05
 -1        31 3.75000E-01 0.00000E+00-2.21790E-04
 -1        32 3.75000E-01 0.00000E+00-2.64473E-04
 -1        33 3.74619E-01-8.38918E-06-2.00235E-04
 -1        34 3.75000E-01 0.00000E+00-6.19071E-04
 -1        35 3.74648E-01-3.01777E-05-4.92871E-04
 -3
    1PSTEP                        32           3           2          
  100CL  111 1.375000000          35                     0   11           1
 -4  FORC        4    1
 -5  F1          1    2    1    0
 -5  F2          1    2    2    0
 -5  F3          1    2    3    0
 -5  ALL         1    2    0    0    1ALL
 -1         1 2.24722E-11-1.47384E-12 1.74580E-11
 -1         2-9.66072E-12 2.87470E-12 8.64464E-12
 -1         3-3.20988E-12-2.79358E-12 4.38760E-12
 -1         4-1.40055E-12 2.37697E-13 7.94920E-13
 -1         5 6.49162E+00 5.91022E+00-1.33333E+01
 -1         6-2.34724E+00 6.86708E+00-1.33333E+01
 -1         7-3.34190E+00-2.38094E+00-1.33333E+01
 -1         8 4.28122E+00-7.39837E-01-1.33333E+01
 -1         9-2.26887E+00 3.50161E+00-2.50282E-01
 -1        10-1.54328E+01 1.22128E+01 6.02514E+01
 -1        11-1.58098E+01-1.25106E+01 6.01229E+01
 -1        12-2.48810E+00-3.20312E+00-1.24004E-01
 -1        13-6.21725E-15-2.32387E-15 0.00000E+00
 -1        14 3.55271E-15-3.15937E-15-3.55271E-14
 -1        15-7.10543E-15 4.27094E-15 0.00000E+00
 -1        16 4.44089E-15 1.10370E-15 3.55271E-15
 -1        17 3.67706E-13-5.75776E-13-7.59925E-12
 -1        18-2.12452E-12 4.28827E-13 4.75353E-12
 -1        19-2.48335E-12-4.83267E-12-1.14753E-11
 -1        20-6.96012E-11-1.12377E-11 1.07789E-11
 -1        21 5.20757E-11-1.63873E-11-8.27782E-13
 -1        22 1.91292E-12 1.08903E-11-1.97241E-12
 -1        23-8.16769E-12 3.21274E-12-5.86198E-12
 -1        24-8.52288E-12 2.91368E-12 4.39027E-12
 -1        25 1.47486E-11-3.12275E-12 2.83232E-13
 -1        26 5.22585E-12-1.13958E-12-1.00380E-12
 -1        27 3.80265E-11-1.40105E-11 4.36717E-12
 -1        28 5.28766E+00-7.50861E+00-1.33333E+01
 -1        29 1.65845E+01-4.76815E+00-1.33333E+01
 -1        30 2.03685E-11 1.40866E-11-1.73373E-11
 -1        31 1.15396E+01-3.37695E+00-1.33333E+01
 -1        32 3.28494E+00 1.12827E+01-1.33333E+01
 -1        33-3.13507E-11 1.09416E-11 2.78367E-12
 -1        34-5.78082E+00-5.28619E+00-1.33333E+01
 -1        35-1.98289E-11 9.97485E-12-1.36413E-12
 -3
    1PSTEP                        33           3           2          
  100CL  111 1.375000000           9                     0   11           1
 -4  CONTACT     6    1
 -5  COPEN       1    1    0    0
 -5  CSLIP1      1    1    0    0
 -5  CSLIP2      1    1    0    0
 -5  CPRESS      1    1    0    0
 -5  CSHEAR1     1    1    0    0
 -5  CSHEAR2     1    1    0    0
 -1        24-3.91293E-05 3.74145E+02 7.98868E-03 7.64973E-04 2.29492E-04-6.23828E-09
 -1        23-6.54993E-04 3.74067E+02 3.66549E-02 8.32243E-03 2.49673E-03-4.47020E-08
 -1        19-2.14086E-03 7.48181E+02 4.23574E-02 1.12389E-02 3.37168E-03-7.53568E-08
 -1        18-2.68867E-03 3.74081E+02 1.90552E-02 2.64515E-02 7.93546E-03-1.38848E-07
 -1        17-1.25430E-03 3.74051E+02 4.62777E-03 1.39830E-02 4.19491E-03-7.96572E-08
 -1         4-1.77182E-05 2.49417E+02 1.66185E-02 2.65773E-04 7.97320E-05-1.82376E-09
 -1         3-2.89288E-03 4.98733E+02 4.04869E-02 2.16966E-02 6.50898E-03-1.06676E-07
 -1         2-1.99341E-03 2.49369E+02 8.13413E-03 2.99011E-02 8.97034E-03-1.27095E-07
 -1         1-3.18028E-04 4.98849E+02 2.55260E-02 2.38521E-03 7.15564E-04-1.98847E-08
 -3
    1PSTEP                        34           4           2          
  100CL  112 1.500000000          35                     0   12           1
 -4  DISP        4    1
 -5  D1          1    2    1    0
 -5  D2          1    2    2    0
 -5  D3          1    2    3    0
 -5  ALL         1    2    0    0    1ALL
 -1         1 4.99350E-01 3.23298E-05 4.13083E-05
 -1         2 4.99340E-01-4.46116E-05-2.77628E-04
 -1         3 4.99334E-01 8.13594E-05-2.69641E-04
 -1         4 4.99341E-01 5.56616E-06 8.23166E-05
 -1         5 5.00000E-01 0.00000E+00-5.55174E-05
 -1         6 5.00000E-01 0.00000E+00-6.94193E-04
 -1         7 5.00000E-01 0.00000E+00-6.48290E-04
 -1         8 5.00000E-01 0.00000E+00-3.31951E-05
 -1         9 0.00000E+00 0.00000E+00 0.00000E+00
 -1        10 0.00000E+00 0.00000E+00 0.00000E+00
 -1        11 0.00000E+00 0.00000E+00 0.00000E+00
 -1        12 0.00000E+00 0.00000E+00 0.00000E+00
 -1        13 2.01348E-04 2.89519E-05 7.44068E-05
 -1        14 2.90326E-04-7.36413E-05-2.98805E-04
 -1        15 2.87955E-04 7.23589E-05-2.91212E-04
 -1        16 2.01899E-04-2.84150E-05 6.76988E-05
 -1        17 4.99319E-01-1.28573E-05-1.17462E-04
 -1        18 4.99355E-01 1.68249E-05-2.73854E-04
 -1        19 4.99342E-01 1.92157E-05-1.16402E-04
 -1        20 4.99630E-01 6.34347E-06-1.85230E-04
 -1        21 4.99658E-01 3.89712E-06-4.70696E-04
 -1        22 4.99638E-01 5.51360E-05-4.63374E-04
 -1        23 4.99326E-01 4.89054E-05-1.06282E-04
 -1        24 4.99355E-01 1.04860E-05 6.86529E-05
 -1        25 4.99617E-01 2.83849E-05-1.83624E-04
 -1        26 4.99622E-01 1.56215E-05 6.60111E-05
 -1        27 4.99629E-01 4.16928E-06 8.73512E-05
 -1        28 5.00000E-01 0.00000E+00-2.90519E-04
 -1        29 5.00000E-01 0.00000E+00 5.23907E-05
 -1        30 4.99631E-01 2.29683E-06 1.03283E-05
 -1        31 5.00000E-01 0.00000E+00-2.23532E-04
 -1        32 5.00000E-01 0.00000E+00-2.64499E-04
 -1        33 4.99622E-01-9.96784E-06-2.00194E-04
 -1        34 5.00000E-01 0.00000E+00-6.18322E-04
 -1        35 4.99651E-01-3.14054E-05-4.91165E-04
 -3
    1PSTEP                        35           4           2          
  100CL  112 1.500000000          35                     0   12           1
 -4  FORC        4    1
 -5  F1          1    2    1    0
 -5  F2          1    2    2    0
 -5  F3          1    2    3    0
 -5  ALL         1    2    0    0    1ALL
 -1         1 8.74723E-12 7.56673E-12-1.35003E-12
 -1         2 8.87379E-12 5.50699E-12-7.48734E-12
 -1         3 5.05063E-12 8.07243E-12-9.67937E-12
 -1         4-8.77332E-12 2.65365E-12 4.12825E-12
 -1         5 6.50121E+00 5.90751E+00-1.33333E+01
 -1         6-2.32921E+00 6.84602E+00-1.33333E+01
 -1         7-3.46557E+00-2.39523E+00-1.33333E+01
 -1         8 4.25067E+00-6.91380E-01-1.33333E+01
 -1         9-2.29351E+00 3.46257E+00-3.01315E-01
 -1        10-1.54615E+01 1.22520E+01 6.03026E+01
 -1        11-1.57710E+01-1.24964E+01 6.01967E+01
 -1        12-2.47356E+00-3.21740E+00-1.98003E-01
 -1        13 3.55271E-15-4.07495E-15 7.10543E-15
 -1        14-5.32907E-15-5.82032E-15-7.10543E-15
 -1        15 0.00000E+00 2.49507E-15-7.10543E-15
 -1        16 1.77636E-15 4.57106E-15 5.32907E-15
 -1        17-2.08562E-11-3.86007E-12 1.26334E-11
 -1        18 9.88720E-12-9.72777E-12 1.24487E-11
 -1        19-6.32863E-11 3.13976E-12 1.05089E-11
 -1        20 1.25091E-11 9.65006E-12-1.65770E-11
 -1        21-1.28955E-11-4.31211E-12 1.25802E-11
 -1        22-4.64028E-12-3.05420E-12 1.37089E-11
 -1        23 2.02904E-12-2.66107E-12-2.50289E-12
 -1        24 2.64536E-11-1.06926E-11-3.81239E-12
 -1        25-1.26693E-11-9.68059E-12 8.74047E-12
 -1        26 1.54108E-11-5.96309E-12-5.63386E-12
 -1        27 2.61329E-11 3.42615E-13-6.63825E-12
 -1        28 5.45646E+00-7.42590E+00-1.33333E+01
 -1        29 1.66361E+01-4.84525E+00-1.33333E+01
 -1        30 4.75199E-12 7.62082E-12-2.17634E-12
 -1        31 1.15080E+01-3.44662E+00-1.33333E+01
 -1        32 3.23523E+00 1.12956E+01-1.33333E+01
 -1        33 2.00074E-11 8.40905E-12 2.98575E-12
 -1        34-5.79331E+00-5.24554E+00-1.33333E+01
 -1        35-1.16059E-11-3.00039E-12 1.58368E-12
 -3
    1PSTEP                        36           4           2          
  100CL  112 1.500000000           9                     0   12           1
 -4  CONTACT     6    1
 -5  COPEN       1    1    0    0
 -5  CSLIP1      1    1    0    0
 -5  CSLIP2      1    1    0    0
 -5  CPRESS      1    1    0    0
 -5  CSHEAR1     1    1    0    0
 -5  CSHEAR2     1    1    0    0
 -1        24 1.71929E-02 0.00000E+00 0.00000E+00 5.23837E-04 1.57151E-04-4.54320E-09
 -1        23-6.74275E-04 4.99072E+02 3.39063E-02 8.39152E-03 2.51746E-03-5.16971E-08
 -1        19-2.18275E-03 9.98191E+02 3.57155E-02 1.14179E-02 3.42538E-03-8.30239E-08
 -1        18-2.67403E-03 4.99085E+02 1.63613E-02 2.63241E-02 7.89724E-03-1.61236E-07
 -1        17-1.24443E-03 4.99056E+02 1.67302E-03 1.39245E-02 4.17735E-03-9.00230E-08
 -1         4 1.55202E-02 0.00000E+00 0.00000E+00 0.00000E+00 0.00000E+00 0.00000E+00
 -1         3-2.89725E-03 6.65404E+02 3.70720E-02 2.17293E-02 6.51880E-03-1.29017E-07
 -1         2-1.97803E-03 3.32705E+02 6.72133E-03 2.96704E-02 8.90112E-03-1.57229E-07
 -1         1-3.49225E-04 6.65521E+02 2.08692E-02 2.61919E-03 7.85756E-04-2.25144E-08
 -3
    1PSTEP                        37           5           2          
  100CL  113 1.625000000          35                     0   13           1
 -4  DISP        4    1
 -5  D1          1    2    1    0
 -5  D2          1    2    2    0
 -5  D3          1    2    3    0
 -5  ALL         1    2    0    0    1ALL
 -1         1 6.24352E-01 3.14471E-05 4.09705E-05
 -1         2 6.24343E-01-4.54575E-05-2.75631E-04
 -1         3 6.24337E-01 8.04604E-05-2.68575E-04
 -1         4 6.24344E-01 4.67456E-06 8.09396E-05
 -1         5 6.25000E-01 0.00000E+00-5.59748E-05
 -1         6 6.25000E-01 0.00000E+00-6.92244E-04
 -1         7 6.25000E-01 0.00000E+00-6.47228E-04
 -1         8 6.25000E-01 0.00000E+00-3.45685E-05
 -1         9 0.00000E+00 0.00000E+00 0.00000E+00
 -1        10 0.00000E+00 0.00000E+00 0.00000E+00
 -1        11 0.00000E+00 0.00000E+00 0.00000E+00
 -1        12 0.00000E+00 0.00000E+00 0.00000E+00
 -1        13 2.01701E-04 2.91136E-05 7.48720E-05
 -1        14 2.90804E-04-7.37522E-05-2.99296E-04
 -1        15 2.88452E-04 7.24862E-05-2.91761E-04
 -1        16 2.02248E-04-2.85736E-05 6.82054E-05
 -1        17 6.24322E-01-1.37066E-05-1.16874E-04
 -1        18 6.24357E-01 1.59722E-05-2.72247E-04
 -1        19 6.24344E-01 1.83419E-05-1.16118E-04
 -1        20 6.24631E-01 5.89771E-06-1.84936E-04
 -1        21 6.24659E-01 3.45264E-06-4.69154E-04
 -1        22 6.24639E-01 5.46994E-05-4.62314E-04
 -1        23 6.24328E-01 4.80064E-05-1.06476E-04
 -1        24 6.24357E-01 9.60050E-06 6.77703E-05
 -1        25 6.24618E-01 2.79464E-05-1.83798E-04
 -1        26 6.24624E-01 1.51888E-05 6.46376E-05
 -1        27 6.24631E-01 3.74061E-06 8.64464E-05
 -1        28 6.25000E-01 0.00000E+00-2.90681E-04
 -1        29 6.25000E-01 0.00000E+00 5.14688E-05
 -1        30 6.24632E-01 1.85267E-06 9.90911E-06
 -1        31 6.25000E-01 0.00000E+00-2.23263E-04
 -1        32 6.25000E-01 0.00000E+00-2.63796E-04
 -1        33 6.24623E-01-1.04016E-05-1.99502E-04
 -1        34 6.25000E-01 0.00000E+00-6.16812E-04
 -1        35 6.24652E-01-3.18442E-05-4.89217E-04
 -3
    1PSTEP                        38           5           2          
  100CL  113 1.625000000          35                     0   13           1
 -4  FORC        4    1
 -5  F1          1    2    1    0
 -5  F2          1    2    2    0
 -5  F3          1    2    3    0
 -5  ALL         1    2    0    0    1ALL
 -1         1-3.98863E-11 9.68159E-13 1.34648E-12
 -1         2-6.87850E-12 6.86750E-12 2.38032E-12
 -1         3-8.25695E-12-9.38864E-12 8.73968E-12
 -1         4-3.78109E-12-2.35911E-12-2.35545E-12
 -1         5 6.50051E+00 5.90796E+00-1.33333E+01
 -1         6-2.32450E+00 6.84483E+00-1.33333E+01
 -1         7-3.46158E+00-2.39880E+00-1.33333E+01
 -1         8 4.25010E+00-6.90697E-01-1.33333E+01
 -1         9-2.29927E+00 3.44918E+00-3.63882E-01
 -1        10-1.54575E+01 1.22652E+01 6.03643E+01
 -1        11-1.57649E+01-1.25081E+01 6.02600E+01
 -1        12-2.47790E+00-3.20603E+00-2.60441E-01
 -1        13-2.66454E-15-2.28724E-15-5.32907E-15
 -1        14-1.06581E-14 8.58553E-16 7.10543E-15
 -1        15 3.55271E-15-1.71938E-15-3.55271E-14
 -1        16-8.88178E-16 1.83601E-15 0.00000E+00
 -1        17 3.20171E-11-7.45366E-12-8.68994E-12
 -1        18-6.05027E-12 1.50925E-12-2.33769E-12
 -1        19 4.75957E-11 4.78593E-12-1.10560E-11
 -1        20-4.30269E-11 1.09197E-11 2.32347E-12
 -1        21-8.40039E-12-7.45382E-12-1.89004E-12
 -1        22 2.25175E-11 1.24063E-12-2.19618E-11
 -1        23-1.22267E-11 3.17648E-12 2.19202E-12
 -1        24 2.43743E-11 1.87720E-12 1.53640E-11
 -1        25-2.68700E-11 3.09948E-12 9.36044E-12
 -1        26 1.74995E-11 1.38407E-12-3.32608E-12
 -1        27 7.87992E-12-8.55793E-12 5.23048E-12
 -1        28 5.45421E+00-7.42611E+00-1.33333E+01
 -1        29 1.66352E+01-4.84797E+00-1.33333E+01
 -1        30-1.83051E-11 1.18886E-11 5.09011E-12
 -1        31 1.15023E+01-3.44826E+00-1.33333E+01
 -1        32 3.22976E+00 1.12986E+01-1.33333E+01
 -1        33 5.38112E-11-1.25691E-11-3.53611E-12
 -1        34-5.78637E+00-5.23978E+00-1.33333E+01
 -1        35-3.14896E-11 7.81808E-14 9.34679E-12
 -3
    1PSTEP                        39           5           2          
  100CL  113 1.625000000           9                     0   13           1
 -4  CONTACT     6    1
 -5  COPEN       1    1    0    0
 -5  CSLIP1      1    1    0    0
 -5  CSLIP2      1    1    0    0
 -5  CPRESS      1    1    0    0
 -5  CSHEAR1     1    1    0    0
 -5  CSHEAR2     1    1    0    0
 -1        24 2.32734E-02 0.00000E+00 0.00000E+00 5.26952E-04 1.58086E-04-1.30157E-09
 -1        23-6.73793E-04 6.24074E+02 3.29284E-02 8.38857E-03 2.51657E-03-1.90563E-08
 -1        19-2.18262E-03 1.24819E+03 3.41122E-02 1.14206E-02 3.42618E-03-2.46077E-08
 -1        18-2.67531E-03 6.24087E+02 1.55152E-02 2.63342E-02 7.90028E-03-5.41842E-08
 -1        17-1.24089E-03 6.24058E+02 9.02022E-04 1.39089E-02 4.17266E-03-2.72838E-08
 -1         4 2.03643E-02 0.00000E+00 0.00000E+00 0.00000E+00 0.00000E+00 0.00000E+00
 -1         3-2.89721E-03 8.32074E+02 3.56387E-02 2.17291E-02 6.51872E-03-5.15474E-08
 -1         2-1.97887E-03 4.16040E+02 6.26584E-03 2.96830E-02 8.90489E-03-5.50998E-08
 -1         1-3.51301E-04 8.32190E+02 1.96579E-02 2.63476E-03 7.90427E-04-6.30959E-09
 -3
    1PSTEP                        40           6           2          
  100CL  114 1.750000000          35                     0   14           1
 -4  DISP        4    1
 -5  D1          1    2    1    0
 -5  D2          1    2    2    0
 -5  D3          1    2    3    0
 -5  ALL         1    2    0    0    1ALL
 -1         1 7.49354E-01 3.07697E-05 4.08632E-05
 -1         2 7.49345E-01-4.61055E-05-2.74138E-04
 -1         3 7.49338E-01 7.97641E-05-2.67800E-04
 -1         4 7.49345E-01 3.99116E-06 8.00449E-05
 -1         5 7.50000E-01 0.00000E+00-5.61672E-05
 -1         6 7.50000E-01 0.00000E+00-6.90781E-04
 -1         7 7.50000E-01 0.00000E+00-6.46448E-04
 -1         8 7.50000E-01 0.00000E+00-3.54612E-05
 -1         9 0.00000E+00 0.00000E+00 0.00000E+00
 -1        10 0.00000E+00 0.00000E+00 0.00000E+00
 -1        11 0.00000E+00 0.00000E+00 0.00000E+00
 -1        12 0.00000E+00 0.00000E+00 0.00000E+00
 -1        13 2.02054E-04 2.92729E-05 7.53429E-05
 -1        14 2.91286E-04-7.38681E-05-2.99798E-04
 -1        15 2.88945E-04 7.26087E-05-2.92298E-04
 -1        16 2.02597E-04-2.87347E-05 6.87062E-05
 -1        17 7.49323E-01-1.43588E-05-1.16357E-04
 -1        18 7.49359E-01 1.53168E-05-2.71049E-04
 -1        19 7.49346E-01 1.76713E-05-1.15833E-04
 -1        20 7.49632E-01 5.55580E-06-1.84647E-04
 -1        21 7.49660E-01 3.11129E-06-4.68003E-04
 -1        22 7.49640E-01 5.43633E-05-4.61538E-04
 -1        23 7.49330E-01 4.73146E-05-1.06567E-04
 -1        24 7.49359E-01 8.92241E-06 6.72528E-05
 -1        25 7.49619E-01 2.76103E-05-1.83869E-04
 -1        26 7.49625E-01 1.48569E-05 6.37454E-05
 -1        27 7.49631E-01 3.41132E-06 8.59119E-05
 -1        28 7.50000E-01 0.00000E+00-2.90742E-04
 -1        29 7.50000E-01 0.00000E+00 5.09222E-05
 -1        30 7.49633E-01 1.51183E-06 9.74386E-06
 -1        31 7.50000E-01 0.00000E+00-2.22991E-04
 -1        32 7.50000E-01 0.00000E+00-2.63190E-04
 -1        33 7.49624E-01-1.07347E-05-1.98906E-04
 -1        34 7.50000E-01 0.00000E+00-6.15687E-04
 -1        35 7.49653E-01-3.21806E-05-4.87756E-04
 -3
    1PSTEP                        41           6           2          
  100CL  114 1.750000000          35                     0   14           1
 -4  FORC        4    1
 -5  F1          1    2    1    0
 -5  F2          1    2    2    0
 -5  F3          1    2    3    0
 -5  ALL         1    2    0    0    1ALL
 -1         1 4.18172E-11-7.06621E-13 1.62714E-12
 -1         2-1.28813E-11-1.31986E-12 1.55191E-11
 -1         3-1.14966E-11-1.25852E-12 2.98961E-12
 -1         4-2.97210E-11-2.10375E-12 1.31024E-11
 -1         5 6.50001E+00 5.90834E+00-1.33333E+01
 -1         6-2.32107E+00 6.84394E+00-1.33333E+01
 -1         7-3.45872E+00-2.40177E+00-1.33333E+01
 -1         8 4.24967E+00-6.90211E-01-1.33333E+01
 -1         9-2.30474E+00 3.43624E+00-4.26201E-01
 -1        10-1.54531E+01 1.22781E+01 6.04265E+01
 -1        11-1.57592E+01-1.25200E+01 6.03228E+01
 -1        12-2.48254E+00-3.19423E+00-3.23140E-01
 -1        13 7.10543E-15 1.98144E-15 1.77636E-15
 -1        14-1.42109E-14 5.91421E-15 1.42109E-14
 -1        15 5.32907E-15-3.69195E-15-7.10543E-15
 -1        16 8.88178E-15-2.09303E-15-5.32907E-15
 -1        17-3.21068E-11-3.40252E-12-7.18714E-12
 -1        18 4.53326E-11-1.57852E-12-2.02078E-11
 -1        19-3.29852E-11 2.67683E-11-2.12594E-11
 -1        20-1.74031E-10 1.14304E-11 2.96012E-11
 -1        21 1.45130E-10-3.40419E-11-4.32721E-12
 -1        22-2.73863E-11 3.60739E-11-2.39003E-12
 -1        23 2.60427E-11-6.41510E-12-6.26876E-12
 -1        24 2.62238E-13-9.98177E-12 2.01316E-11
 -1        25 1.38153E-11-8.38037E-12 1.95952E-11
 -1        26 5.56967E-11 8.40090E-12-4.72267E-11
 -1        27 2.65636E-11-2.53695E-11-1.56835E-11
 -1        28 5.45245E+00-7.42652E+00-1.33333E+01
 -1        29 1.66346E+01-4.84993E+00-1.33333E+01
 -1        30 6.09413E-12-4.20888E-12-1.14657E-12
 -1        31 1.14981E+01-3.44947E+00-1.33333E+01
 -1        32 3.22583E+00 1.13008E+01-1.33333E+01
 -1        33-3.80953E-11 9.76947E-13 1.30063E-11
 -1        34-5.78128E+00-5.23535E+00-1.33333E+01
 -1        35-1.46684E-12 1.51296E-11-1.63330E-11
 -3
    1PSTEP                        42           6           2          
  100CL  114 1.750000000           9                     0   14           1
 -4  CONTACT     6    1
 -5  COPEN       1    1    0    0
 -5  CSLIP1      1    1    0    0
 -5  CSLIP2      1    1    0    0
 -5  CPRESS      1    1    0    0
 -5  CSHEAR1     1    1    0    0
 -5  CSHEAR2     1    1    0    0
 -1        24 2.46413E-02 0.00000E+00 0.00000E+00 5.29205E-04 1.58762E-04-1.04538E-09
 -1        23-6.73361E-04 7.49076E+02 3.21622E-02 8.38587E-03 2.51576E-03-1.48415E-08
 -1        19-2.18263E-03 1.49820E+03 3.29214E-02 1.14228E-02 3.42684E-03-1.90688E-08
 -1        18-2.67631E-03 7.49089E+02 1.48689E-02 2.63418E-02 7.90255E-03-4.14060E-08
 -1        17-1.23830E-03 7.49059E+02 3.29532E-04 1.38973E-02 4.16919E-03-2.04666E-08
 -1         4 2.16952E-02 0.00000E+00 0.00000E+00 0.00000E+00 0.00000E+00 0.00000E+00
 -1         3-2.89714E-03 9.98742E+02 3.44810E-02 2.17285E-02 6.51856E-03-4.07178E-08
 -1         2-1.97944E-03 4.99374E+02 5.94572E-03 2.96916E-02 8.90748E-03-4.06010E-08
 -1         1-3.52803E-04 9.98859E+02 1.87244E-02 2.64602E-03 7.93807E-04-5.01410E-09
 -3
    1PSTEP                        43           7           2          
  100CL  115 1.875000000          35                     0   15           1
 -4  DISP        4    1
 -5  D1          1    2    1    0
 -5  D2          1    2    2    0
 -5  D3          1    2    3    0
 -5  ALL         1    2    0    0    1ALL
 -1         1 8.74354E-01 3.06217E-05 4.09643E-05
 -1         2 8.74344E-01-4.62460E-05-2.74328E-04
 -1         3 8.74338E-01 7.96092E-05-2.68147E-04
 -1         4 8.74345E-01 3.84200E-06 7.99763E-05
 -1         5 8.75000E-01 0.00000E+00-5.60836E-05
 -1         6 8.75000E-01 0.00000E+00-6.90976E-04
 -1         7 8.75000E-01 0.00000E+00-6.46794E-04
 -1         8 8.75000E-01 0.00000E+00-3.55297E-05
 -1         9 0.00000E+00 0.00000E+00 0.00000E+00
 -1        10 0.00000E+00 0.00000E+00 0.00000E+00
 -1        11 0.00000E+00 0.00000E+00 0.00000E+00
 -1        12 0.00000E+00 0.00000E+00 0.00000E+00
 -1        13 2.02405E-04 2.94337E-05 7.58266E-05
 -1        14 2.91771E-04-7.39856E-05-3.00314E-04
 -1        15 2.89433E-04 7.27296E-05-2.92822E-04
 -1        16 2.02948E-04-2.88942E-05 6.91942E-05
 -1        17 8.74323E-01-1.45007E-05-1.16441E-04
 -1        18 8.74359E-01 1.51734E-05-2.71303E-04
 -1        19 8.74345E-01 1.75249E-05-1.15963E-04
 -1        20 8.74632E-01 5.48078E-06-1.84778E-04
 -1        21 8.74660E-01 3.03643E-06-4.68266E-04
 -1        22 8.74640E-01 5.42894E-05-4.61885E-04
 -1        23 8.74330E-01 4.71625E-05-1.06783E-04
 -1        24 8.74358E-01 8.77482E-06 6.72665E-05
 -1        25 8.74619E-01 2.75369E-05-1.84079E-04
 -1        26 8.74624E-01 1.47844E-05 6.36772E-05
 -1        27 8.74631E-01 3.33920E-06 8.59214E-05
 -1        28 8.75000E-01 0.00000E+00-2.90950E-04
 -1        29 8.75000E-01 0.00000E+00 5.09292E-05
 -1        30 8.74633E-01 1.43713E-06 9.83295E-06
 -1        31 8.75000E-01 0.00000E+00-2.23126E-04
 -1        32 8.75000E-01 0.00000E+00-2.63253E-04
 -1        33 8.74624E-01-1.08076E-05-1.98972E-04
 -1        34 8.75000E-01 0.00000E+00-6.15957E-04
 -1        35 8.74653E-01-3.22541E-05-4.87953E-04
 -3
    1PSTEP                        44           7           2          
  100CL  115 1.875000000          35                     0   15           1
 -4  FORC        4    1
 -5  F1          1    2    1    0
 -5  F2          1    2    2    0
 -5  F3          1    2    3    0
 -5  ALL         1    2    0    0    1ALL
 -1         1-5.54761E-11 7.41269E-12 1.86251E-11
 -1         2-6.21974E-11 2.08082E-11 1.99689E-11
 -1         3-2.21823E-12-9.04873E-12 4.62741E-12
 -1         4-4.38549E-12-4.06167E-12-1.43676E-11
 -1         5 6.49990E+00 5.90845E+00-1.33333E+01
 -1         6-2.32028E+00 6.84373E+00-1.33333E+01
 -1         7-3.45814E+00-2.40258E+00-1.33333E+01
 -1         8 4.24958E+00-6.90112E-01-1.33333E+01
 -1         9-2.30989E+00 3.42371E+00-4.88775E-01
 -1        10-1.54482E+01 1.22907E+01 6.04888E+01
 -1        11-1.57540E+01-1.25323E+01 6.03855E+01
 -1        12-2.48749E+00-3.18200E+00-3.85565E-01
 -1        13 1.77636E-15 6.22100E-16-5.32907E-15
 -1        14 0.00000E+00 4.96759E-16 7.10543E-15
 -1        15-8.88178E-15-2.67609E-15 2.84217E-14
 -1        16 2.66454E-15-9.37921E-16 1.06581E-14
 -1        17 9.97566E-11-3.21246E-11-2.46985E-11
 -1        18-1.29496E-11-8.09536E-12 1.55751E-11
 -1        19-1.30509E-11 3.72855E-11-2.55014E-11
 -1        20-2.51230E-11-1.86211E-11 1.50635E-11
 -1        21 5.33551E-11-1.79543E-11-5.97922E-12
 -1        22 1.90151E-11 2.05871E-11-2.01501E-11
 -1        23-2.67830E-12 8.49048E-12 1.43352E-11
 -1        24-8.70726E-13-2.06585E-11 3.61900E-13
 -1        25 3.68194E-11-1.24883E-11 1.76782E-11
 -1        26-4.84016E-12 3.95790E-12-8.51511E-12
 -1        27-3.59996E-11 1.40949E-11-2.27312E-11
 -1        28 5.45202E+00-7.42669E+00-1.33333E+01
 -1        29 1.66344E+01-4.85028E+00-1.33333E+01
 -1        30 8.37576E-11-1.70146E-11-2.42890E-11
 -1        31 1.14972E+01-3.44963E+00-1.33333E+01
 -1        32 3.22497E+00 1.13013E+01-1.33333E+01
 -1        33-7.46993E-11 2.01116E-11 1.91631E-11
 -1        34-5.78015E+00-5.23423E+00-1.33333E+01
 -1        35 3.97678E-12 7.31531E-12-6.39712E-12
 -3
    1PSTEP                        45           7           2          
  100CL  115 1.875000000           9                     0   15           1
 -4  CONTACT     6    1
 -5  COPEN       1    1    0    0
 -5  CSLIP1      1    1    0    0
 -5  CSLIP2      1    1    0    0
 -5  CPRESS      1    1    0    0
 -5  CSHEAR1     1    1    0    0
 -5  CSHEAR2     1    1    0    0
 -1        24 2.87080E-02 0.00000E+00 0.00000E+00 5.29701E-04 1.58911E-04-3.73691E-10
 -1        23-6.73229E-04 8.74075E+02 3.19365E-02 8.38508E-03 2.51553E-03-3.94339E-09
 -1        19-2.18271E-03 1.74820E+03 3.27639E-02 1.14235E-02 3.42706E-03-4.62658E-09
 -1        18-2.67652E-03 8.74088E+02 1.47277E-02 2.63435E-02 7.90304E-03-9.03035E-09
 -1        17-1.23769E-03 8.74059E+02 2.62223E-04 1.38945E-02 4.16835E-03-3.54413E-09
 -1         4 2.52353E-02 0.00000E+00 0.00000E+00 0.00000E+00 0.00000E+00 0.00000E+00
 -1         3-2.89714E-03 1.16541E+03 3.40466E-02 2.17285E-02 6.51856E-03-1.24261E-08
 -1         2-1.97956E-03 5.82707E+02 5.96519E-03 2.96934E-02 8.90801E-03-4.33641E-09
 -1         1-3.53134E-04 1.16552E+03 1.84958E-02 2.64851E-03 7.94552E-04-1.66026E-09
 -3
    1PSTEP                        46           8           2          
  100CL  116 2.000000000          35                     0   16           1
 -4  DISP        4    1
 -5  D1          1    2    1    0
 -5  D2          1    2    2    0
 -5  D3          1    2    3    0
 -5  ALL         1    2    0    0    1ALL
 -1         1 9.99353E-01 3.05989E-05 4.10332E-05
 -1         2 9.99344E-01-4.62666E-05-2.74977E-04
 -1         3 9.99337E-01 7.95851E-05-2.68822E-04
 -1         4 9.99344E-01 3.81876E-06 8.00155E-05
 -1         5 1.00000E+00 0.00000E+00-5.60203E-05
 -1         6 1.00000E+00 0.00000E+00-6.91629E-04
 -1         7 1.00000E+00 0.00000E+00-6.47470E-04
 -1         8 1.00000E+00 0.00000E+00-3.54905E-05
 -1         9 0.00000E+00 0.00000E+00 0.00000E+00
 -1        10 0.00000E+00 0.00000E+00 0.00000E+00
 -1        11 0.00000E+00 0.00000E+00 0.00000E+00
 -1        12 0.00000E+00 0.00000E+00 0.00000E+00
 -1        13 2.02756E-04 2.95941E-05 7.63117E-05
 -1        14 2.92258E-04-7.41043E-05-3.00832E-04
 -1        15 2.89920E-04 7.28492E-05-2.93343E-04
 -1        16 2.03299E-04-2.90542E-05 6.96808E-05
 -1        17 9.99322E-01-1.45217E-05-1.16744E-04
 -1        18 9.99358E-01 1.51520E-05-2.71963E-04
 -1        19 9.99345E-01 1.75026E-05-1.16269E-04
 -1        20 9.99632E-01 5.46914E-06-1.85085E-04
 -1        21 9.99660E-01 3.02503E-06-4.68928E-04
 -1        22 9.99640E-01 5.42782E-05-4.62561E-04
 -1        23 9.99329E-01 4.71388E-05-1.07105E-04
 -1        24 9.99358E-01 8.75215E-06 6.73197E-05
 -1        25 9.99618E-01 2.75258E-05-1.84398E-04
 -1        26 9.99624E-01 1.47735E-05 6.37165E-05
 -1        27 9.99631E-01 3.32844E-06 8.59732E-05
 -1        28 1.00000E+00 0.00000E+00-2.91268E-04
 -1        29 1.00000E+00 0.00000E+00 5.09802E-05
 -1        30 9.99632E-01 1.42561E-06 9.89802E-06
 -1        31 1.00000E+00 0.00000E+00-2.23434E-04
 -1        32 1.00000E+00 0.00000E+00-2.63550E-04
 -1        33 9.99623E-01-1.08185E-05-1.99269E-04
 -1        34 1.00000E+00 0.00000E+00-6.16621E-04
 -1        35 9.99652E-01-3.22653E-05-4.88606E-04
 -3
    1PSTEP                        47           8           2          
  100CL  116 2.000000000          35                     0   16           1
 -4  FORC        4    1
 -5  F1          1    2    1    0
 -5  F2          1    2    2    0
 -5  F3          1    2    3    0
 -5  ALL         1    2    0    0    1ALL
 -1         1-2.37241E-11 8.08324E-12-1.47882E-12
 -1         2-4.42464E-11 9.81484E-12 8.31157E-12
 -1         3 2.98463E-11-8.71519E-13-2.69686E-11
 -1         4 4.27923E-11-1.72093E-11-1.30966E-11
 -1         5 6.49987E+00 5.90847E+00-1.33333E+01
 -1         6-2.32003E+00 6.84367E+00-1.33333E+01
 -1         7-3.45794E+00-2.40277E+00-1.33333E+01
 -1         8 4.24956E+00-6.90083E-01-1.33333E+01
 -1         9-2.31497E+00 3.41130E+00-5.51284E-01
 -1        10-1.54432E+01 1.23031E+01 6.05513E+01
 -1        11-1.57489E+01-1.25448E+01 6.04480E+01
 -1        12-2.49251E+00-3.16967E+00-4.48044E-01
 -1        13-7.99361E-15-3.34790E-15 8.88178E-15
 -1        14 1.77636E-15-3.85982E-16 2.84217E-14
 -1        15 3.55271E-15 4.16879E-15 1.42109E-14
 -1        16-2.66454E-15 1.42655E-15 3.55271E-15
 -1        17 6.56453E-11 1.07310E-11 9.42180E-12
 -1        18-2.65956E-11-2.10532E-11 3.57403E-11
 -1        19-6.34870E-12-1.55079E-11 2.56648E-11
 -1        20 1.69134E-10 7.77822E-12-4.28173E-11
 -1        21-1.19077E-10 3.73523E-12 5.93658E-12
 -1        22-5.09250E-11-4.07224E-11 3.51004E-11
 -1        23-7.39719E-11 1.92308E-11 3.88916E-11
 -1        24-7.69649E-12 6.78032E-12-1.07761E-11
 -1        25 7.53546E-11 9.67524E-12-2.92205E-11
 -1        26-5.26910E-11 1.45255E-11-1.02063E-11
 -1        27 5.30243E-11-3.56519E-11 1.70255E-11
 -1        28 5.45189E+00-7.42673E+00-1.33333E+01
 -1        29 1.66344E+01-4.85040E+00-1.33333E+01
 -1        30-3.84439E-12-2.20196E-12 1.63341E-11
 -1        31 1.14970E+01-3.44970E+00-1.33333E+01
 -1        32 3.22470E+00 1.13015E+01-1.33333E+01
 -1        33 4.50058E-12 2.24696E-11-1.90739E-11
 -1        34-5.77980E+00-5.23394E+00-1.33333E+01
 -1        35-3.38650E-12 2.03971E-11-1.17287E-11
 -3
    1PSTEP                        48           8           2          
  100CL  116 2.000000000           9                     0   16           1
 -4  CONTACT     6    1
 -5  COPEN       1    1    0    0
 -5  CSLIP1      1    1    0    0
 -5  CSLIP2      1    1    0    0
 -5  CPRESS      1    1    0    0
 -5  CSHEAR1     1    1    0    0
 -5  CSHEAR2     1    1    0    0
 -1        24 3.27754E-02 0.00000E+00 0.00000E+00 5.29860E-04 1.58958E-04-2.14067E-10
 -1        23-6.73182E-04 9.99074E+02 3.18394E-02 8.38482E-03 2.51545E-03-1.31617E-09
 -1        19-2.18275E-03 1.99819E+03 3.28515E-02 1.14238E-02 3.42715E-03-1.16191E-09
 -1        18-2.67656E-03 9.99087E+02 1.47075E-02 2.63439E-02 7.90317E-03-1.25525E-09
 -1        17-1.23749E-03 9.99057E+02 3.16212E-04 1.38936E-02 4.16809E-03 5.13167E-10
 -1         4 2.87764E-02 0.00000E+00 0.00000E+00 0.00000E+00 0.00000E+00 0.00000E+00
 -1         3-2.89716E-03 1.33207E+03 3.37873E-02 2.17287E-02 6.51860E-03-5.55070E-09
 -1         2-1.97961E-03 6.66040E+02 6.06569E-03 2.96941E-02 8.90823E-03 4.32806E-09
 -1         1-3.53240E-04 1.33219E+03 1.84356E-02 2.64930E-03 7.94790E-04-8.58847E-10
 -3
 9999
