
************************************************************

CalculiX Version 2.21, Copyright(C) 1998-2023 Guido Dhondt
CalculiX comes with ABSOLUTELY NO WARRANTY. This is free
software, and you are welcome to redistribute it under
certain conditions, see gpl.htm

************************************************************

You are using an executable made on Sat Jul 29 10:52:01 CEST 2023
 Decascading the MPC's

 Determining the structure of the matrix:
 Using up to 2 cpu(s) for setting up the structure of the matrix.
 number of equations
 186060
 number of nonzero lower triangular matrix elements
 6473415

 increment 1 attempt 1 
 increment size= 5.000000e-02
 sum of previous increments=0.000000e+00
 actual step time=5.000000e-02
 actual total time=5.000000e-02

 iteration 1

 Number of contact spring elements=10290

 Determining the structure of the matrix:

 Using up to 2 cpu(s) for setting up the structure of the matrix.
 number of equations
 186060
 number of nonzero lower triangular matrix elements
 6473415

 Using up to 2 cpu(s) for the stress calculation.

 Using up to 2 cpu(s) for the symmetric stiffness/mass contributions.

 Using up to 2 cpu(s) for the asymmetric stiffness/mass contributions.

 Factoring the system of equations using the unsymmetric spooles solver
 Using up to 2 cpu(s) for spooles.

 Using up to 2 cpu(s) for the stress calculation.

 average force= 0.071903
 time avg. forc= 0.071903
 largest residual force= 0.221594 in node 31253 and dof 2
 largest increment of disp= 1.357015e-02
 largest correction to disp= 1.357015e-02 in node 4538 and dof 2

 no convergence

 iteration 2

 Number of contact spring elements=6637

 Using up to 2 cpu(s) for the stress calculation.

 Using up to 2 cpu(s) for the symmetric stiffness/mass contributions.

 Using up to 2 cpu(s) for the asymmetric stiffness/mass contributions.

 Factoring the system of equations using the unsymmetric spooles solver
 Using up to 2 cpu(s) for spooles.

 Using up to 2 cpu(s) for the stress calculation.

line search factor=0.881582

 Using up to 2 cpu(s) for the stress calculation.

 average force= 0.078732
 time avg. forc= 0.078732
 largest residual force= 0.398496 in node 34576 and dof 2
 largest increment of disp= 1.357015e-02
 largest correction to disp= 5.114476e-05 in node 301 and dof 2

 no convergence

 iteration 3

 Number of contact spring elements=5461

 Using up to 2 cpu(s) for the stress calculation.

 Using up to 2 cpu(s) for the symmetric stiffness/mass contributions.

 Using up to 2 cpu(s) for the asymmetric stiffness/mass contributions.

 Factoring the system of equations using the unsymmetric spooles solver
 Using up to 2 cpu(s) for spooles.

 Using up to 2 cpu(s) for the stress calculation.

line search factor=0.744384

 Using up to 2 cpu(s) for the stress calculation.

 average force= 0.081378
 time avg. forc= 0.081378
 largest residual force= 0.518443 in node 5146 and dof 2
 largest increment of disp= 1.357015e-02
 largest correction to disp= 1.254225e-04 in node 5158 and dof 2

 no convergence

 iteration 4

 Number of contact spring elements=4792

 Using up to 2 cpu(s) for the stress calculation.

 Using up to 2 cpu(s) for the symmetric stiffness/mass contributions.

 Using up to 2 cpu(s) for the asymmetric stiffness/mass contributions.

 Factoring the system of equations using the unsymmetric spooles solver
 Using up to 2 cpu(s) for spooles.

 Using up to 2 cpu(s) for the stress calculation.

line search factor=0.415407

 Using up to 2 cpu(s) for the stress calculation.

 average force= 0.083230
 time avg. forc= 0.083230
 largest residual force= 0.306066 in node 5146 and dof 2
 largest increment of disp= 1.357015e-02
 largest correction to disp= 5.871951e-04 in node 302 and dof 2

 no convergence

 iteration 5

 Number of contact spring elements=4075

 Using up to 2 cpu(s) for the stress calculation.

 Using up to 2 cpu(s) for the symmetric stiffness/mass contributions.

 Using up to 2 cpu(s) for the asymmetric stiffness/mass contributions.

 Factoring the system of equations using the unsymmetric spooles solver
 Using up to 2 cpu(s) for spooles.

 Using up to 2 cpu(s) for the stress calculation.

line search factor=0.433238

 Using up to 2 cpu(s) for the stress calculation.

 average force= 0.085413
 time avg. forc= 0.085413
 largest residual force= 0.248826 in node 33511 and dof 3
 largest increment of disp= 1.357015e-02
 largest correction to disp= 9.639898e-04 in node 302 and dof 2

 no convergence

 iteration 6

 Number of contact spring elements=3413

 Using up to 2 cpu(s) for the stress calculation.

 Using up to 2 cpu(s) for the symmetric stiffness/mass contributions.

 Using up to 2 cpu(s) for the asymmetric stiffness/mass contributions.

 Factoring the system of equations using the unsymmetric spooles solver
 Using up to 2 cpu(s) for spooles.

 Using up to 2 cpu(s) for the stress calculation.

line search factor=0.272948

 Using up to 2 cpu(s) for the stress calculation.

 average force= 0.087270
 time avg. forc= 0.087270
 largest residual force= 0.438282 in node 33573 and dof 3
 largest increment of disp= 1.357015e-02
 largest correction to disp= 1.038573e-03 in node 302 and dof 2

 no convergence

 iteration 7

 Number of contact spring elements=3031

 Using up to 2 cpu(s) for the stress calculation.

 Using up to 2 cpu(s) for the symmetric stiffness/mass contributions.

 Using up to 2 cpu(s) for the asymmetric stiffness/mass contributions.

 Factoring the system of equations using the unsymmetric spooles solver
 Using up to 2 cpu(s) for spooles.

 Using up to 2 cpu(s) for the stress calculation.

line search factor=0.250000

 Using up to 2 cpu(s) for the stress calculation.

 average force= 0.088481
 time avg. forc= 0.088481
 largest residual force= 0.540799 in node 33513 and dof 3
 largest increment of disp= 1.357015e-02
 largest correction to disp= 9.945761e-04 in node 302 and dof 2

 no convergence

 iteration 8

 Number of contact spring elements=2730

 Using up to 2 cpu(s) for the stress calculation.

 Using up to 2 cpu(s) for the symmetric stiffness/mass contributions.

 Using up to 2 cpu(s) for the asymmetric stiffness/mass contributions.

 Factoring the system of equations using the unsymmetric spooles solver
 Using up to 2 cpu(s) for spooles.

 Using up to 2 cpu(s) for the stress calculation.

line search factor=0.250000

 Using up to 2 cpu(s) for the stress calculation.

 average force= 0.089530
 time avg. forc= 0.089530
 largest residual force= 0.604191 in node 33515 and dof 3
 largest increment of disp= 1.357015e-02
 largest correction to disp= 9.499171e-04 in node 302 and dof 2

 no convergence

 iteration 9

 Number of contact spring elements=2491

 Using up to 2 cpu(s) for the stress calculation.

 Using up to 2 cpu(s) for the symmetric stiffness/mass contributions.

 Using up to 2 cpu(s) for the asymmetric stiffness/mass contributions.

 Factoring the system of equations using the unsymmetric spooles solver
 Using up to 2 cpu(s) for spooles.

 Using up to 2 cpu(s) for the stress calculation.

line search factor=0.250000

 Using up to 2 cpu(s) for the stress calculation.

 average force= 0.090473
 time avg. forc= 0.090473
 largest residual force= 0.702941 in node 33513 and dof 3
 largest increment of disp= 1.357015e-02
 largest correction to disp= 1.077636e-03 in node 1868 and dof 2

 no convergence

 iteration 10

 Number of contact spring elements=2329

 Using up to 2 cpu(s) for the stress calculation.

 Using up to 2 cpu(s) for the symmetric stiffness/mass contributions.

 Using up to 2 cpu(s) for the asymmetric stiffness/mass contributions.

 Factoring the system of equations using the unsymmetric spooles solver
 Using up to 2 cpu(s) for spooles.

 Using up to 2 cpu(s) for the stress calculation.

line search factor=0.250000

 Using up to 2 cpu(s) for the stress calculation.

 average force= 0.091305
 time avg. forc= 0.091305
 largest residual force= 0.996102 in node 34567 and dof 3
 largest increment of disp= 1.357015e-02
 largest correction to disp= 1.598313e-03 in node 1846 and dof 2

 no convergence

 iteration 11

 Number of contact spring elements=2183

 Using up to 2 cpu(s) for the stress calculation.

 Using up to 2 cpu(s) for the symmetric stiffness/mass contributions.

 Using up to 2 cpu(s) for the asymmetric stiffness/mass contributions.

 Factoring the system of equations using the unsymmetric spooles solver
 Using up to 2 cpu(s) for spooles.

 Using up to 2 cpu(s) for the stress calculation.

line search factor=0.250000

 Using up to 2 cpu(s) for the stress calculation.

 average force= 0.092213
 time avg. forc= 0.092213
 largest residual force= 1.170060 in node 4781 and dof 3
 largest increment of disp= 1.357015e-02
 largest correction to disp= 2.341263e-03 in node 1491 and dof 2

 no convergence

 iteration 12

 Number of contact spring elements=1915

 Using up to 2 cpu(s) for the stress calculation.

 Using up to 2 cpu(s) for the symmetric stiffness/mass contributions.

 Using up to 2 cpu(s) for the asymmetric stiffness/mass contributions.

 Factoring the system of equations using the unsymmetric spooles solver
 Using up to 2 cpu(s) for spooles.

 Using up to 2 cpu(s) for the stress calculation.

line search factor=0.250000

 Using up to 2 cpu(s) for the stress calculation.

 average force= 0.093515
 time avg. forc= 0.093515
 largest residual force= 1.735154 in node 4801 and dof 3
 largest increment of disp= 1.357015e-02
 largest correction to disp= 2.631043e-03 in node 26101 and dof 2

maximum number of iterations for face-to-face contact reached
 the increment size is decreased to 5.000000e-02
 the increment is reattempted


 reducing the constant stiffnesses by a factor of 100 

 increment 1 attempt 2 
 increment size= 5.000000e-02
 sum of previous increments=0.000000e+00
 actual step time=5.000000e-02
 actual total time=5.000000e-02

 iteration 1

 Number of contact spring elements=10290

 Determining the structure of the matrix:

 Using up to 2 cpu(s) for setting up the structure of the matrix.
 number of equations
 186060
 number of nonzero lower triangular matrix elements
 6473415

 Using up to 2 cpu(s) for the stress calculation.

 Using up to 2 cpu(s) for the symmetric stiffness/mass contributions.

 Using up to 2 cpu(s) for the asymmetric stiffness/mass contributions.

 Factoring the system of equations using the unsymmetric spooles solver
 Using up to 2 cpu(s) for spooles.

 Using up to 2 cpu(s) for the stress calculation.

 average force= 0.072481
 time avg. forc= 0.072481
 largest residual force= 0.264480 in node 31246 and dof 2
 largest increment of disp= 1.379026e-02
 largest correction to disp= 1.379026e-02 in node 4538 and dof 2

 no convergence

 iteration 2

 Number of contact spring elements=6071

 Using up to 2 cpu(s) for the stress calculation.

 Using up to 2 cpu(s) for the symmetric stiffness/mass contributions.

 Using up to 2 cpu(s) for the asymmetric stiffness/mass contributions.

 Factoring the system of equations using the unsymmetric spooles solver
 Using up to 2 cpu(s) for spooles.

 Using up to 2 cpu(s) for the stress calculation.

line search factor=1.010000

 Using up to 2 cpu(s) for the stress calculation.

 average force= 0.080750
 time avg. forc= 0.080750
 largest residual force= 0.153347 in node 34579 and dof 2
 largest increment of disp= 1.379026e-02
 largest correction to disp= 8.628418e-04 in node 269 and dof 2

 no convergence

 iteration 3

 Number of contact spring elements=4469

 Using up to 2 cpu(s) for the stress calculation.

 Using up to 2 cpu(s) for the symmetric stiffness/mass contributions.

 Using up to 2 cpu(s) for the asymmetric stiffness/mass contributions.

 Factoring the system of equations using the unsymmetric spooles solver
 Using up to 2 cpu(s) for spooles.

 Using up to 2 cpu(s) for the stress calculation.

line search factor=0.530064

 Using up to 2 cpu(s) for the stress calculation.

 average force= 0.084799
 time avg. forc= 0.084799
 largest residual force= 0.103710 in node 31245 and dof 2
 largest increment of disp= 1.379026e-02
 largest correction to disp= 1.319065e-03 in node 301 and dof 2

 no convergence

 iteration 4

 Number of contact spring elements=4697

 Using up to 2 cpu(s) for the stress calculation.

 Using up to 2 cpu(s) for the symmetric stiffness/mass contributions.

 Using up to 2 cpu(s) for the asymmetric stiffness/mass contributions.

 Factoring the system of equations using the unsymmetric spooles solver
 Using up to 2 cpu(s) for spooles.

 Using up to 2 cpu(s) for the stress calculation.

line search factor=0.250000

 Using up to 2 cpu(s) for the stress calculation.

 average force= 0.084525
 time avg. forc= 0.084525
 largest residual force= 0.241431 in node 34567 and dof 3
 largest increment of disp= 1.379026e-02
 largest correction to disp= 1.780237e-03 in node 1867 and dof 2

 no convergence

 iteration 5

 Number of contact spring elements=4125

 Using up to 2 cpu(s) for the stress calculation.

 Using up to 2 cpu(s) for the symmetric stiffness/mass contributions.

 Using up to 2 cpu(s) for the asymmetric stiffness/mass contributions.

 Factoring the system of equations using the unsymmetric spooles solver
 Using up to 2 cpu(s) for spooles.

 Using up to 2 cpu(s) for the stress calculation.

line search factor=0.250000

 Using up to 2 cpu(s) for the stress calculation.

 average force= 0.086135
 time avg. forc= 0.086135
 largest residual force= 0.212958 in node 33570 and dof 3
 largest increment of disp= 1.379026e-02
 largest correction to disp= 2.061342e-03 in node 163 and dof 2

 no convergence

 iteration 6

 Number of contact spring elements=3558

 Using up to 2 cpu(s) for the stress calculation.

 Using up to 2 cpu(s) for the symmetric stiffness/mass contributions.

 Using up to 2 cpu(s) for the asymmetric stiffness/mass contributions.

 Factoring the system of equations using the unsymmetric spooles solver
 Using up to 2 cpu(s) for spooles.

 Using up to 2 cpu(s) for the stress calculation.

line search factor=0.250000

 Using up to 2 cpu(s) for the stress calculation.

 average force= 0.087850
 time avg. forc= 0.087850
 largest residual force= 0.188194 in node 33570 and dof 3
 largest increment of disp= 1.379026e-02
 largest correction to disp= 2.324771e-03 in node 1866 and dof 2

 no convergence

 iteration 7

 Number of contact spring elements=3128

 Using up to 2 cpu(s) for the stress calculation.

 Using up to 2 cpu(s) for the symmetric stiffness/mass contributions.

 Using up to 2 cpu(s) for the asymmetric stiffness/mass contributions.

 Factoring the system of equations using the unsymmetric spooles solver
 Using up to 2 cpu(s) for spooles.

 Using up to 2 cpu(s) for the stress calculation.

line search factor=0.250000

 Using up to 2 cpu(s) for the stress calculation.

 average force= 0.089276
 time avg. forc= 0.089276
 largest residual force= 0.144608 in node 33556 and dof 3
 largest increment of disp= 1.379026e-02
 largest correction to disp= 2.240079e-03 in node 163 and dof 2

 no convergence

 iteration 8

 Number of contact spring elements=2709

 Using up to 2 cpu(s) for the stress calculation.

 Using up to 2 cpu(s) for the symmetric stiffness/mass contributions.

 Using up to 2 cpu(s) for the asymmetric stiffness/mass contributions.

 Factoring the system of equations using the unsymmetric spooles solver
 Using up to 2 cpu(s) for spooles.

 Using up to 2 cpu(s) for the stress calculation.

line search factor=0.250000

 Using up to 2 cpu(s) for the stress calculation.

 average force= 0.090672
 time avg. forc= 0.090672
 largest residual force= 0.111268 in node 33570 and dof 3
 largest increment of disp= 1.379026e-02
 largest correction to disp= 2.099336e-03 in node 1866 and dof 2

 no convergence

 iteration 9

 Number of contact spring elements=2390

 Using up to 2 cpu(s) for the stress calculation.

 Using up to 2 cpu(s) for the symmetric stiffness/mass contributions.

 Using up to 2 cpu(s) for the asymmetric stiffness/mass contributions.

 Factoring the system of equations using the unsymmetric spooles solver
 Using up to 2 cpu(s) for spooles.

 Using up to 2 cpu(s) for the stress calculation.

line search factor=0.250000

 Using up to 2 cpu(s) for the stress calculation.

 average force= 0.091783
 time avg. forc= 0.091783
 largest residual force= 0.103068 in node 28518 and dof 3
 largest increment of disp= 1.379026e-02
 largest correction to disp= 1.879706e-03 in node 1866 and dof 2

 no convergence

 iteration 10

 Number of contact spring elements=2143

 Using up to 2 cpu(s) for the stress calculation.

 Using up to 2 cpu(s) for the symmetric stiffness/mass contributions.

 Using up to 2 cpu(s) for the asymmetric stiffness/mass contributions.

 Factoring the system of equations using the unsymmetric spooles solver
 Using up to 2 cpu(s) for spooles.

 Using up to 2 cpu(s) for the stress calculation.

line search factor=0.250000

 Using up to 2 cpu(s) for the stress calculation.

 average force= 0.092689
 time avg. forc= 0.092689
 largest residual force= 0.089299 in node 28518 and dof 3
 largest increment of disp= 1.379026e-02
 largest correction to disp= 1.635292e-03 in node 1866 and dof 2

 no convergence

 iteration 11

 Number of contact spring elements=1969

 Using up to 2 cpu(s) for the stress calculation.

 Using up to 2 cpu(s) for the symmetric stiffness/mass contributions.

 Using up to 2 cpu(s) for the asymmetric stiffness/mass contributions.

 Factoring the system of equations using the unsymmetric spooles solver
 Using up to 2 cpu(s) for spooles.

 Using up to 2 cpu(s) for the stress calculation.

line search factor=0.250000

 Using up to 2 cpu(s) for the stress calculation.

 average force= 0.093365
 time avg. forc= 0.093365
 largest residual force= 0.070450 in node 28518 and dof 3
 largest increment of disp= 1.379026e-02
 largest correction to disp= 1.399672e-03 in node 1866 and dof 2

 no convergence

 iteration 12

 Number of contact spring elements=1860

 Using up to 2 cpu(s) for the stress calculation.

 Using up to 2 cpu(s) for the symmetric stiffness/mass contributions.

 Using up to 2 cpu(s) for the asymmetric stiffness/mass contributions.

 Factoring the system of equations using the unsymmetric spooles solver
 Using up to 2 cpu(s) for spooles.

 Using up to 2 cpu(s) for the stress calculation.

line search factor=0.250000

 Using up to 2 cpu(s) for the stress calculation.

 average force= 0.093826
 time avg. forc= 0.093826
 largest residual force= 0.052837 in node 28518 and dof 3
 largest increment of disp= 1.379026e-02
 largest correction to disp= 1.160183e-03 in node 1866 and dof 2

maximum number of iterations for face-to-face contact reached
 the increment size is decreased to 2.500000e-02
 the increment is reattempted


 reducing the constant stiffnesses by a factor of 100 

 increment 1 attempt 3 
 increment size= 2.500000e-02
 sum of previous increments=0.000000e+00
 actual step time=2.500000e-02
 actual total time=2.500000e-02

 iteration 1

 Number of contact spring elements=10290

 Determining the structure of the matrix:

 Using up to 2 cpu(s) for setting up the structure of the matrix.
 number of equations
 186060
 number of nonzero lower triangular matrix elements
 6473415

 Using up to 2 cpu(s) for the stress calculation.

 Using up to 2 cpu(s) for the symmetric stiffness/mass contributions.

 Using up to 2 cpu(s) for the asymmetric stiffness/mass contributions.

 Factoring the system of equations using the unsymmetric spooles solver
 Using up to 2 cpu(s) for spooles.

 Using up to 2 cpu(s) for the stress calculation.

 average force= 0.036241
 time avg. forc= 0.036241
 largest residual force= 0.132240 in node 31246 and dof 2
 largest increment of disp= 6.895132e-03
 largest correction to disp= 6.895132e-03 in node 4538 and dof 2

 no convergence

 iteration 2

 Number of contact spring elements=6071

 Using up to 2 cpu(s) for the stress calculation.

 Using up to 2 cpu(s) for the symmetric stiffness/mass contributions.

 Using up to 2 cpu(s) for the asymmetric stiffness/mass contributions.

 Factoring the system of equations using the unsymmetric spooles solver
 Using up to 2 cpu(s) for spooles.

 Using up to 2 cpu(s) for the stress calculation.

line search factor=1.010000

 Using up to 2 cpu(s) for the stress calculation.

 average force= 0.040375
 time avg. forc= 0.040375
 largest residual force= 0.076672 in node 34579 and dof 2
 largest increment of disp= 6.895132e-03
 largest correction to disp= 4.314085e-04 in node 269 and dof 2

 no convergence

 iteration 3

 Number of contact spring elements=4469

 Using up to 2 cpu(s) for the stress calculation.

 Using up to 2 cpu(s) for the symmetric stiffness/mass contributions.

 Using up to 2 cpu(s) for the asymmetric stiffness/mass contributions.

 Factoring the system of equations using the unsymmetric spooles solver
 Using up to 2 cpu(s) for spooles.

 Using up to 2 cpu(s) for the stress calculation.

line search factor=0.530082

 Using up to 2 cpu(s) for the stress calculation.

 average force= 0.042399
 time avg. forc= 0.042399
 largest residual force= 0.051854 in node 31245 and dof 2
 largest increment of disp= 6.895132e-03
 largest correction to disp= 6.595076e-04 in node 301 and dof 2

 no convergence

 iteration 4

 Number of contact spring elements=4697

 Using up to 2 cpu(s) for the stress calculation.

 Using up to 2 cpu(s) for the symmetric stiffness/mass contributions.

 Using up to 2 cpu(s) for the asymmetric stiffness/mass contributions.

 Factoring the system of equations using the unsymmetric spooles solver
 Using up to 2 cpu(s) for spooles.

 Using up to 2 cpu(s) for the stress calculation.

line search factor=0.250000

 Using up to 2 cpu(s) for the stress calculation.

 average force= 0.042262
 time avg. forc= 0.042262
 largest residual force= 0.120719 in node 34567 and dof 3
 largest increment of disp= 6.895132e-03
 largest correction to disp= 8.900586e-04 in node 1867 and dof 2

 no convergence

 iteration 5

 Number of contact spring elements=4125

 Using up to 2 cpu(s) for the stress calculation.

 Using up to 2 cpu(s) for the symmetric stiffness/mass contributions.

 Using up to 2 cpu(s) for the asymmetric stiffness/mass contributions.

 Factoring the system of equations using the unsymmetric spooles solver
 Using up to 2 cpu(s) for spooles.

 Using up to 2 cpu(s) for the stress calculation.

line search factor=0.250000

 Using up to 2 cpu(s) for the stress calculation.

 average force= 0.043067
 time avg. forc= 0.043067
 largest residual force= 0.106468 in node 33570 and dof 3
 largest increment of disp= 6.895132e-03
 largest correction to disp= 1.030593e-03 in node 163 and dof 2

 no convergence

 iteration 6

 Number of contact spring elements=3558

 Using up to 2 cpu(s) for the stress calculation.

 Using up to 2 cpu(s) for the symmetric stiffness/mass contributions.

 Using up to 2 cpu(s) for the asymmetric stiffness/mass contributions.

 Factoring the system of equations using the unsymmetric spooles solver
 Using up to 2 cpu(s) for spooles.

 Using up to 2 cpu(s) for the stress calculation.

line search factor=0.250000

 Using up to 2 cpu(s) for the stress calculation.

 average force= 0.043925
 time avg. forc= 0.043925
 largest residual force= 0.094080 in node 33570 and dof 3
 largest increment of disp= 6.895132e-03
 largest correction to disp= 1.162278e-03 in node 1866 and dof 2

 no convergence

 iteration 7

 Number of contact spring elements=3128

 Using up to 2 cpu(s) for the stress calculation.

 Using up to 2 cpu(s) for the symmetric stiffness/mass contributions.

 Using up to 2 cpu(s) for the asymmetric stiffness/mass contributions.

 Factoring the system of equations using the unsymmetric spooles solver
 Using up to 2 cpu(s) for spooles.

 Using up to 2 cpu(s) for the stress calculation.

line search factor=0.250000

 Using up to 2 cpu(s) for the stress calculation.

 average force= 0.044637
 time avg. forc= 0.044637
 largest residual force= 0.072287 in node 33556 and dof 3
 largest increment of disp= 6.895132e-03
 largest correction to disp= 1.119926e-03 in node 163 and dof 2

 no convergence

 iteration 8

 Number of contact spring elements=2709

 Using up to 2 cpu(s) for the stress calculation.

 Using up to 2 cpu(s) for the symmetric stiffness/mass contributions.

 Using up to 2 cpu(s) for the asymmetric stiffness/mass contributions.

 Factoring the system of equations using the unsymmetric spooles solver
 Using up to 2 cpu(s) for spooles.

 Using up to 2 cpu(s) for the stress calculation.

line search factor=0.250000

 Using up to 2 cpu(s) for the stress calculation.

 average force= 0.045336
 time avg. forc= 0.045336
 largest residual force= 0.055617 in node 33570 and dof 3
 largest increment of disp= 6.895132e-03
 largest correction to disp= 1.049551e-03 in node 1866 and dof 2

 no convergence

 iteration 9

 Number of contact spring elements=2390

 Using up to 2 cpu(s) for the stress calculation.

 Using up to 2 cpu(s) for the symmetric stiffness/mass contributions.

 Using up to 2 cpu(s) for the asymmetric stiffness/mass contributions.

 Factoring the system of equations using the unsymmetric spooles solver
 Using up to 2 cpu(s) for spooles.

 Using up to 2 cpu(s) for the stress calculation.

line search factor=0.250000

 Using up to 2 cpu(s) for the stress calculation.

 average force= 0.045891
 time avg. forc= 0.045891
 largest residual force= 0.051509 in node 28518 and dof 3
 largest increment of disp= 6.895132e-03
 largest correction to disp= 9.397432e-04 in node 1866 and dof 2

 no convergence

 iteration 10

 Number of contact spring elements=2143

 Using up to 2 cpu(s) for the stress calculation.

 Using up to 2 cpu(s) for the symmetric stiffness/mass contributions.

 Using up to 2 cpu(s) for the asymmetric stiffness/mass contributions.

 Factoring the system of equations using the unsymmetric spooles solver
 Using up to 2 cpu(s) for spooles.

 Using up to 2 cpu(s) for the stress calculation.

line search factor=0.250000

 Using up to 2 cpu(s) for the stress calculation.

 average force= 0.046344
 time avg. forc= 0.046344
 largest residual force= 0.044627 in node 28518 and dof 3
 largest increment of disp= 6.895132e-03
 largest correction to disp= 8.175391e-04 in node 1866 and dof 2

 no convergence

 iteration 11

 Number of contact spring elements=1969

 Using up to 2 cpu(s) for the stress calculation.

 Using up to 2 cpu(s) for the symmetric stiffness/mass contributions.

 Using up to 2 cpu(s) for the asymmetric stiffness/mass contributions.

 Factoring the system of equations using the unsymmetric spooles solver
 Using up to 2 cpu(s) for spooles.

 Using up to 2 cpu(s) for the stress calculation.

line search factor=0.250000

 Using up to 2 cpu(s) for the stress calculation.

 average force= 0.046682
 time avg. forc= 0.046682
 largest residual force= 0.035206 in node 28518 and dof 3
 largest increment of disp= 6.895132e-03
 largest correction to disp= 6.997402e-04 in node 1866 and dof 2

 no convergence

 iteration 12

 Number of contact spring elements=1860

 Using up to 2 cpu(s) for the stress calculation.

 Using up to 2 cpu(s) for the symmetric stiffness/mass contributions.

 Using up to 2 cpu(s) for the asymmetric stiffness/mass contributions.

 Factoring the system of equations using the unsymmetric spooles solver
 Using up to 2 cpu(s) for spooles.

 Using up to 2 cpu(s) for the stress calculation.

line search factor=0.250000

 Using up to 2 cpu(s) for the stress calculation.

 average force= 0.046912
 time avg. forc= 0.046912
 largest residual force= 0.026405 in node 28518 and dof 3
 largest increment of disp= 6.895132e-03
 largest correction to disp= 5.800099e-04 in node 1866 and dof 2

maximum number of iterations for face-to-face contact reached
 the increment size is decreased to 1.250000e-02
 the increment is reattempted


 reducing the constant stiffnesses by a factor of 100 

 increment 1 attempt 4 
 increment size= 1.250000e-02
 sum of previous increments=0.000000e+00
 actual step time=1.250000e-02
 actual total time=1.250000e-02

 iteration 1

 Number of contact spring elements=10290

 Determining the structure of the matrix:

 Using up to 2 cpu(s) for setting up the structure of the matrix.
 number of equations
 186060
 number of nonzero lower triangular matrix elements
 6473415

 Using up to 2 cpu(s) for the stress calculation.

 Using up to 2 cpu(s) for the symmetric stiffness/mass contributions.

 Using up to 2 cpu(s) for the asymmetric stiffness/mass contributions.

 Factoring the system of equations using the unsymmetric spooles solver
 Using up to 2 cpu(s) for spooles.

 Using up to 2 cpu(s) for the stress calculation.

 average force= 0.018121
 time avg. forc= 0.018121
 largest residual force= 0.066120 in node 31246 and dof 2
 largest increment of disp= 3.447566e-03
 largest correction to disp= 3.447566e-03 in node 4538 and dof 2

 no convergence

 iteration 2

 Number of contact spring elements=6071

 Using up to 2 cpu(s) for the stress calculation.

 Using up to 2 cpu(s) for the symmetric stiffness/mass contributions.

 Using up to 2 cpu(s) for the asymmetric stiffness/mass contributions.

 Factoring the system of equations using the unsymmetric spooles solver
 Using up to 2 cpu(s) for spooles.

 Using up to 2 cpu(s) for the stress calculation.

line search factor=1.010000

 Using up to 2 cpu(s) for the stress calculation.

 average force= 0.020187
 time avg. forc= 0.020187
 largest residual force= 0.038336 in node 34579 and dof 2
 largest increment of disp= 3.447566e-03
 largest correction to disp= 2.157011e-04 in node 269 and dof 2

 no convergence

 iteration 3

 Number of contact spring elements=4469

 Using up to 2 cpu(s) for the stress calculation.

 Using up to 2 cpu(s) for the symmetric stiffness/mass contributions.

 Using up to 2 cpu(s) for the asymmetric stiffness/mass contributions.

 Factoring the system of equations using the unsymmetric spooles solver
 Using up to 2 cpu(s) for spooles.

 Using up to 2 cpu(s) for the stress calculation.

line search factor=0.530091

 Using up to 2 cpu(s) for the stress calculation.

 average force= 0.021199
 time avg. forc= 0.021199
 largest residual force= 0.025927 in node 31245 and dof 2
 largest increment of disp= 3.447566e-03
 largest correction to disp= 3.297475e-04 in node 301 and dof 2

 no convergence

 iteration 4

 Number of contact spring elements=4697

 Using up to 2 cpu(s) for the stress calculation.

 Using up to 2 cpu(s) for the symmetric stiffness/mass contributions.

 Using up to 2 cpu(s) for the asymmetric stiffness/mass contributions.

 Factoring the system of equations using the unsymmetric spooles solver
 Using up to 2 cpu(s) for spooles.

 Using up to 2 cpu(s) for the stress calculation.

line search factor=0.250000

 Using up to 2 cpu(s) for the stress calculation.

 average force= 0.021131
 time avg. forc= 0.021131
 largest residual force= 0.060360 in node 34567 and dof 3
 largest increment of disp= 3.447566e-03
 largest correction to disp= 4.450144e-04 in node 1867 and dof 2

 no convergence

 iteration 5

 Number of contact spring elements=4125

 Using up to 2 cpu(s) for the stress calculation.

 Using up to 2 cpu(s) for the symmetric stiffness/mass contributions.

 Using up to 2 cpu(s) for the asymmetric stiffness/mass contributions.

 Factoring the system of equations using the unsymmetric spooles solver
 Using up to 2 cpu(s) for spooles.

 Using up to 2 cpu(s) for the stress calculation.

line search factor=0.250000

 Using up to 2 cpu(s) for the stress calculation.

 average force= 0.021533
 time avg. forc= 0.021533
 largest residual force= 0.053232 in node 33570 and dof 3
 largest increment of disp= 3.447566e-03
 largest correction to disp= 5.152771e-04 in node 163 and dof 2

 no convergence

 iteration 6

 Number of contact spring elements=3558

 Using up to 2 cpu(s) for the stress calculation.

 Using up to 2 cpu(s) for the symmetric stiffness/mass contributions.

 Using up to 2 cpu(s) for the asymmetric stiffness/mass contributions.

 Factoring the system of equations using the unsymmetric spooles solver
 Using up to 2 cpu(s) for spooles.

 Using up to 2 cpu(s) for the stress calculation.

line search factor=0.250000

 Using up to 2 cpu(s) for the stress calculation.

 average force= 0.021962
 time avg. forc= 0.021962
 largest residual force= 0.047036 in node 33570 and dof 3
 largest increment of disp= 3.447566e-03
 largest correction to disp= 5.811125e-04 in node 1866 and dof 2

 no convergence

 iteration 7

 Number of contact spring elements=3128

 Using up to 2 cpu(s) for the stress calculation.

 Using up to 2 cpu(s) for the symmetric stiffness/mass contributions.

 Using up to 2 cpu(s) for the asymmetric stiffness/mass contributions.

 Factoring the system of equations using the unsymmetric spooles solver
 Using up to 2 cpu(s) for spooles.

 Using up to 2 cpu(s) for the stress calculation.

line search factor=0.250000

 Using up to 2 cpu(s) for the stress calculation.

 average force= 0.022319
 time avg. forc= 0.022319
 largest residual force= 0.036139 in node 33556 and dof 3
 largest increment of disp= 3.447566e-03
 largest correction to disp= 5.599349e-04 in node 163 and dof 2

 no convergence

 iteration 8

 Number of contact spring elements=2709

 Using up to 2 cpu(s) for the stress calculation.

 Using up to 2 cpu(s) for the symmetric stiffness/mass contributions.

 Using up to 2 cpu(s) for the asymmetric stiffness/mass contributions.

 Factoring the system of equations using the unsymmetric spooles solver
 Using up to 2 cpu(s) for spooles.

 Using up to 2 cpu(s) for the stress calculation.

line search factor=0.250000

 Using up to 2 cpu(s) for the stress calculation.

 average force= 0.022668
 time avg. forc= 0.022668
 largest residual force= 0.027804 in node 33570 and dof 3
 largest increment of disp= 3.447566e-03
 largest correction to disp= 5.247464e-04 in node 1866 and dof 2

 no convergence

 iteration 9

 Number of contact spring elements=2390

 Using up to 2 cpu(s) for the stress calculation.

 Using up to 2 cpu(s) for the symmetric stiffness/mass contributions.

 Using up to 2 cpu(s) for the asymmetric stiffness/mass contributions.

 Factoring the system of equations using the unsymmetric spooles solver
 Using up to 2 cpu(s) for spooles.

 Using up to 2 cpu(s) for the stress calculation.

line search factor=0.250000

 Using up to 2 cpu(s) for the stress calculation.

 average force= 0.022945
 time avg. forc= 0.022945
 largest residual force= 0.025748 in node 28518 and dof 3
 largest increment of disp= 3.447566e-03
 largest correction to disp= 4.698441e-04 in node 1866 and dof 2

 no convergence

 iteration 10

 Number of contact spring elements=2143

 Using up to 2 cpu(s) for the stress calculation.

 Using up to 2 cpu(s) for the symmetric stiffness/mass contributions.

 Using up to 2 cpu(s) for the asymmetric stiffness/mass contributions.

 Factoring the system of equations using the unsymmetric spooles solver
 Using up to 2 cpu(s) for spooles.

 Using up to 2 cpu(s) for the stress calculation.

line search factor=0.250000

 Using up to 2 cpu(s) for the stress calculation.

 average force= 0.023172
 time avg. forc= 0.023172
 largest residual force= 0.022308 in node 28518 and dof 3
 largest increment of disp= 3.447566e-03
 largest correction to disp= 4.087429e-04 in node 1866 and dof 2

 no convergence

 iteration 11

 Number of contact spring elements=1969

 Using up to 2 cpu(s) for the stress calculation.

 Using up to 2 cpu(s) for the symmetric stiffness/mass contributions.

 Using up to 2 cpu(s) for the asymmetric stiffness/mass contributions.

 Factoring the system of equations using the unsymmetric spooles solver
 Using up to 2 cpu(s) for spooles.

 Using up to 2 cpu(s) for the stress calculation.

line search factor=0.250000

 Using up to 2 cpu(s) for the stress calculation.

 average force= 0.023341
 time avg. forc= 0.023341
 largest residual force= 0.017599 in node 28518 and dof 3
 largest increment of disp= 3.447566e-03
 largest correction to disp= 3.498462e-04 in node 1866 and dof 2

 no convergence

 iteration 12

 Number of contact spring elements=1860

 Using up to 2 cpu(s) for the stress calculation.

 Using up to 2 cpu(s) for the symmetric stiffness/mass contributions.

 Using up to 2 cpu(s) for the asymmetric stiffness/mass contributions.

 Factoring the system of equations using the unsymmetric spooles solver
 Using up to 2 cpu(s) for spooles.

 Using up to 2 cpu(s) for the stress calculation.

line search factor=0.250000

 Using up to 2 cpu(s) for the stress calculation.

 average force= 0.023456
 time avg. forc= 0.023456
 largest residual force= 0.013199 in node 28518 and dof 3
 largest increment of disp= 3.447566e-03
 largest correction to disp= 2.899846e-04 in node 1866 and dof 2

maximum number of iterations for face-to-face contact reached
 the increment size is decreased to 6.250000e-03
 the increment is reattempted


 reducing the constant stiffnesses by a factor of 100 

 increment 1 attempt 5 
 increment size= 6.250000e-03
 sum of previous increments=0.000000e+00
 actual step time=6.250000e-03
 actual total time=6.250000e-03

 iteration 1

 Number of contact spring elements=10290

 Determining the structure of the matrix:

 Using up to 2 cpu(s) for setting up the structure of the matrix.
 number of equations
 186060
 number of nonzero lower triangular matrix elements
 6473415

 Using up to 2 cpu(s) for the stress calculation.

 Using up to 2 cpu(s) for the symmetric stiffness/mass contributions.

 Using up to 2 cpu(s) for the asymmetric stiffness/mass contributions.

 Factoring the system of equations using the unsymmetric spooles solver
 Using up to 2 cpu(s) for spooles.

 Using up to 2 cpu(s) for the stress calculation.

 average force= 0.009060
 time avg. forc= 0.009060
 largest residual force= 0.033060 in node 31246 and dof 2
 largest increment of disp= 1.723783e-03
 largest correction to disp= 1.723783e-03 in node 4538 and dof 2

 no convergence

 iteration 2

 Number of contact spring elements=6071

 Using up to 2 cpu(s) for the stress calculation.

 Using up to 2 cpu(s) for the symmetric stiffness/mass contributions.

 Using up to 2 cpu(s) for the asymmetric stiffness/mass contributions.

 Factoring the system of equations using the unsymmetric spooles solver
 Using up to 2 cpu(s) for spooles.

 Using up to 2 cpu(s) for the stress calculation.

line search factor=1.010000

 Using up to 2 cpu(s) for the stress calculation.

 average force= 0.010094
 time avg. forc= 0.010094
 largest residual force= 0.019168 in node 34579 and dof 2
 largest increment of disp= 1.723783e-03
 largest correction to disp= 1.078498e-04 in node 269 and dof 2

 no convergence

 iteration 3

 Number of contact spring elements=4469

 Using up to 2 cpu(s) for the stress calculation.

 Using up to 2 cpu(s) for the symmetric stiffness/mass contributions.

 Using up to 2 cpu(s) for the asymmetric stiffness/mass contributions.

 Factoring the system of equations using the unsymmetric spooles solver
 Using up to 2 cpu(s) for spooles.

 Using up to 2 cpu(s) for the stress calculation.

line search factor=0.530095

 Using up to 2 cpu(s) for the stress calculation.

 average force= 0.010600
 time avg. forc= 0.010600
 largest residual force= 0.012963 in node 31245 and dof 2
 largest increment of disp= 1.723783e-03
 largest correction to disp= 1.648722e-04 in node 301 and dof 2

 no convergence

 iteration 4

 Number of contact spring elements=4697

 Using up to 2 cpu(s) for the stress calculation.

 Using up to 2 cpu(s) for the symmetric stiffness/mass contributions.

 Using up to 2 cpu(s) for the asymmetric stiffness/mass contributions.

 Factoring the system of equations using the unsymmetric spooles solver
 Using up to 2 cpu(s) for spooles.

 Using up to 2 cpu(s) for the stress calculation.

line search factor=0.250000

 Using up to 2 cpu(s) for the stress calculation.

 average force= 0.010565
 time avg. forc= 0.010565
 largest residual force= 0.030180 in node 34567 and dof 3
 largest increment of disp= 1.723783e-03
 largest correction to disp= 2.225035e-04 in node 1867 and dof 2

 no convergence

 iteration 5

 Number of contact spring elements=4125

 Using up to 2 cpu(s) for the stress calculation.

 Using up to 2 cpu(s) for the symmetric stiffness/mass contributions.

 Using up to 2 cpu(s) for the asymmetric stiffness/mass contributions.

 Factoring the system of equations using the unsymmetric spooles solver
 Using up to 2 cpu(s) for spooles.

 Using up to 2 cpu(s) for the stress calculation.

line search factor=0.250000

 Using up to 2 cpu(s) for the stress calculation.

 average force= 0.010767
 time avg. forc= 0.010767
 largest residual force= 0.026615 in node 33570 and dof 3
 largest increment of disp= 1.723783e-03
 largest correction to disp= 2.576337e-04 in node 163 and dof 2

 no convergence

 iteration 6

 Number of contact spring elements=3558

 Using up to 2 cpu(s) for the stress calculation.

 Using up to 2 cpu(s) for the symmetric stiffness/mass contributions.

 Using up to 2 cpu(s) for the asymmetric stiffness/mass contributions.

 Factoring the system of equations using the unsymmetric spooles solver
 Using up to 2 cpu(s) for spooles.

 Using up to 2 cpu(s) for the stress calculation.

line search factor=0.250000

 Using up to 2 cpu(s) for the stress calculation.

 average force= 0.010981
 time avg. forc= 0.010981
 largest residual force= 0.023517 in node 33570 and dof 3
 largest increment of disp= 1.723783e-03
 largest correction to disp= 2.905496e-04 in node 1866 and dof 2

 no convergence

 iteration 7

 Number of contact spring elements=3128

 Using up to 2 cpu(s) for the stress calculation.

 Using up to 2 cpu(s) for the symmetric stiffness/mass contributions.

 Using up to 2 cpu(s) for the asymmetric stiffness/mass contributions.

 Factoring the system of equations using the unsymmetric spooles solver
 Using up to 2 cpu(s) for spooles.

 Using up to 2 cpu(s) for the stress calculation.

line search factor=0.250000

 Using up to 2 cpu(s) for the stress calculation.

 average force= 0.011159
 time avg. forc= 0.011159
 largest residual force= 0.018069 in node 33556 and dof 3
 largest increment of disp= 1.723783e-03
 largest correction to disp= 2.799604e-04 in node 163 and dof 2

 no convergence

 iteration 8

 Number of contact spring elements=2709

 Using up to 2 cpu(s) for the stress calculation.

 Using up to 2 cpu(s) for the symmetric stiffness/mass contributions.

 Using up to 2 cpu(s) for the asymmetric stiffness/mass contributions.

 Factoring the system of equations using the unsymmetric spooles solver
 Using up to 2 cpu(s) for spooles.

 Using up to 2 cpu(s) for the stress calculation.

line search factor=0.250000

 Using up to 2 cpu(s) for the stress calculation.

 average force= 0.011334
 time avg. forc= 0.011334
 largest residual force= 0.013901 in node 33570 and dof 3
 largest increment of disp= 1.723783e-03
 largest correction to disp= 2.623659e-04 in node 1866 and dof 2

 no convergence

 iteration 9

 Number of contact spring elements=2390

 Using up to 2 cpu(s) for the stress calculation.

 Using up to 2 cpu(s) for the symmetric stiffness/mass contributions.

 Using up to 2 cpu(s) for the asymmetric stiffness/mass contributions.

 Factoring the system of equations using the unsymmetric spooles solver
 Using up to 2 cpu(s) for spooles.

 Using up to 2 cpu(s) for the stress calculation.

line search factor=0.250000

 Using up to 2 cpu(s) for the stress calculation.

 average force= 0.011473
 time avg. forc= 0.011473
 largest residual force= 0.012872 in node 28518 and dof 3
 largest increment of disp= 1.723783e-03
 largest correction to disp= 2.349152e-04 in node 1866 and dof 2

 no convergence

 iteration 10

 Number of contact spring elements=2143

 Using up to 2 cpu(s) for the stress calculation.

 Using up to 2 cpu(s) for the symmetric stiffness/mass contributions.

 Using up to 2 cpu(s) for the asymmetric stiffness/mass contributions.

 Factoring the system of equations using the unsymmetric spooles solver
 Using up to 2 cpu(s) for spooles.

 Using up to 2 cpu(s) for the stress calculation.

line search factor=0.250000

 Using up to 2 cpu(s) for the stress calculation.

 average force= 0.011586
 time avg. forc= 0.011586
 largest residual force= 0.011153 in node 28518 and dof 3
 largest increment of disp= 1.723783e-03
 largest correction to disp= 2.043648e-04 in node 1866 and dof 2

