SUMMARY OF C0NVERGENCE INFORMATION
  STEP   INC  ATT   ITER     CONT.   RESID.        CORR.      RESID.      CORR.
                              EL.    FORCE         DISP       FLUX        TEMP.
                              (#)     (%)           (%)        (%)         (%)
     1     1     1     1    10290  0.3082E+03  0.1000E+03  0.0000E+00  0.0000E+00
     1     1     1     2     6637  0.5061E+03  0.3769E+00  0.0000E+00  0.0000E+00
     1     1     1     3     5461  0.6371E+03  0.9243E+00  0.0000E+00  0.0000E+00
     1     1     1     4     4792  0.3677E+03  0.4327E+01  0.0000E+00  0.0000E+00
     1     1     1     5     4075  0.2913E+03  0.7104E+01  0.0000E+00  0.0000E+00
     1     1     1     6     3413  0.5022E+03  0.7653E+01  0.0000E+00  0.0000E+00
     1     1     1     7     3031  0.6112E+03  0.7329E+01  0.0000E+00  0.0000E+00
     1     1     1     8     2730  0.6748E+03  0.7000E+01  0.0000E+00  0.0000E+00
     1     1     1     9     2491  0.7770E+03  0.7941E+01  0.0000E+00  0.0000E+00
     1     1     1    10     2329  0.1091E+04  0.1178E+02  0.0000E+00  0.0000E+00
     1     1     1    11     2183  0.1269E+04  0.1725E+02  0.0000E+00  0.0000E+00
     1     1     1    12     1915  0.1855E+04  0.1939E+02  0.0000E+00  0.0000E+00
     1     1     2     1    10290  0.3649E+03  0.1000E+03  0.0000E+00  0.0000E+00
     1     1     2     2     6071  0.1899E+03  0.6257E+01  0.0000E+00  0.0000E+00
     1     1     2     3     4469  0.1223E+03  0.9565E+01  0.0000E+00  0.0000E+00
     1     1     2     4     4697  0.2856E+03  0.1291E+02  0.0000E+00  0.0000E+00
     1     1     2     5     4125  0.2472E+03  0.1495E+02  0.0000E+00  0.0000E+00
     1     1     2     6     3558  0.2142E+03  0.1686E+02  0.0000E+00  0.0000E+00
     1     1     2     7     3128  0.1620E+03  0.1624E+02  0.0000E+00  0.0000E+00
     1     1     2     8     2709  0.1227E+03  0.1522E+02  0.0000E+00  0.0000E+00
     1     1     2     9     2390  0.1123E+03  0.1363E+02  0.0000E+00  0.0000E+00
     1     1     2    10     2143  0.9634E+02  0.1186E+02  0.0000E+00  0.0000E+00
     1     1     2    11     1969  0.7546E+02  0.1015E+02  0.0000E+00  0.0000E+00
     1     1     2    12     1860  0.5631E+02  0.8413E+01  0.0000E+00  0.0000E+00
     1     1     3     1    10290  0.3649E+03  0.1000E+03  0.0000E+00  0.0000E+00
     1     1     3     2     6071  0.1899E+03  0.6257E+01  0.0000E+00  0.0000E+00
     1     1     3     3     4469  0.1223E+03  0.9565E+01  0.0000E+00  0.0000E+00
     1     1     3     4     4697  0.2856E+03  0.1291E+02  0.0000E+00  0.0000E+00
     1     1     3     5     4125  0.2472E+03  0.1495E+02  0.0000E+00  0.0000E+00
     1     1     3     6     3558  0.2142E+03  0.1686E+02  0.0000E+00  0.0000E+00
     1     1     3     7     3128  0.1619E+03  0.1624E+02  0.0000E+00  0.0000E+00
     1     1     3     8     2709  0.1227E+03  0.1522E+02  0.0000E+00  0.0000E+00
     1     1     3     9     2390  0.1122E+03  0.1363E+02  0.0000E+00  0.0000E+00
     1     1     3    10     2143  0.9630E+02  0.1186E+02  0.0000E+00  0.0000E+00
     1     1     3    11     1969  0.7542E+02  0.1015E+02  0.0000E+00  0.0000E+00
     1     1     3    12     1860  0.5629E+02  0.8412E+01  0.0000E+00  0.0000E+00
     1     1     4     1    10290  0.3649E+03  0.1000E+03  0.0000E+00  0.0000E+00
     1     1     4     2     6071  0.1899E+03  0.6257E+01  0.0000E+00  0.0000E+00
     1     1     4     3     4469  0.1223E+03  0.9565E+01  0.0000E+00  0.0000E+00
     1     1     4     4     4697  0.2856E+03  0.1291E+02  0.0000E+00  0.0000E+00
     1     1     4     5     4125  0.2472E+03  0.1495E+02  0.0000E+00  0.0000E+00
     1     1     4     6     3558  0.2142E+03  0.1686E+02  0.0000E+00  0.0000E+00
     1     1     4     7     3128  0.1619E+03  0.1624E+02  0.0000E+00  0.0000E+00
     1     1     4     8     2709  0.1227E+03  0.1522E+02  0.0000E+00  0.0000E+00
     1     1     4     9     2390  0.1122E+03  0.1363E+02  0.0000E+00  0.0000E+00
     1     1     4    10     2143  0.9627E+02  0.1186E+02  0.0000E+00  0.0000E+00
     1     1     4    11     1969  0.7540E+02  0.1015E+02  0.0000E+00  0.0000E+00
     1     1     4    12     1860  0.5627E+02  0.8411E+01  0.0000E+00  0.0000E+00
     1     1     5     1    10290  0.3649E+03  0.1000E+03  0.0000E+00  0.0000E+00
     1     1     5     2     6071  0.1899E+03  0.6257E+01  0.0000E+00  0.0000E+00
     1     1     5     3     4469  0.1223E+03  0.9565E+01  0.0000E+00  0.0000E+00
     1     1     5     4     4697  0.2857E+03  0.1291E+02  0.0000E+00  0.0000E+00
     1     1     5     5     4125  0.2472E+03  0.1495E+02  0.0000E+00  0.0000E+00
     1     1     5     6     3558  0.2142E+03  0.1686E+02  0.0000E+00  0.0000E+00
     1     1     5     7     3128  0.1619E+03  0.1624E+02  0.0000E+00  0.0000E+00
     1     1     5     8     2709  0.1227E+03  0.1522E+02  0.0000E+00  0.0000E+00
     1     1     5     9     2390  0.1122E+03  0.1363E+02  0.0000E+00  0.0000E+00
     1     1     5    10     2143  0.9626E+02  0.1186E+02  0.0000E+00  0.0000E+00
