SUMMARY OF C0NVERGENCE INFORMATION
  STEP   INC  ATT   ITER     CONT.   RESID.        CORR.      RESID.      CORR.
                              EL.    FORCE         DISP       FLUX        TEMP.
                              (#)     (%)           (%)        (%)         (%)
     1     1     1     1    10290  0.2354E+03  0.1000E+03  0.0000E+00  0.0000E+00
     1     1     1     2     6637  0.3401E+03  0.2653E+00  0.0000E+00  0.0000E+00
     1     1     1     3     5579  0.3169E+03  0.2955E+00  0.0000E+00  0.0000E+00
     1     1     1     4     5065  0.3205E+03  0.4142E+00  0.0000E+00  0.0000E+00
     1     1     1     5     4704  0.2924E+03  0.5315E+00  0.0000E+00  0.0000E+00
     1     1     1     6     4338  0.2705E+03  0.6014E+00  0.0000E+00  0.0000E+00
     1     1     1     7     4007  0.2554E+03  0.6406E+00  0.0000E+00  0.0000E+00
     1     1     1     8     3680  0.2374E+03  0.8205E+00  0.0000E+00  0.0000E+00
     1     1     1     9     3371  0.2157E+03  0.2471E+01  0.0000E+00  0.0000E+00
     1     1     1    10     3081  0.1840E+03  0.2966E+01  0.0000E+00  0.0000E+00
     1     1     1    11     2773  0.1568E+03  0.3424E+01  0.0000E+00  0.0000E+00
     1     1     1    12     2529  0.2155E+03  0.3658E+01  0.0000E+00  0.0000E+00
     1     1     1    13     2290  0.3018E+03  0.4174E+01  0.0000E+00  0.0000E+00
     1     1     1    14     2081  0.3793E+03  0.6321E+01  0.0000E+00  0.0000E+00
     1     1     1    15     1891  0.8013E+03  0.9846E+01  0.0000E+00  0.0000E+00
     1     1     1    16     1698  0.9679E+03  0.1212E+02  0.0000E+00  0.0000E+00
     1     1     1    17     1532  0.1029E+04  0.1270E+02  0.0000E+00  0.0000E+00
     1     1     1    18     1411  0.8200E+03  0.1110E+02  0.0000E+00  0.0000E+00
     1     1     1    19     1279  0.6104E+03  0.8674E+01  0.0000E+00  0.0000E+00
     1     1     1    20     1168  0.4550E+03  0.7217E+01  0.0000E+00  0.0000E+00
