SUMMARY OF C0NVERGENCE INFORMATION
  STEP   INC  ATT   ITER     CONT.   RESID.        CORR.      RESID.      CORR.
                              EL.    FORCE         DISP       FLUX        TEMP.
                              (#)     (%)           (%)        (%)         (%)
     1     1     1     1    10290  0.2826E+03  0.1000E+03  0.0000E+00  0.0000E+00
     1     1     1     2     6204  0.2483E+03  0.9327E+00  0.0000E+00  0.0000E+00
     1     1     1     3     4859  0.1758E+03  0.1077E+01  0.0000E+00  0.0000E+00
     1     1     1     4     4105  0.1812E+03  0.1346E+01  0.0000E+00  0.0000E+00
     1     1     1     5     3594  0.1539E+03  0.1556E+01  0.0000E+00  0.0000E+00
     1     1     1     6     3234  0.1243E+03  0.1690E+01  0.0000E+00  0.0000E+00
     1     1     1     7     2927  0.9280E+02  0.1983E+01  0.0000E+00  0.0000E+00
     1     1     1     8     2662  0.8358E+02  0.2405E+01  0.0000E+00  0.0000E+00
     1     1     1     9     2416  0.9789E+02  0.4494E+01  0.0000E+00  0.0000E+00
     1     1     1    10     2207  0.1261E+03  0.1028E+02  0.0000E+00  0.0000E+00
     1     1     1    11     1962  0.1704E+03  0.1154E+02  0.0000E+00  0.0000E+00
     1     1     1    12     1756  0.2340E+03  0.1161E+02  0.0000E+00  0.0000E+00
     1     1     1    13     1593  0.1807E+03  0.1056E+02  0.0000E+00  0.0000E+00
     1     1     1    14     1469  0.1346E+03  0.8941E+01  0.0000E+00  0.0000E+00
     1     1     1    15     1362  0.1234E+03  0.7482E+01  0.0000E+00  0.0000E+00
     1     1     1    16     1280  0.1380E+03  0.6174E+01  0.0000E+00  0.0000E+00
