SUMMARY OF C0NVERGENCE INFORMATION
  STEP   INC  ATT   ITER     CONT.   RESID.        CORR.      RESID.      CORR.
                              EL.    FORCE         DISP       FLUX        TEMP.
                              (#)     (%)           (%)        (%)         (%)
     1     1     1     1    10290  0.3082E+03  0.1000E+03  0.0000E+00  0.0000E+00
     1     1     1     2     6637  0.5061E+03  0.3769E+00  0.0000E+00  0.0000E+00
     1     1     1     3     5461  0.6371E+03  0.9243E+00  0.0000E+00  0.0000E+00
     1     1     1     4     4792  0.3677E+03  0.4327E+01  0.0000E+00  0.0000E+00
     1     1     1     5     4075  0.2913E+03  0.7104E+01  0.0000E+00  0.0000E+00
     1     1     1     6     3413  0.5022E+03  0.7653E+01  0.0000E+00  0.0000E+00
     1     1     1     7     3031  0.6112E+03  0.7329E+01  0.0000E+00  0.0000E+00
     1     1     1     8     2730  0.6748E+03  0.7000E+01  0.0000E+00  0.0000E+00
     1     1     1     9     2491  0.7770E+03  0.7941E+01  0.0000E+00  0.0000E+00
     1     1     1    10     2329  0.1091E+04  0.1178E+02  0.0000E+00  0.0000E+00
     1     1     1    11     2183  0.1269E+04  0.1725E+02  0.0000E+00  0.0000E+00
     1     1     1    12     1915  0.1855E+04  0.1939E+02  0.0000E+00  0.0000E+00
     1     1     1    13     1669  0.1374E+04  0.1704E+02  0.0000E+00  0.0000E+00
     1     1     1    14     1449  0.1019E+04  0.1480E+02  0.0000E+00  0.0000E+00
     1     1     1    15     1268  0.7573E+03  0.1315E+02  0.0000E+00  0.0000E+00
     1     1     1    16     1131  0.6828E+03  0.1166E+02  0.0000E+00  0.0000E+00
     1     1     1    17     1025  0.5121E+03  0.1010E+02  0.0000E+00  0.0000E+00
     1     1     1    18      946  0.4939E+03  0.8834E+01  0.0000E+00  0.0000E+00
     1     1     1    19      881  0.6512E+03  0.7710E+01  0.0000E+00  0.0000E+00
     1     1     1    20      757  0.1137E+04  0.2776E+01  0.0000E+00  0.0000E+00
     1     1     1    21      721  0.7815E+03  0.4596E+01  0.0000E+00  0.0000E+00
     1     1     1    22      667  0.6135E+03  0.1109E+02  0.0000E+00  0.0000E+00
     1     1     1    23      661  0.9351E+03  0.1877E+02  0.0000E+00  0.0000E+00
     1     1     1    24      654  0.8003E+03  0.1605E+02  0.0000E+00  0.0000E+00
